          <idle>-0       [003] dNh2.   810.042391: sched_wakeup: comm=brcmf_wdog/mmc1 pid=507 prio=120 target_cpu=003
          <idle>-0       [003] d..2.   810.042398: sched_switch: prev_comm=swapper/3 prev_pid=0 prev_prio=120 prev_state=R ==> next_comm=brcmf_wdog/mmc1 next_pid=507 next_prio=120
 brcmf_wdog/mmc1-507     [003] d..2.   810.042406: sched_switch: prev_comm=brcmf_wdog/mmc1 prev_pid=507 prev_prio=120 prev_state=S ==> next_comm=swapper/3 next_pid=0 next_prio=120
          <idle>-0       [003] dNh2.   810.058380: sched_wakeup: comm=brcmf_wdog/mmc1 pid=507 prio=120 target_cpu=003
          <idle>-0       [003] d..2.   810.058387: sched_switch: prev_comm=swapper/3 prev_pid=0 prev_prio=120 prev_state=R ==> next_comm=brcmf_wdog/mmc1 next_pid=507 next_prio=120
 brcmf_wdog/mmc1-507     [003] d..2.   810.058403: sched_switch: prev_comm=brcmf_wdog/mmc1 prev_pid=507 prev_prio=120 prev_state=D ==> next_comm=swapper/3 next_pid=0 next_prio=120
          <idle>-0       [003] dNh2.   810.058416: sched_wakeup: comm=brcmf_wdog/mmc1 pid=507 prio=120 target_cpu=003
          <idle>-0       [003] d..2.   810.058423: sched_switch: prev_comm=swapper/3 prev_pid=0 prev_prio=120 prev_state=R ==> next_comm=brcmf_wdog/mmc1 next_pid=507 next_prio=120
 brcmf_wdog/mmc1-507     [003] d..2.   810.058435: sched_switch: prev_comm=brcmf_wdog/mmc1 prev_pid=507 prev_prio=120 prev_state=D ==> next_comm=swapper/3 next_pid=0 next_prio=120
          <idle>-0       [003] dNh2.   810.058446: sched_wakeup: comm=brcmf_wdog/mmc1 pid=507 prio=120 target_cpu=003
          <idle>-0       [003] d..2.   810.058453: sched_switch: prev_comm=swapper/3 prev_pid=0 prev_prio=120 prev_state=R ==> next_comm=brcmf_wdog/mmc1 next_pid=507 next_prio=120
 brcmf_wdog/mmc1-507     [003] d..2.   810.058464: sched_switch: prev_comm=brcmf_wdog/mmc1 prev_pid=507 prev_prio=120 prev_state=D ==> next_comm=swapper/3 next_pid=0 next_prio=120
          <idle>-0       [003] dNh2.   810.058475: sched_wakeup: comm=brcmf_wdog/mmc1 pid=507 prio=120 target_cpu=003
          <idle>-0       [003] d..2.   810.058482: sched_switch: prev_comm=swapper/3 prev_pid=0 prev_prio=120 prev_state=R ==> next_comm=brcmf_wdog/mmc1 next_pid=507 next_prio=120
 brcmf_wdog/mmc1-507     [003] d..2.   810.058490: sched_switch: prev_comm=brcmf_wdog/mmc1 prev_pid=507 prev_prio=120 prev_state=S ==> next_comm=swapper/3 next_pid=0 next_prio=120
          <idle>-0       [002] dNs4.   810.090386: sched_wakeup: comm=kcompactd0 pid=42 prio=120 target_cpu=002
          <idle>-0       [002] d..2.   810.090403: sched_switch: prev_comm=swapper/2 prev_pid=0 prev_prio=120 prev_state=R ==> next_comm=kcompactd0 next_pid=42 next_prio=120
      kcompactd0-42      [002] d..2.   810.090418: sched_switch: prev_comm=kcompactd0 prev_pid=42 prev_prio=120 prev_state=S ==> next_comm=swapper/2 next_pid=0 next_prio=120
          <idle>-0       [002] dNs5.   810.250384: sched_wakeup: comm=kworker/2:0 pid=914 prio=120 target_cpu=002
          <idle>-0       [002] d..2.   810.250402: sched_switch: prev_comm=swapper/2 prev_pid=0 prev_prio=120 prev_state=R ==> next_comm=kworker/2:0 next_pid=914 next_prio=120
     kworker/2:0-914     [002] d.h3.   810.250432: sched_wakeup: comm=kworker/2:0 pid=914 prio=120 target_cpu=002
     kworker/2:0-914     [002] d..4.   810.250448: sched_wakeup: comm=kworker/2:1 pid=947 prio=120 target_cpu=002
          <idle>-0       [000] d.h5.   810.250451: sched_wakeup: comm=kworker/2:0 pid=914 prio=120 target_cpu=002
     kworker/2:0-914     [002] d..2.   810.250456: sched_switch: prev_comm=kworker/2:0 prev_pid=914 prev_prio=120 prev_state=R ==> next_comm=kworker/2:1 next_pid=947 next_prio=120
     kworker/2:1-947     [002] d..2.   810.250471: sched_switch: prev_comm=kworker/2:1 prev_pid=947 prev_prio=120 prev_state=I ==> next_comm=kworker/2:0 next_pid=914 next_prio=120
     kworker/2:0-914     [002] d..2.   810.250490: sched_switch: prev_comm=kworker/2:0 prev_pid=914 prev_prio=120 prev_state=I ==> next_comm=swapper/2 next_pid=0 next_prio=120
          <idle>-0       [001] dNs5.   810.442389: sched_wakeup: comm=kworker/1:2 pid=941 prio=120 target_cpu=001
          <idle>-0       [001] d..2.   810.442413: sched_switch: prev_comm=swapper/1 prev_pid=0 prev_prio=120 prev_state=R ==> next_comm=kworker/1:2 next_pid=941 next_prio=120
     kworker/1:2-941     [001] d..2.   810.442435: sched_switch: prev_comm=kworker/1:2 prev_pid=941 prev_prio=120 prev_state=I ==> next_comm=swapper/1 next_pid=0 next_prio=120
          <idle>-0       [002] dNs4.   810.602385: sched_wakeup: comm=kcompactd0 pid=42 prio=120 target_cpu=002
          <idle>-0       [002] dNH7.   810.602391: sched_wakeup: comm=kworker/2:0 pid=914 prio=120 target_cpu=002
          <idle>-0       [002] d..2.   810.602411: sched_switch: prev_comm=swapper/2 prev_pid=0 prev_prio=120 prev_state=R ==> next_comm=kcompactd0 next_pid=42 next_prio=120
      kcompactd0-42      [002] d..2.   810.602421: sched_switch: prev_comm=kcompactd0 prev_pid=42 prev_prio=120 prev_state=S ==> next_comm=kworker/2:0 next_pid=914 next_prio=120
     kworker/2:0-914     [002] d..2.   810.602435: sched_switch: prev_comm=kworker/2:0 prev_pid=914 prev_prio=120 prev_state=I ==> next_comm=swapper/2 next_pid=0 next_prio=120
          <idle>-0       [000] dNs5.   810.698387: sched_wakeup: comm=kworker/0:2 pid=940 prio=120 target_cpu=000
          <idle>-0       [000] d..2.   810.698401: sched_switch: prev_comm=swapper/0 prev_pid=0 prev_prio=120 prev_state=R ==> next_comm=kworker/0:2 next_pid=940 next_prio=120
     kworker/0:2-940     [000] d..2.   810.698428: sched_switch: prev_comm=kworker/0:2 prev_pid=940 prev_prio=120 prev_state=D ==> next_comm=swapper/0 next_pid=0 next_prio=120
          <idle>-0       [000] dNh5.   810.698442: sched_wakeup: comm=kworker/0:2 pid=940 prio=120 target_cpu=000
          <idle>-0       [000] d..2.   810.698448: sched_switch: prev_comm=swapper/0 prev_pid=0 prev_prio=120 prev_state=R ==> next_comm=kworker/0:2 next_pid=940 next_prio=120
     kworker/0:2-940     [000] d..2.   810.698460: sched_switch: prev_comm=kworker/0:2 prev_pid=940 prev_prio=120 prev_state=I ==> next_comm=swapper/0 next_pid=0 next_prio=120
          <idle>-0       [001] dNs5.   810.826389: sched_wakeup: comm=kworker/1:2 pid=941 prio=120 target_cpu=001
          <idle>-0       [001] d..2.   810.826409: sched_switch: prev_comm=swapper/1 prev_pid=0 prev_prio=120 prev_state=R ==> next_comm=kworker/1:2 next_pid=941 next_prio=120
     kworker/1:2-941     [001] d..4.   810.826425: sched_wakeup: comm=kworker/1:1 pid=48 prio=120 target_cpu=001
     kworker/1:2-941     [001] d..2.   810.826430: sched_switch: prev_comm=kworker/1:2 prev_pid=941 prev_prio=120 prev_state=D ==> next_comm=kworker/1:1 next_pid=48 next_prio=120
     kworker/1:1-48      [001] d.h2.   810.826438: sched_wakeup: comm=kworker/1:2 pid=941 prio=120 target_cpu=001
     kworker/1:1-48      [001] d..2.   810.826448: sched_switch: prev_comm=kworker/1:1 prev_pid=48 prev_prio=120 prev_state=I ==> next_comm=kworker/1:2 next_pid=941 next_prio=120
     kworker/1:2-941     [001] d..2.   810.826464: sched_switch: prev_comm=kworker/1:2 prev_pid=941 prev_prio=120 prev_state=D ==> next_comm=swapper/1 next_pid=0 next_prio=120
          <idle>-0       [001] dNh2.   810.826470: sched_wakeup: comm=kworker/1:2 pid=941 prio=120 target_cpu=001
          <idle>-0       [001] d..2.   810.826474: sched_switch: prev_comm=swapper/1 prev_pid=0 prev_prio=120 prev_state=R ==> next_comm=kworker/1:2 next_pid=941 next_prio=120
     kworker/1:2-941     [001] d..2.   810.826485: sched_switch: prev_comm=kworker/1:2 prev_pid=941 prev_prio=120 prev_state=D ==> next_comm=swapper/1 next_pid=0 next_prio=120
          <idle>-0       [001] dNh2.   810.826494: sched_wakeup: comm=kworker/1:2 pid=941 prio=120 target_cpu=001
          <idle>-0       [001] d..2.   810.826499: sched_switch: prev_comm=swapper/1 prev_pid=0 prev_prio=120 prev_state=R ==> next_comm=kworker/1:2 next_pid=941 next_prio=120
     kworker/1:2-941     [001] d..2.   810.826510: sched_switch: prev_comm=kworker/1:2 prev_pid=941 prev_prio=120 prev_state=D ==> next_comm=swapper/1 next_pid=0 next_prio=120
          <idle>-0       [001] dNh2.   810.826522: sched_wakeup: comm=kworker/1:2 pid=941 prio=120 target_cpu=001
          <idle>-0       [001] d..2.   810.826529: sched_switch: prev_comm=swapper/1 prev_pid=0 prev_prio=120 prev_state=R ==> next_comm=kworker/1:2 next_pid=941 next_prio=120
     kworker/1:2-941     [001] d..2.   810.826542: sched_switch: prev_comm=kworker/1:2 prev_pid=941 prev_prio=120 prev_state=D ==> next_comm=swapper/1 next_pid=0 next_prio=120
          <idle>-0       [001] dNh2.   810.826552: sched_wakeup: comm=kworker/1:2 pid=941 prio=120 target_cpu=001
          <idle>-0       [001] d..2.   810.826559: sched_switch: prev_comm=swapper/1 prev_pid=0 prev_prio=120 prev_state=R ==> next_comm=kworker/1:2 next_pid=941 next_prio=120
     kworker/1:2-941     [001] d..2.   810.826569: sched_switch: prev_comm=kworker/1:2 prev_pid=941 prev_prio=120 prev_state=I ==> next_comm=swapper/1 next_pid=0 next_prio=120
          <idle>-0       [002] dNs4.   811.114393: sched_wakeup: comm=kcompactd0 pid=42 prio=120 target_cpu=002
          <idle>-0       [002] dNH7.   811.114399: sched_wakeup: comm=kworker/2:0 pid=914 prio=120 target_cpu=002
          <idle>-0       [002] d..2.   811.114413: sched_switch: prev_comm=swapper/2 prev_pid=0 prev_prio=120 prev_state=R ==> next_comm=kcompactd0 next_pid=42 next_prio=120
      kcompactd0-42      [002] d..2.   811.114423: sched_switch: prev_comm=kcompactd0 prev_pid=42 prev_prio=120 prev_state=S ==> next_comm=kworker/2:0 next_pid=914 next_prio=120
     kworker/2:0-914     [002] d..2.   811.114436: sched_switch: prev_comm=kworker/2:0 prev_pid=914 prev_prio=120 prev_state=I ==> next_comm=swapper/2 next_pid=0 next_prio=120
          <idle>-0       [001] dNs5.   811.466398: sched_wakeup: comm=kworker/1:2 pid=941 prio=120 target_cpu=001
          <idle>-0       [001] d..2.   811.466417: sched_switch: prev_comm=swapper/1 prev_pid=0 prev_prio=120 prev_state=R ==> next_comm=kworker/1:2 next_pid=941 next_prio=120
     kworker/1:2-941     [001] d..2.   811.466432: sched_switch: prev_comm=kworker/1:2 prev_pid=941 prev_prio=120 prev_state=I ==> next_comm=swapper/1 next_pid=0 next_prio=120
          <idle>-0       [002] dNs5.   811.498398: sched_wakeup: comm=kworker/u8:1 pid=942 prio=120 target_cpu=002
          <idle>-0       [002] d..2.   811.498411: sched_switch: prev_comm=swapper/2 prev_pid=0 prev_prio=120 prev_state=R ==> next_comm=kworker/u8:1 next_pid=942 next_prio=120
    kworker/u8:1-942     [002] dN.4.   811.498676: sched_wakeup: comm=kworker/2:1H pid=124 prio=100 target_cpu=002
    kworker/u8:1-942     [002] d..2.   811.498685: sched_switch: prev_comm=kworker/u8:1 prev_pid=942 prev_prio=120 prev_state=R+ ==> next_comm=kworker/2:1H next_pid=124 next_prio=100
    kworker/2:1H-124     [002] d..2.   811.498766: sched_switch: prev_comm=kworker/2:1H prev_pid=124 prev_prio=100 prev_state=I ==> next_comm=kworker/u8:1 next_pid=942 next_prio=120
    kworker/u8:1-942     [002] d..2.   811.498789: sched_switch: prev_comm=kworker/u8:1 prev_pid=942 prev_prio=120 prev_state=I ==> next_comm=swapper/2 next_pid=0 next_prio=120
          <idle>-0       [000] dNh5.   811.501133: sched_wakeup: comm=kworker/0:2H pid=168 prio=100 target_cpu=000
          <idle>-0       [000] d..2.   811.501143: sched_switch: prev_comm=swapper/0 prev_pid=0 prev_prio=120 prev_state=R ==> next_comm=kworker/0:2H next_pid=168 next_prio=100
    kworker/0:2H-168     [000] d..2.   811.501161: sched_switch: prev_comm=kworker/0:2H prev_pid=168 prev_prio=100 prev_state=D ==> next_comm=swapper/0 next_pid=0 next_prio=120
          <idle>-0       [000] dNh5.   811.501172: sched_wakeup: comm=kworker/0:2H pid=168 prio=100 target_cpu=000
          <idle>-0       [000] d..2.   811.501177: sched_switch: prev_comm=swapper/0 prev_pid=0 prev_prio=120 prev_state=R ==> next_comm=kworker/0:2H next_pid=168 next_prio=100
          <idle>-0       [002] dNh2.   811.501201: sched_wakeup: comm=kworker/u8:1 pid=942 prio=120 target_cpu=002
    kworker/0:2H-168     [000] d..2.   811.501209: sched_switch: prev_comm=kworker/0:2H prev_pid=168 prev_prio=100 prev_state=I ==> next_comm=swapper/0 next_pid=0 next_prio=120
          <idle>-0       [002] d..2.   811.501211: sched_switch: prev_comm=swapper/2 prev_pid=0 prev_prio=120 prev_state=R ==> next_comm=kworker/u8:1 next_pid=942 next_prio=120
    kworker/u8:1-942     [002] d..2.   811.501270: sched_switch: prev_comm=kworker/u8:1 prev_pid=942 prev_prio=120 prev_state=I ==> next_comm=swapper/2 next_pid=0 next_prio=120
          <idle>-0       [002] dNs4.   811.626404: sched_wakeup: comm=kcompactd0 pid=42 prio=120 target_cpu=002
          <idle>-0       [002] dNH7.   811.626411: sched_wakeup: comm=kworker/2:0 pid=914 prio=120 target_cpu=002
          <idle>-0       [002] dNs5.   811.626420: sched_wakeup: comm=kworker/u8:1 pid=942 prio=120 target_cpu=002
          <idle>-0       [002] d..2.   811.626435: sched_switch: prev_comm=swapper/2 prev_pid=0 prev_prio=120 prev_state=R ==> next_comm=kcompactd0 next_pid=42 next_prio=120
      kcompactd0-42      [002] d..2.   811.626446: sched_switch: prev_comm=kcompactd0 prev_pid=42 prev_prio=120 prev_state=S ==> next_comm=kworker/2:0 next_pid=914 next_prio=120
     kworker/2:0-914     [002] d..2.   811.626456: sched_switch: prev_comm=kworker/2:0 prev_pid=914 prev_prio=120 prev_state=I ==> next_comm=kworker/u8:1 next_pid=942 next_prio=120
    kworker/u8:1-942     [002] d..2.   811.626481: sched_switch: prev_comm=kworker/u8:1 prev_pid=942 prev_prio=120 prev_state=I ==> next_comm=swapper/2 next_pid=0 next_prio=120
          <idle>-0       [002] dNs5.   811.702402: sched_wakeup: comm=kworker/u8:1 pid=942 prio=120 target_cpu=002
          <idle>-0       [002] d..2.   811.702415: sched_switch: prev_comm=swapper/2 prev_pid=0 prev_prio=120 prev_state=R ==> next_comm=kworker/u8:1 next_pid=942 next_prio=120
    kworker/u8:1-942     [002] d..2.   811.702424: sched_switch: prev_comm=kworker/u8:1 prev_pid=942 prev_prio=120 prev_state=I ==> next_comm=swapper/2 next_pid=0 next_prio=120
          <idle>-0       [000] dNs5.   811.722405: sched_wakeup: comm=kworker/0:2 pid=940 prio=120 target_cpu=000
          <idle>-0       [000] d..2.   811.722422: sched_switch: prev_comm=swapper/0 prev_pid=0 prev_prio=120 prev_state=R ==> next_comm=kworker/0:2 next_pid=940 next_prio=120
     kworker/0:2-940     [000] dN.4.   811.722442: sched_wakeup: comm=kworker/0:1 pid=910 prio=120 target_cpu=000
     kworker/0:2-940     [000] dNh3.   811.722450: sched_wakeup: comm=kworker/0:2 pid=940 prio=120 target_cpu=000
     kworker/0:2-940     [000] d..2.   811.722457: sched_switch: prev_comm=kworker/0:2 prev_pid=940 prev_prio=120 prev_state=R+ ==> next_comm=kworker/0:1 next_pid=910 next_prio=120
          <idle>-0       [002] dNh2.   811.722480: sched_wakeup: comm=kworker/2:0 pid=914 prio=120 target_cpu=002
     kworker/0:1-910     [000] d..2.   811.722482: sched_switch: prev_comm=kworker/0:1 prev_pid=910 prev_prio=120 prev_state=I ==> next_comm=kworker/0:2 next_pid=940 next_prio=120
          <idle>-0       [002] d..2.   811.722488: sched_switch: prev_comm=swapper/2 prev_pid=0 prev_prio=120 prev_state=R ==> next_comm=kworker/2:0 next_pid=914 next_prio=120
     kworker/0:2-940     [000] d..2.   811.722499: sched_switch: prev_comm=kworker/0:2 prev_pid=940 prev_prio=120 prev_state=I ==> next_comm=swapper/0 next_pid=0 next_prio=120
     kworker/2:0-914     [002] d..2.   811.722504: sched_switch: prev_comm=kworker/2:0 prev_pid=914 prev_prio=120 prev_state=I ==> next_comm=swapper/2 next_pid=0 next_prio=120
          <idle>-0       [001] dNs5.   811.850401: sched_wakeup: comm=kworker/1:2 pid=941 prio=120 target_cpu=001
          <idle>-0       [001] d..2.   811.850421: sched_switch: prev_comm=swapper/1 prev_pid=0 prev_prio=120 prev_state=R ==> next_comm=kworker/1:2 next_pid=941 next_prio=120
     kworker/1:2-941     [001] d..4.   811.850432: sched_wakeup: comm=kworker/1:1 pid=48 prio=120 target_cpu=001
     kworker/1:2-941     [001] d..2.   811.850437: sched_switch: prev_comm=kworker/1:2 prev_pid=941 prev_prio=120 prev_state=D ==> next_comm=kworker/1:1 next_pid=48 next_prio=120
     kworker/1:1-48      [001] d.h2.   811.850444: sched_wakeup: comm=kworker/1:2 pid=941 prio=120 target_cpu=001
     kworker/1:1-48      [001] d..2.   811.850454: sched_switch: prev_comm=kworker/1:1 prev_pid=48 prev_prio=120 prev_state=I ==> next_comm=kworker/1:2 next_pid=941 next_prio=120
     kworker/1:2-941     [001] d..2.   811.850469: sched_switch: prev_comm=kworker/1:2 prev_pid=941 prev_prio=120 prev_state=D ==> next_comm=swapper/1 next_pid=0 next_prio=120
          <idle>-0       [001] dNh2.   811.850475: sched_wakeup: comm=kworker/1:2 pid=941 prio=120 target_cpu=001
          <idle>-0       [001] d..2.   811.850479: sched_switch: prev_comm=swapper/1 prev_pid=0 prev_prio=120 prev_state=R ==> next_comm=kworker/1:2 next_pid=941 next_prio=120
     kworker/1:2-941     [001] d..2.   811.850489: sched_switch: prev_comm=kworker/1:2 prev_pid=941 prev_prio=120 prev_state=D ==> next_comm=swapper/1 next_pid=0 next_prio=120
          <idle>-0       [001] dNh2.   811.850498: sched_wakeup: comm=kworker/1:2 pid=941 prio=120 target_cpu=001
          <idle>-0       [001] d..2.   811.850503: sched_switch: prev_comm=swapper/1 prev_pid=0 prev_prio=120 prev_state=R ==> next_comm=kworker/1:2 next_pid=941 next_prio=120
     kworker/1:2-941     [001] d..2.   811.850514: sched_switch: prev_comm=kworker/1:2 prev_pid=941 prev_prio=120 prev_state=D ==> next_comm=swapper/1 next_pid=0 next_prio=120
          <idle>-0       [001] dNh2.   811.850523: sched_wakeup: comm=kworker/1:2 pid=941 prio=120 target_cpu=001
          <idle>-0       [001] d..2.   811.850528: sched_switch: prev_comm=swapper/1 prev_pid=0 prev_prio=120 prev_state=R ==> next_comm=kworker/1:2 next_pid=941 next_prio=120
     kworker/1:2-941     [001] d..2.   811.850538: sched_switch: prev_comm=kworker/1:2 prev_pid=941 prev_prio=120 prev_state=D ==> next_comm=swapper/1 next_pid=0 next_prio=120
          <idle>-0       [001] dNh2.   811.850550: sched_wakeup: comm=kworker/1:2 pid=941 prio=120 target_cpu=001
          <idle>-0       [001] d..2.   811.850558: sched_switch: prev_comm=swapper/1 prev_pid=0 prev_prio=120 prev_state=R ==> next_comm=kworker/1:2 next_pid=941 next_prio=120
     kworker/1:2-941     [001] d..2.   811.850568: sched_switch: prev_comm=kworker/1:2 prev_pid=941 prev_prio=120 prev_state=I ==> next_comm=swapper/1 next_pid=0 next_prio=120
          <idle>-0       [002] dNs4.   812.138409: sched_wakeup: comm=kcompactd0 pid=42 prio=120 target_cpu=002
          <idle>-0       [002] dNH7.   812.138415: sched_wakeup: comm=kworker/2:0 pid=914 prio=120 target_cpu=002
          <idle>-0       [002] d..2.   812.138430: sched_switch: prev_comm=swapper/2 prev_pid=0 prev_prio=120 prev_state=R ==> next_comm=kcompactd0 next_pid=42 next_prio=120
      kcompactd0-42      [002] d..2.   812.138440: sched_switch: prev_comm=kcompactd0 prev_pid=42 prev_prio=120 prev_state=S ==> next_comm=kworker/2:0 next_pid=914 next_prio=120
     kworker/2:0-914     [002] d..2.   812.138454: sched_switch: prev_comm=kworker/2:0 prev_pid=914 prev_prio=120 prev_state=I ==> next_comm=swapper/2 next_pid=0 next_prio=120
          <idle>-0       [002] dNs5.   812.266411: sched_wakeup: comm=kworker/2:0 pid=914 prio=120 target_cpu=002
          <idle>-0       [002] d..2.   812.266426: sched_switch: prev_comm=swapper/2 prev_pid=0 prev_prio=120 prev_state=R ==> next_comm=kworker/2:0 next_pid=914 next_prio=120
     kworker/2:0-914     [002] d.h3.   812.266448: sched_wakeup: comm=kworker/2:0 pid=914 prio=120 target_cpu=002
     kworker/2:0-914     [002] d..4.   812.266460: sched_wakeup: comm=kworker/2:1 pid=947 prio=120 target_cpu=002
     kworker/2:0-914     [002] d..2.   812.266466: sched_switch: prev_comm=kworker/2:0 prev_pid=914 prev_prio=120 prev_state=D ==> next_comm=kworker/2:1 next_pid=947 next_prio=120
     kworker/2:1-947     [002] d.h2.   812.266473: sched_wakeup: comm=kworker/2:0 pid=914 prio=120 target_cpu=002
     kworker/2:1-947     [002] d..2.   812.266483: sched_switch: prev_comm=kworker/2:1 prev_pid=947 prev_prio=120 prev_state=I ==> next_comm=kworker/2:0 next_pid=914 next_prio=120
     kworker/2:0-914     [002] d..2.   812.266499: sched_switch: prev_comm=kworker/2:0 prev_pid=914 prev_prio=120 prev_state=I ==> next_comm=swapper/2 next_pid=0 next_prio=120
          <idle>-0       [001] dNs5.   812.490412: sched_wakeup: comm=kworker/1:2 pid=941 prio=120 target_cpu=001
          <idle>-0       [001] d..2.   812.490430: sched_switch: prev_comm=swapper/1 prev_pid=0 prev_prio=120 prev_state=R ==> next_comm=kworker/1:2 next_pid=941 next_prio=120
     kworker/1:2-941     [001] d..2.   812.490445: sched_switch: prev_comm=kworker/1:2 prev_pid=941 prev_prio=120 prev_state=I ==> next_comm=swapper/1 next_pid=0 next_prio=120
          <idle>-0       [002] dNs4.   812.650414: sched_wakeup: comm=kcompactd0 pid=42 prio=120 target_cpu=002
          <idle>-0       [002] dNH7.   812.650420: sched_wakeup: comm=kworker/2:0 pid=914 prio=120 target_cpu=002
          <idle>-0       [002] d..2.   812.650435: sched_switch: prev_comm=swapper/2 prev_pid=0 prev_prio=120 prev_state=R ==> next_comm=kcompactd0 next_pid=42 next_prio=120
      kcompactd0-42      [002] d..2.   812.650445: sched_switch: prev_comm=kcompactd0 prev_pid=42 prev_prio=120 prev_state=S ==> next_comm=kworker/2:0 next_pid=914 next_prio=120
     kworker/2:0-914     [002] d..2.   812.650458: sched_switch: prev_comm=kworker/2:0 prev_pid=914 prev_prio=120 prev_state=I ==> next_comm=swapper/2 next_pid=0 next_prio=120
          <idle>-0       [000] dNh6.   812.698699: sched_wakeup: comm=kworker/0:2 pid=940 prio=120 target_cpu=000
          <idle>-0       [000] d..2.   812.698710: sched_switch: prev_comm=swapper/0 prev_pid=0 prev_prio=120 prev_state=R ==> next_comm=kworker/0:2 next_pid=940 next_prio=120
     kworker/0:2-940     [000] d..2.   812.698730: sched_switch: prev_comm=kworker/0:2 prev_pid=940 prev_prio=120 prev_state=D ==> next_comm=swapper/0 next_pid=0 next_prio=120
          <idle>-0       [000] dNs5.   812.698744: sched_wakeup: comm=kworker/0:2 pid=940 prio=120 target_cpu=000
          <idle>-0       [000] d..2.   812.698749: sched_switch: prev_comm=swapper/0 prev_pid=0 prev_prio=120 prev_state=R ==> next_comm=kworker/0:2 next_pid=940 next_prio=120
     kworker/0:2-940     [000] d..2.   812.698774: sched_switch: prev_comm=kworker/0:2 prev_pid=940 prev_prio=120 prev_state=D ==> next_comm=swapper/0 next_pid=0 next_prio=120
          <idle>-0       [000] dNs5.   812.698791: sched_wakeup: comm=kworker/0:2 pid=940 prio=120 target_cpu=000
          <idle>-0       [000] d..2.   812.698795: sched_switch: prev_comm=swapper/0 prev_pid=0 prev_prio=120 prev_state=R ==> next_comm=kworker/0:2 next_pid=940 next_prio=120
     kworker/0:2-940     [000] d..2.   812.698815: sched_switch: prev_comm=kworker/0:2 prev_pid=940 prev_prio=120 prev_state=D ==> next_comm=swapper/0 next_pid=0 next_prio=120
          <idle>-0       [000] dNs5.   812.698831: sched_wakeup: comm=kworker/0:2 pid=940 prio=120 target_cpu=000
          <idle>-0       [000] d..2.   812.698835: sched_switch: prev_comm=swapper/0 prev_pid=0 prev_prio=120 prev_state=R ==> next_comm=kworker/0:2 next_pid=940 next_prio=120
     kworker/0:2-940     [000] dN.4.   812.698845: sched_wakeup: comm=kworker/u9:1 pid=513 prio=100 target_cpu=000
     kworker/0:2-940     [000] d..2.   812.698853: sched_switch: prev_comm=kworker/0:2 prev_pid=940 prev_prio=120 prev_state=R+ ==> next_comm=kworker/u9:1 next_pid=513 next_prio=100
    kworker/u9:1-513     [000] d..2.   812.698861: sched_switch: prev_comm=kworker/u9:1 prev_pid=513 prev_prio=100 prev_state=D ==> next_comm=kworker/0:2 next_pid=940 next_prio=120
     kworker/0:2-940     [000] dN.4.   812.698867: sched_wakeup: comm=kworker/u9:1 pid=513 prio=100 target_cpu=000
     kworker/0:2-940     [000] d..2.   812.698871: sched_switch: prev_comm=kworker/0:2 prev_pid=940 prev_prio=120 prev_state=R+ ==> next_comm=kworker/u9:1 next_pid=513 next_prio=100
    kworker/u9:1-513     [000] d..2.   812.698885: sched_switch: prev_comm=kworker/u9:1 prev_pid=513 prev_prio=100 prev_state=D ==> next_comm=kworker/0:2 next_pid=940 next_prio=120
     kworker/0:2-940     [000] dNs5.   812.698898: sched_wakeup: comm=kworker/u9:1 pid=513 prio=100 target_cpu=000
     kworker/0:2-940     [000] d..2.   812.698903: sched_switch: prev_comm=kworker/0:2 prev_pid=940 prev_prio=120 prev_state=R+ ==> next_comm=kworker/u9:1 next_pid=513 next_prio=100
    kworker/u9:1-513     [000] d..2.   812.698912: sched_switch: prev_comm=kworker/u9:1 prev_pid=513 prev_prio=100 prev_state=D ==> next_comm=kworker/0:2 next_pid=940 next_prio=120
     kworker/0:2-940     [000] d..2.   812.698924: sched_switch: prev_comm=kworker/0:2 prev_pid=940 prev_prio=120 prev_state=I ==> next_comm=swapper/0 next_pid=0 next_prio=120
          <idle>-0       [000] dNh4.   812.701914: sched_wakeup: comm=kworker/u9:1 pid=513 prio=100 target_cpu=000
          <idle>-0       [000] d..2.   812.701923: sched_switch: prev_comm=swapper/0 prev_pid=0 prev_prio=120 prev_state=R ==> next_comm=kworker/u9:1 next_pid=513 next_prio=100
    kworker/u9:1-513     [000] d..2.   812.701936: sched_switch: prev_comm=kworker/u9:1 prev_pid=513 prev_prio=100 prev_state=D ==> next_comm=swapper/0 next_pid=0 next_prio=120
          <idle>-0       [000] dNs5.   812.701948: sched_wakeup: comm=kworker/u9:1 pid=513 prio=100 target_cpu=000
          <idle>-0       [000] d..2.   812.701952: sched_switch: prev_comm=swapper/0 prev_pid=0 prev_prio=120 prev_state=R ==> next_comm=kworker/u9:1 next_pid=513 next_prio=100
    kworker/u9:1-513     [000] d..2.   812.701985: sched_switch: prev_comm=kworker/u9:1 prev_pid=513 prev_prio=100 prev_state=D ==> next_comm=swapper/0 next_pid=0 next_prio=120
          <idle>-0       [000] dNs5.   812.702003: sched_wakeup: comm=kworker/u9:1 pid=513 prio=100 target_cpu=000
          <idle>-0       [000] d..2.   812.702008: sched_switch: prev_comm=swapper/0 prev_pid=0 prev_prio=120 prev_state=R ==> next_comm=kworker/u9:1 next_pid=513 next_prio=100
    kworker/u9:1-513     [000] d..2.   812.702035: sched_switch: prev_comm=kworker/u9:1 prev_pid=513 prev_prio=100 prev_state=D ==> next_comm=swapper/0 next_pid=0 next_prio=120
          <idle>-0       [000] dNs5.   812.702052: sched_wakeup: comm=kworker/u9:1 pid=513 prio=100 target_cpu=000
          <idle>-0       [000] d..2.   812.702056: sched_switch: prev_comm=swapper/0 prev_pid=0 prev_prio=120 prev_state=R ==> next_comm=kworker/u9:1 next_pid=513 next_prio=100
          <idle>-0       [002] dNh2.   812.702134: sched_wakeup: comm=sshd pid=894 prio=120 target_cpu=002
          <idle>-0       [002] d..2.   812.702143: sched_switch: prev_comm=swapper/2 prev_pid=0 prev_prio=120 prev_state=R ==> next_comm=sshd next_pid=894 next_prio=120
            sshd-894     [002] dNh1.   812.702173: sched_wakeup: comm=kworker/u9:0 pid=79 prio=100 target_cpu=002
            sshd-894     [002] d..2.   812.702186: sched_switch: prev_comm=sshd prev_pid=894 prev_prio=120 prev_state=R+ ==> next_comm=kworker/u9:0 next_pid=79 next_prio=100
    kworker/u9:0-79      [002] d..2.   812.702197: sched_switch: prev_comm=kworker/u9:0 prev_pid=79 prev_prio=100 prev_state=I ==> next_comm=sshd next_pid=894 next_prio=120
    kworker/u9:1-513     [000] d..2.   812.702202: sched_switch: prev_comm=kworker/u9:1 prev_pid=513 prev_prio=100 prev_state=D ==> next_comm=swapper/0 next_pid=0 next_prio=120
          <idle>-0       [000] dNs5.   812.702224: sched_wakeup: comm=kworker/u9:1 pid=513 prio=100 target_cpu=000
          <idle>-0       [000] d..2.   812.702229: sched_switch: prev_comm=swapper/0 prev_pid=0 prev_prio=120 prev_state=R ==> next_comm=kworker/u9:1 next_pid=513 next_prio=100
    kworker/u9:1-513     [000] d..2.   812.702254: sched_switch: prev_comm=kworker/u9:1 prev_pid=513 prev_prio=100 prev_state=D ==> next_comm=swapper/0 next_pid=0 next_prio=120
          <idle>-0       [000] dNs5.   812.702272: sched_wakeup: comm=kworker/u9:1 pid=513 prio=100 target_cpu=000
          <idle>-0       [000] d..2.   812.702277: sched_switch: prev_comm=swapper/0 prev_pid=0 prev_prio=120 prev_state=R ==> next_comm=kworker/u9:1 next_pid=513 next_prio=100
    kworker/u9:1-513     [000] d..2.   812.702338: sched_switch: prev_comm=kworker/u9:1 prev_pid=513 prev_prio=100 prev_state=D ==> next_comm=swapper/0 next_pid=0 next_prio=120
          <idle>-0       [000] dNs5.   812.702359: sched_wakeup: comm=kworker/u9:1 pid=513 prio=100 target_cpu=000
          <idle>-0       [000] d..2.   812.702364: sched_switch: prev_comm=swapper/0 prev_pid=0 prev_prio=120 prev_state=R ==> next_comm=kworker/u9:1 next_pid=513 next_prio=100
    kworker/u9:1-513     [000] d..2.   812.702401: sched_switch: prev_comm=kworker/u9:1 prev_pid=513 prev_prio=100 prev_state=D ==> next_comm=swapper/0 next_pid=0 next_prio=120
          <idle>-0       [000] dNs5.   812.702480: sched_wakeup: comm=kworker/u9:1 pid=513 prio=100 target_cpu=000
          <idle>-0       [000] d..2.   812.702489: sched_switch: prev_comm=swapper/0 prev_pid=0 prev_prio=120 prev_state=R ==> next_comm=kworker/u9:1 next_pid=513 next_prio=100
            sshd-894     [002] dN.4.   812.702505: sched_wakeup: comm=kworker/u8:1 pid=942 prio=120 target_cpu=002
            sshd-894     [002] d..2.   812.702514: sched_switch: prev_comm=sshd prev_pid=894 prev_prio=120 prev_state=R+ ==> next_comm=kworker/u8:1 next_pid=942 next_prio=120
    kworker/u9:1-513     [000] d..2.   812.702527: sched_switch: prev_comm=kworker/u9:1 prev_pid=513 prev_prio=100 prev_state=I ==> next_comm=swapper/0 next_pid=0 next_prio=120
    kworker/u8:1-942     [002] d..2.   812.702537: sched_switch: prev_comm=kworker/u8:1 prev_pid=942 prev_prio=120 prev_state=I ==> next_comm=sshd next_pid=894 next_prio=120
          <idle>-0       [003] dNh2.   812.702538: sched_wakeup: comm=sudo pid=923 prio=120 target_cpu=003
          <idle>-0       [003] d..2.   812.702546: sched_switch: prev_comm=swapper/3 prev_pid=0 prev_prio=120 prev_state=R ==> next_comm=sudo next_pid=923 next_prio=120
            sshd-894     [002] d..2.   812.702615: sched_switch: prev_comm=sshd prev_pid=894 prev_prio=120 prev_state=S ==> next_comm=swapper/2 next_pid=0 next_prio=120
          <idle>-0       [002] dNh2.   812.702665: sched_wakeup: comm=kworker/u8:1 pid=942 prio=120 target_cpu=002
          <idle>-0       [002] d..2.   812.702674: sched_switch: prev_comm=swapper/2 prev_pid=0 prev_prio=120 prev_state=R ==> next_comm=kworker/u8:1 next_pid=942 next_prio=120
            sudo-923     [003] d..2.   812.702687: sched_switch: prev_comm=sudo prev_pid=923 prev_prio=120 prev_state=S ==> next_comm=swapper/3 next_pid=0 next_prio=120
    kworker/u8:1-942     [002] d..2.   812.702691: sched_switch: prev_comm=kworker/u8:1 prev_pid=942 prev_prio=120 prev_state=I ==> next_comm=swapper/2 next_pid=0 next_prio=120
          <idle>-0       [001] dNh2.   812.702698: sched_wakeup: comm=bash pid=926 prio=120 target_cpu=001
          <idle>-0       [001] d..2.   812.702706: sched_switch: prev_comm=swapper/1 prev_pid=0 prev_prio=120 prev_state=R ==> next_comm=bash next_pid=926 next_prio=120
          <idle>-0       [002] dNh2.   812.702849: sched_wakeup: comm=kworker/u8:1 pid=942 prio=120 target_cpu=002
          <idle>-0       [002] d..2.   812.702857: sched_switch: prev_comm=swapper/2 prev_pid=0 prev_prio=120 prev_state=R ==> next_comm=kworker/u8:1 next_pid=942 next_prio=120
    kworker/u8:1-942     [002] d..2.   812.702869: sched_switch: prev_comm=kworker/u8:1 prev_pid=942 prev_prio=120 prev_state=I ==> next_comm=swapper/2 next_pid=0 next_prio=120
            bash-926     [001] d..2.   812.702870: sched_switch: prev_comm=bash prev_pid=926 prev_prio=120 prev_state=S ==> next_comm=swapper/1 next_pid=0 next_prio=120
          <idle>-0       [003] dNh2.   812.702874: sched_wakeup: comm=sudo pid=923 prio=120 target_cpu=003
          <idle>-0       [003] d..2.   812.702884: sched_switch: prev_comm=swapper/3 prev_pid=0 prev_prio=120 prev_state=R ==> next_comm=sudo next_pid=923 next_prio=120
          <idle>-0       [002] dNh2.   812.702944: sched_wakeup: comm=kworker/u8:1 pid=942 prio=120 target_cpu=002
          <idle>-0       [002] d..2.   812.702951: sched_switch: prev_comm=swapper/2 prev_pid=0 prev_prio=120 prev_state=R ==> next_comm=kworker/u8:1 next_pid=942 next_prio=120
            sudo-923     [003] d..2.   812.702960: sched_switch: prev_comm=sudo prev_pid=923 prev_prio=120 prev_state=S ==> next_comm=swapper/3 next_pid=0 next_prio=120
    kworker/u8:1-942     [002] d..4.   812.702963: sched_wakeup: comm=sshd pid=894 prio=120 target_cpu=002
    kworker/u8:1-942     [002] d..2.   812.702970: sched_switch: prev_comm=kworker/u8:1 prev_pid=942 prev_prio=120 prev_state=I ==> next_comm=sshd next_pid=894 next_prio=120
          <idle>-0       [000] dNh2.   812.703179: sched_wakeup: comm=kworker/u9:1 pid=513 prio=100 target_cpu=000
          <idle>-0       [000] d..2.   812.703188: sched_switch: prev_comm=swapper/0 prev_pid=0 prev_prio=120 prev_state=R ==> next_comm=kworker/u9:1 next_pid=513 next_prio=100
            sshd-894     [002] d..2.   812.703224: sched_switch: prev_comm=sshd prev_pid=894 prev_prio=120 prev_state=S ==> next_comm=swapper/2 next_pid=0 next_prio=120
    kworker/u9:1-513     [000] d..2.   812.703225: sched_switch: prev_comm=kworker/u9:1 prev_pid=513 prev_prio=100 prev_state=D ==> next_comm=swapper/0 next_pid=0 next_prio=120
          <idle>-0       [000] dNs5.   812.703257: sched_wakeup: comm=kworker/u9:1 pid=513 prio=100 target_cpu=000
          <idle>-0       [000] d..2.   812.703265: sched_switch: prev_comm=swapper/0 prev_pid=0 prev_prio=120 prev_state=R ==> next_comm=kworker/u9:1 next_pid=513 next_prio=100
    kworker/u9:1-513     [000] d..2.   812.703281: sched_switch: prev_comm=kworker/u9:1 prev_pid=513 prev_prio=100 prev_state=I ==> next_comm=swapper/0 next_pid=0 next_prio=120
          <idle>-0       [003] dNh2.   812.718424: sched_wakeup: comm=brcmf_wdog/mmc1 pid=507 prio=120 target_cpu=003
          <idle>-0       [003] d..2.   812.718432: sched_switch: prev_comm=swapper/3 prev_pid=0 prev_prio=120 prev_state=R ==> next_comm=brcmf_wdog/mmc1 next_pid=507 next_prio=120
 brcmf_wdog/mmc1-507     [003] d..2.   812.718442: sched_switch: prev_comm=brcmf_wdog/mmc1 prev_pid=507 prev_prio=120 prev_state=S ==> next_comm=swapper/3 next_pid=0 next_prio=120
          <idle>-0       [003] dNh2.   812.734417: sched_wakeup: comm=brcmf_wdog/mmc1 pid=507 prio=120 target_cpu=003
          <idle>-0       [003] d..2.   812.734424: sched_switch: prev_comm=swapper/3 prev_pid=0 prev_prio=120 prev_state=R ==> next_comm=brcmf_wdog/mmc1 next_pid=507 next_prio=120
 brcmf_wdog/mmc1-507     [003] d..2.   812.734442: sched_switch: prev_comm=brcmf_wdog/mmc1 prev_pid=507 prev_prio=120 prev_state=D ==> next_comm=swapper/3 next_pid=0 next_prio=120
          <idle>-0       [003] dNh2.   812.734459: sched_wakeup: comm=brcmf_wdog/mmc1 pid=507 prio=120 target_cpu=003
          <idle>-0       [003] d..2.   812.734465: sched_switch: prev_comm=swapper/3 prev_pid=0 prev_prio=120 prev_state=R ==> next_comm=brcmf_wdog/mmc1 next_pid=507 next_prio=120
 brcmf_wdog/mmc1-507     [003] d..2.   812.734477: sched_switch: prev_comm=brcmf_wdog/mmc1 prev_pid=507 prev_prio=120 prev_state=D ==> next_comm=swapper/3 next_pid=0 next_prio=120
          <idle>-0       [003] dNh2.   812.734489: sched_wakeup: comm=brcmf_wdog/mmc1 pid=507 prio=120 target_cpu=003
          <idle>-0       [003] d..2.   812.734496: sched_switch: prev_comm=swapper/3 prev_pid=0 prev_prio=120 prev_state=R ==> next_comm=brcmf_wdog/mmc1 next_pid=507 next_prio=120
 brcmf_wdog/mmc1-507     [003] d..2.   812.734507: sched_switch: prev_comm=brcmf_wdog/mmc1 prev_pid=507 prev_prio=120 prev_state=D ==> next_comm=swapper/3 next_pid=0 next_prio=120
          <idle>-0       [003] dNh2.   812.734518: sched_wakeup: comm=brcmf_wdog/mmc1 pid=507 prio=120 target_cpu=003
          <idle>-0       [003] d..2.   812.734525: sched_switch: prev_comm=swapper/3 prev_pid=0 prev_prio=120 prev_state=R ==> next_comm=brcmf_wdog/mmc1 next_pid=507 next_prio=120
 brcmf_wdog/mmc1-507     [003] d..2.   812.734533: sched_switch: prev_comm=brcmf_wdog/mmc1 prev_pid=507 prev_prio=120 prev_state=S ==> next_comm=swapper/3 next_pid=0 next_prio=120
          <idle>-0       [000] dNs5.   812.746416: sched_wakeup: comm=kworker/0:2 pid=940 prio=120 target_cpu=000
          <idle>-0       [000] d..2.   812.746430: sched_switch: prev_comm=swapper/0 prev_pid=0 prev_prio=120 prev_state=R ==> next_comm=kworker/0:2 next_pid=940 next_prio=120
     kworker/0:2-940     [000] d..2.   812.746452: sched_switch: prev_comm=kworker/0:2 prev_pid=940 prev_prio=120 prev_state=D ==> next_comm=swapper/0 next_pid=0 next_prio=120
          <idle>-0       [000] dNh5.   812.746466: sched_wakeup: comm=kworker/0:2 pid=940 prio=120 target_cpu=000
          <idle>-0       [000] d..2.   812.746471: sched_switch: prev_comm=swapper/0 prev_pid=0 prev_prio=120 prev_state=R ==> next_comm=kworker/0:2 next_pid=940 next_prio=120
     kworker/0:2-940     [000] d..2.   812.746482: sched_switch: prev_comm=kworker/0:2 prev_pid=940 prev_prio=120 prev_state=I ==> next_comm=swapper/0 next_pid=0 next_prio=120
          <idle>-0       [000] dNh6.   812.762550: sched_wakeup: comm=kworker/0:2 pid=940 prio=120 target_cpu=000
          <idle>-0       [000] d..2.   812.762562: sched_switch: prev_comm=swapper/0 prev_pid=0 prev_prio=120 prev_state=R ==> next_comm=kworker/0:2 next_pid=940 next_prio=120
     kworker/0:2-940     [000] dN.4.   812.762580: sched_wakeup: comm=kworker/0:1 pid=910 prio=120 target_cpu=000
     kworker/0:2-940     [000] dNs3.   812.762589: sched_wakeup: comm=kworker/0:2 pid=940 prio=120 target_cpu=000
     kworker/0:2-940     [000] d..2.   812.762594: sched_switch: prev_comm=kworker/0:2 prev_pid=940 prev_prio=120 prev_state=R+ ==> next_comm=kworker/0:1 next_pid=910 next_prio=120
     kworker/0:1-910     [000] d..2.   812.762607: sched_switch: prev_comm=kworker/0:1 prev_pid=910 prev_prio=120 prev_state=I ==> next_comm=kworker/0:2 next_pid=940 next_prio=120
     kworker/0:2-940     [000] d..2.   812.762635: sched_switch: prev_comm=kworker/0:2 prev_pid=940 prev_prio=120 prev_state=D ==> next_comm=swapper/0 next_pid=0 next_prio=120
          <idle>-0       [000] dNs5.   812.762651: sched_wakeup: comm=kworker/0:2 pid=940 prio=120 target_cpu=000
          <idle>-0       [000] d..2.   812.762655: sched_switch: prev_comm=swapper/0 prev_pid=0 prev_prio=120 prev_state=R ==> next_comm=kworker/0:2 next_pid=940 next_prio=120
     kworker/0:2-940     [000] d..2.   812.762675: sched_switch: prev_comm=kworker/0:2 prev_pid=940 prev_prio=120 prev_state=D ==> next_comm=swapper/0 next_pid=0 next_prio=120
          <idle>-0       [000] dNs5.   812.762691: sched_wakeup: comm=kworker/0:2 pid=940 prio=120 target_cpu=000
          <idle>-0       [000] d..2.   812.762695: sched_switch: prev_comm=swapper/0 prev_pid=0 prev_prio=120 prev_state=R ==> next_comm=kworker/0:2 next_pid=940 next_prio=120
     kworker/0:2-940     [000] dN.4.   812.762704: sched_wakeup: comm=kworker/u9:1 pid=513 prio=100 target_cpu=000
     kworker/0:2-940     [000] d..2.   812.762711: sched_switch: prev_comm=kworker/0:2 prev_pid=940 prev_prio=120 prev_state=R+ ==> next_comm=kworker/u9:1 next_pid=513 next_prio=100
    kworker/u9:1-513     [000] d..2.   812.762721: sched_switch: prev_comm=kworker/u9:1 prev_pid=513 prev_prio=100 prev_state=D ==> next_comm=kworker/0:2 next_pid=940 next_prio=120
     kworker/0:2-940     [000] dN.4.   812.762727: sched_wakeup: comm=kworker/u9:1 pid=513 prio=100 target_cpu=000
     kworker/0:2-940     [000] d..2.   812.762730: sched_switch: prev_comm=kworker/0:2 prev_pid=940 prev_prio=120 prev_state=R+ ==> next_comm=kworker/u9:1 next_pid=513 next_prio=100
    kworker/u9:1-513     [000] d..2.   812.762743: sched_switch: prev_comm=kworker/u9:1 prev_pid=513 prev_prio=100 prev_state=D ==> next_comm=kworker/0:2 next_pid=940 next_prio=120
     kworker/0:2-940     [000] dNs5.   812.762756: sched_wakeup: comm=kworker/u9:1 pid=513 prio=100 target_cpu=000
     kworker/0:2-940     [000] d..2.   812.762760: sched_switch: prev_comm=kworker/0:2 prev_pid=940 prev_prio=120 prev_state=R+ ==> next_comm=kworker/u9:1 next_pid=513 next_prio=100
    kworker/u9:1-513     [000] d..2.   812.762769: sched_switch: prev_comm=kworker/u9:1 prev_pid=513 prev_prio=100 prev_state=D ==> next_comm=kworker/0:2 next_pid=940 next_prio=120
     kworker/0:2-940     [000] d..2.   812.762780: sched_switch: prev_comm=kworker/0:2 prev_pid=940 prev_prio=120 prev_state=I ==> next_comm=swapper/0 next_pid=0 next_prio=120
          <idle>-0       [000] dNh4.   812.765771: sched_wakeup: comm=kworker/u9:1 pid=513 prio=100 target_cpu=000
          <idle>-0       [000] d..2.   812.765781: sched_switch: prev_comm=swapper/0 prev_pid=0 prev_prio=120 prev_state=R ==> next_comm=kworker/u9:1 next_pid=513 next_prio=100
    kworker/u9:1-513     [000] d..2.   812.765793: sched_switch: prev_comm=kworker/u9:1 prev_pid=513 prev_prio=100 prev_state=D ==> next_comm=swapper/0 next_pid=0 next_prio=120
          <idle>-0       [000] dNs5.   812.765805: sched_wakeup: comm=kworker/u9:1 pid=513 prio=100 target_cpu=000
          <idle>-0       [000] d..2.   812.765809: sched_switch: prev_comm=swapper/0 prev_pid=0 prev_prio=120 prev_state=R ==> next_comm=kworker/u9:1 next_pid=513 next_prio=100
    kworker/u9:1-513     [000] d..2.   812.765838: sched_switch: prev_comm=kworker/u9:1 prev_pid=513 prev_prio=100 prev_state=D ==> next_comm=swapper/0 next_pid=0 next_prio=120
          <idle>-0       [000] dNs5.   812.765856: sched_wakeup: comm=kworker/u9:1 pid=513 prio=100 target_cpu=000
          <idle>-0       [000] d..2.   812.765861: sched_switch: prev_comm=swapper/0 prev_pid=0 prev_prio=120 prev_state=R ==> next_comm=kworker/u9:1 next_pid=513 next_prio=100
    kworker/u9:1-513     [000] d..2.   812.765886: sched_switch: prev_comm=kworker/u9:1 prev_pid=513 prev_prio=100 prev_state=D ==> next_comm=swapper/0 next_pid=0 next_prio=120
          <idle>-0       [000] dNs5.   812.765901: sched_wakeup: comm=kworker/u9:1 pid=513 prio=100 target_cpu=000
          <idle>-0       [000] d..2.   812.765905: sched_switch: prev_comm=swapper/0 prev_pid=0 prev_prio=120 prev_state=R ==> next_comm=kworker/u9:1 next_pid=513 next_prio=100
    kworker/u9:1-513     [000] d..2.   812.765978: sched_switch: prev_comm=kworker/u9:1 prev_pid=513 prev_prio=100 prev_state=D ==> next_comm=swapper/0 next_pid=0 next_prio=120
          <idle>-0       [000] dNs5.   812.766000: sched_wakeup: comm=kworker/u9:1 pid=513 prio=100 target_cpu=000
          <idle>-0       [000] d..2.   812.766005: sched_switch: prev_comm=swapper/0 prev_pid=0 prev_prio=120 prev_state=R ==> next_comm=kworker/u9:1 next_pid=513 next_prio=100
    kworker/u9:1-513     [000] d..2.   812.766017: sched_switch: prev_comm=kworker/u9:1 prev_pid=513 prev_prio=100 prev_state=I ==> next_comm=swapper/0 next_pid=0 next_prio=120
          <idle>-0       [003] dNh2.   812.778421: sched_wakeup: comm=brcmf_wdog/mmc1 pid=507 prio=120 target_cpu=003
          <idle>-0       [003] d..2.   812.778428: sched_switch: prev_comm=swapper/3 prev_pid=0 prev_prio=120 prev_state=R ==> next_comm=brcmf_wdog/mmc1 next_pid=507 next_prio=120
 brcmf_wdog/mmc1-507     [003] d..2.   812.778434: sched_switch: prev_comm=brcmf_wdog/mmc1 prev_pid=507 prev_prio=120 prev_state=S ==> next_comm=swapper/3 next_pid=0 next_prio=120
          <idle>-0       [003] dNh2.   812.794418: sched_wakeup: comm=brcmf_wdog/mmc1 pid=507 prio=120 target_cpu=003
          <idle>-0       [003] d..2.   812.794425: sched_switch: prev_comm=swapper/3 prev_pid=0 prev_prio=120 prev_state=R ==> next_comm=brcmf_wdog/mmc1 next_pid=507 next_prio=120
 brcmf_wdog/mmc1-507     [003] d..2.   812.794440: sched_switch: prev_comm=brcmf_wdog/mmc1 prev_pid=507 prev_prio=120 prev_state=D ==> next_comm=swapper/3 next_pid=0 next_prio=120
          <idle>-0       [003] dNh2.   812.794452: sched_wakeup: comm=brcmf_wdog/mmc1 pid=507 prio=120 target_cpu=003
          <idle>-0       [003] d..2.   812.794458: sched_switch: prev_comm=swapper/3 prev_pid=0 prev_prio=120 prev_state=R ==> next_comm=brcmf_wdog/mmc1 next_pid=507 next_prio=120
 brcmf_wdog/mmc1-507     [003] d..2.   812.794469: sched_switch: prev_comm=brcmf_wdog/mmc1 prev_pid=507 prev_prio=120 prev_state=D ==> next_comm=swapper/3 next_pid=0 next_prio=120
          <idle>-0       [003] dNh2.   812.794481: sched_wakeup: comm=brcmf_wdog/mmc1 pid=507 prio=120 target_cpu=003
          <idle>-0       [003] d..2.   812.794487: sched_switch: prev_comm=swapper/3 prev_pid=0 prev_prio=120 prev_state=R ==> next_comm=brcmf_wdog/mmc1 next_pid=507 next_prio=120
 brcmf_wdog/mmc1-507     [003] d..2.   812.794498: sched_switch: prev_comm=brcmf_wdog/mmc1 prev_pid=507 prev_prio=120 prev_state=D ==> next_comm=swapper/3 next_pid=0 next_prio=120
          <idle>-0       [003] dNh2.   812.794509: sched_wakeup: comm=brcmf_wdog/mmc1 pid=507 prio=120 target_cpu=003
          <idle>-0       [003] d..2.   812.794516: sched_switch: prev_comm=swapper/3 prev_pid=0 prev_prio=120 prev_state=R ==> next_comm=brcmf_wdog/mmc1 next_pid=507 next_prio=120
 brcmf_wdog/mmc1-507     [003] d..2.   812.794524: sched_switch: prev_comm=brcmf_wdog/mmc1 prev_pid=507 prev_prio=120 prev_state=S ==> next_comm=swapper/3 next_pid=0 next_prio=120
          <idle>-0       [001] dNs5.   812.874427: sched_wakeup: comm=kworker/1:2 pid=941 prio=120 target_cpu=001
          <idle>-0       [001] d..2.   812.874452: sched_switch: prev_comm=swapper/1 prev_pid=0 prev_prio=120 prev_state=R ==> next_comm=kworker/1:2 next_pid=941 next_prio=120
     kworker/1:2-941     [001] d..4.   812.874469: sched_wakeup: comm=kworker/1:1 pid=48 prio=120 target_cpu=001
     kworker/1:2-941     [001] d..2.   812.874474: sched_switch: prev_comm=kworker/1:2 prev_pid=941 prev_prio=120 prev_state=D ==> next_comm=kworker/1:1 next_pid=48 next_prio=120
     kworker/1:1-48      [001] d.h1.   812.874484: sched_wakeup: comm=kworker/1:2 pid=941 prio=120 target_cpu=001
     kworker/1:1-48      [001] d..2.   812.874494: sched_switch: prev_comm=kworker/1:1 prev_pid=48 prev_prio=120 prev_state=I ==> next_comm=kworker/1:2 next_pid=941 next_prio=120
     kworker/1:2-941     [001] d..2.   812.874511: sched_switch: prev_comm=kworker/1:2 prev_pid=941 prev_prio=120 prev_state=D ==> next_comm=swapper/1 next_pid=0 next_prio=120
          <idle>-0       [001] dNh2.   812.874517: sched_wakeup: comm=kworker/1:2 pid=941 prio=120 target_cpu=001
          <idle>-0       [001] d..2.   812.874521: sched_switch: prev_comm=swapper/1 prev_pid=0 prev_prio=120 prev_state=R ==> next_comm=kworker/1:2 next_pid=941 next_prio=120
     kworker/1:2-941     [001] d..2.   812.874531: sched_switch: prev_comm=kworker/1:2 prev_pid=941 prev_prio=120 prev_state=D ==> next_comm=swapper/1 next_pid=0 next_prio=120
          <idle>-0       [001] dNh2.   812.874542: sched_wakeup: comm=kworker/1:2 pid=941 prio=120 target_cpu=001
          <idle>-0       [001] d..2.   812.874548: sched_switch: prev_comm=swapper/1 prev_pid=0 prev_prio=120 prev_state=R ==> next_comm=kworker/1:2 next_pid=941 next_prio=120
     kworker/1:2-941     [001] d..2.   812.874559: sched_switch: prev_comm=kworker/1:2 prev_pid=941 prev_prio=120 prev_state=D ==> next_comm=swapper/1 next_pid=0 next_prio=120
          <idle>-0       [001] dNh2.   812.874568: sched_wakeup: comm=kworker/1:2 pid=941 prio=120 target_cpu=001
          <idle>-0       [001] d..2.   812.874574: sched_switch: prev_comm=swapper/1 prev_pid=0 prev_prio=120 prev_state=R ==> next_comm=kworker/1:2 next_pid=941 next_prio=120
     kworker/1:2-941     [001] d..2.   812.874584: sched_switch: prev_comm=kworker/1:2 prev_pid=941 prev_prio=120 prev_state=D ==> next_comm=swapper/1 next_pid=0 next_prio=120
          <idle>-0       [001] dNh2.   812.874594: sched_wakeup: comm=kworker/1:2 pid=941 prio=120 target_cpu=001
          <idle>-0       [001] d..2.   812.874599: sched_switch: prev_comm=swapper/1 prev_pid=0 prev_prio=120 prev_state=R ==> next_comm=kworker/1:2 next_pid=941 next_prio=120
     kworker/1:2-941     [001] d..2.   812.874610: sched_switch: prev_comm=kworker/1:2 prev_pid=941 prev_prio=120 prev_state=I ==> next_comm=swapper/1 next_pid=0 next_prio=120
          <idle>-0       [002] dNs5.   812.946426: sched_wakeup: comm=kworker/2:0 pid=914 prio=120 target_cpu=002
          <idle>-0       [002] d..2.   812.946442: sched_switch: prev_comm=swapper/2 prev_pid=0 prev_prio=120 prev_state=R ==> next_comm=kworker/2:0 next_pid=914 next_prio=120
     kworker/2:0-914     [002] d..2.   812.946458: sched_switch: prev_comm=kworker/2:0 prev_pid=914 prev_prio=120 prev_state=I ==> next_comm=swapper/2 next_pid=0 next_prio=120
          <idle>-0       [000] dNh4.   813.018592: sched_wakeup: comm=gmain pid=659 prio=120 target_cpu=000
          <idle>-0       [000] dNh5.   813.018600: sched_wakeup: comm=kworker/0:2 pid=940 prio=120 target_cpu=000
          <idle>-0       [000] d..2.   813.018609: sched_switch: prev_comm=swapper/0 prev_pid=0 prev_prio=120 prev_state=R ==> next_comm=gmain next_pid=659 next_prio=120
           gmain-659     [000] d..2.   813.018696: sched_switch: prev_comm=gmain prev_pid=659 prev_prio=120 prev_state=S ==> next_comm=kworker/0:2 next_pid=940 next_prio=120
     kworker/0:2-940     [000] d..2.   813.018715: sched_switch: prev_comm=kworker/0:2 prev_pid=940 prev_prio=120 prev_state=I ==> next_comm=swapper/0 next_pid=0 next_prio=120
          <idle>-0       [002] dNs4.   813.162423: sched_wakeup: comm=kcompactd0 pid=42 prio=120 target_cpu=002
          <idle>-0       [002] dNH7.   813.162430: sched_wakeup: comm=kworker/2:0 pid=914 prio=120 target_cpu=002
