            sudo-923     [003] d..2.   814.159734: sched_switch: prev_comm=sudo prev_pid=923 prev_prio=120 prev_state=R+ ==> next_comm=kworker/u8:1 next_pid=942 next_prio=120
          <idle>-0       [001] dNh2.   814.159753: sched_wakeup: comm=bash pid=926 prio=120 target_cpu=001
    kworker/u8:1-942     [003] d..2.   814.159754: sched_switch: prev_comm=kworker/u8:1 prev_pid=942 prev_prio=120 prev_state=I ==> next_comm=sudo next_pid=923 next_prio=120
          <idle>-0       [001] d..2.   814.159763: sched_switch: prev_comm=swapper/1 prev_pid=0 prev_prio=120 prev_state=R ==> next_comm=bash next_pid=926 next_prio=120
            sudo-923     [003] d..2.   814.159788: sched_switch: prev_comm=sudo prev_pid=923 prev_prio=120 prev_state=S ==> next_comm=swapper/3 next_pid=0 next_prio=120
          <idle>-0       [003] dNh2.   814.159818: sched_wakeup: comm=kworker/u8:1 pid=942 prio=120 target_cpu=003
          <idle>-0       [003] d..2.   814.159825: sched_switch: prev_comm=swapper/3 prev_pid=0 prev_prio=120 prev_state=R ==> next_comm=kworker/u8:1 next_pid=942 next_prio=120
            bash-926     [001] d..2.   814.159829: sched_switch: prev_comm=bash prev_pid=926 prev_prio=120 prev_state=S ==> next_comm=swapper/1 next_pid=0 next_prio=120
    kworker/u8:1-942     [003] d..4.   814.159838: sched_wakeup: comm=sudo pid=923 prio=120 target_cpu=003
    kworker/u8:1-942     [003] d..2.   814.159846: sched_switch: prev_comm=kworker/u8:1 prev_pid=942 prev_prio=120 prev_state=I ==> next_comm=sudo next_pid=923 next_prio=120
            sudo-923     [003] dN.4.   814.159902: sched_wakeup: comm=kworker/u8:1 pid=942 prio=120 target_cpu=003
            sudo-923     [003] d..2.   814.159910: sched_switch: prev_comm=sudo prev_pid=923 prev_prio=120 prev_state=R+ ==> next_comm=kworker/u8:1 next_pid=942 next_prio=120
    kworker/u8:1-942     [003] d..2.   814.159925: sched_switch: prev_comm=kworker/u8:1 prev_pid=942 prev_prio=120 prev_state=I ==> next_comm=sudo next_pid=923 next_prio=120
          <idle>-0       [002] dNh2.   814.159927: sched_wakeup: comm=sshd pid=894 prio=120 target_cpu=002
          <idle>-0       [002] d..2.   814.159937: sched_switch: prev_comm=swapper/2 prev_pid=0 prev_prio=120 prev_state=R ==> next_comm=sshd next_pid=894 next_prio=120
            sudo-923     [003] d..2.   814.159956: sched_switch: prev_comm=sudo prev_pid=923 prev_prio=120 prev_state=S ==> next_comm=swapper/3 next_pid=0 next_prio=120
          <idle>-0       [000] dNh2.   814.160103: sched_wakeup: comm=kworker/u9:1 pid=513 prio=100 target_cpu=000
          <idle>-0       [000] d..2.   814.160111: sched_switch: prev_comm=swapper/0 prev_pid=0 prev_prio=120 prev_state=R ==> next_comm=kworker/u9:1 next_pid=513 next_prio=100
            sshd-894     [002] d..2.   814.160132: sched_switch: prev_comm=sshd prev_pid=894 prev_prio=120 prev_state=S ==> next_comm=swapper/2 next_pid=0 next_prio=120
    kworker/u9:1-513     [000] d..2.   814.160141: sched_switch: prev_comm=kworker/u9:1 prev_pid=513 prev_prio=100 prev_state=D ==> next_comm=swapper/0 next_pid=0 next_prio=120
          <idle>-0       [000] dNs5.   814.160172: sched_wakeup: comm=kworker/u9:1 pid=513 prio=100 target_cpu=000
          <idle>-0       [000] d..2.   814.160180: sched_switch: prev_comm=swapper/0 prev_pid=0 prev_prio=120 prev_state=R ==> next_comm=kworker/u9:1 next_pid=513 next_prio=100
    kworker/u9:1-513     [000] d..2.   814.160194: sched_switch: prev_comm=kworker/u9:1 prev_pid=513 prev_prio=100 prev_state=I ==> next_comm=swapper/0 next_pid=0 next_prio=120
          <idle>-0       [003] dNh2.   814.174442: sched_wakeup: comm=brcmf_wdog/mmc1 pid=507 prio=120 target_cpu=003
          <idle>-0       [003] d..2.   814.174449: sched_switch: prev_comm=swapper/3 prev_pid=0 prev_prio=120 prev_state=R ==> next_comm=brcmf_wdog/mmc1 next_pid=507 next_prio=120
 brcmf_wdog/mmc1-507     [003] d..2.   814.174457: sched_switch: prev_comm=brcmf_wdog/mmc1 prev_pid=507 prev_prio=120 prev_state=S ==> next_comm=swapper/3 next_pid=0 next_prio=120
          <idle>-0       [002] dNs4.   814.186441: sched_wakeup: comm=kcompactd0 pid=42 prio=120 target_cpu=002
          <idle>-0       [002] d..2.   814.186459: sched_switch: prev_comm=swapper/2 prev_pid=0 prev_prio=120 prev_state=R ==> next_comm=kcompactd0 next_pid=42 next_prio=120
      kcompactd0-42      [002] d..2.   814.186470: sched_switch: prev_comm=kcompactd0 prev_pid=42 prev_prio=120 prev_state=S ==> next_comm=swapper/2 next_pid=0 next_prio=120
          <idle>-0       [003] dNh2.   814.190437: sched_wakeup: comm=brcmf_wdog/mmc1 pid=507 prio=120 target_cpu=003
          <idle>-0       [003] d..2.   814.190444: sched_switch: prev_comm=swapper/3 prev_pid=0 prev_prio=120 prev_state=R ==> next_comm=brcmf_wdog/mmc1 next_pid=507 next_prio=120
 brcmf_wdog/mmc1-507     [003] d..2.   814.190460: sched_switch: prev_comm=brcmf_wdog/mmc1 prev_pid=507 prev_prio=120 prev_state=D ==> next_comm=swapper/3 next_pid=0 next_prio=120
          <idle>-0       [003] dNh2.   814.190472: sched_wakeup: comm=brcmf_wdog/mmc1 pid=507 prio=120 target_cpu=003
          <idle>-0       [003] d..2.   814.190479: sched_switch: prev_comm=swapper/3 prev_pid=0 prev_prio=120 prev_state=R ==> next_comm=brcmf_wdog/mmc1 next_pid=507 next_prio=120
 brcmf_wdog/mmc1-507     [003] d..2.   814.190490: sched_switch: prev_comm=brcmf_wdog/mmc1 prev_pid=507 prev_prio=120 prev_state=D ==> next_comm=swapper/3 next_pid=0 next_prio=120
          <idle>-0       [003] dNh2.   814.190501: sched_wakeup: comm=brcmf_wdog/mmc1 pid=507 prio=120 target_cpu=003
          <idle>-0       [003] d..2.   814.190508: sched_switch: prev_comm=swapper/3 prev_pid=0 prev_prio=120 prev_state=R ==> next_comm=brcmf_wdog/mmc1 next_pid=507 next_prio=120
 brcmf_wdog/mmc1-507     [003] d..2.   814.190519: sched_switch: prev_comm=brcmf_wdog/mmc1 prev_pid=507 prev_prio=120 prev_state=D ==> next_comm=swapper/3 next_pid=0 next_prio=120
          <idle>-0       [003] dNh2.   814.190530: sched_wakeup: comm=brcmf_wdog/mmc1 pid=507 prio=120 target_cpu=003
          <idle>-0       [003] d..2.   814.190537: sched_switch: prev_comm=swapper/3 prev_pid=0 prev_prio=120 prev_state=R ==> next_comm=brcmf_wdog/mmc1 next_pid=507 next_prio=120
 brcmf_wdog/mmc1-507     [003] d..2.   814.190545: sched_switch: prev_comm=brcmf_wdog/mmc1 prev_pid=507 prev_prio=120 prev_state=S ==> next_comm=swapper/3 next_pid=0 next_prio=120
          <idle>-0       [000] dNh6.   814.217168: sched_wakeup: comm=kworker/0:2 pid=940 prio=120 target_cpu=000
          <idle>-0       [000] d..2.   814.217178: sched_switch: prev_comm=swapper/0 prev_pid=0 prev_prio=120 prev_state=R ==> next_comm=kworker/0:2 next_pid=940 next_prio=120
     kworker/0:2-940     [000] d..2.   814.217195: sched_switch: prev_comm=kworker/0:2 prev_pid=940 prev_prio=120 prev_state=D ==> next_comm=swapper/0 next_pid=0 next_prio=120
          <idle>-0       [000] dNs5.   814.217207: sched_wakeup: comm=kworker/0:2 pid=940 prio=120 target_cpu=000
          <idle>-0       [000] d..2.   814.217212: sched_switch: prev_comm=swapper/0 prev_pid=0 prev_prio=120 prev_state=R ==> next_comm=kworker/0:2 next_pid=940 next_prio=120
     kworker/0:2-940     [000] d..2.   814.217232: sched_switch: prev_comm=kworker/0:2 prev_pid=940 prev_prio=120 prev_state=D ==> next_comm=swapper/0 next_pid=0 next_prio=120
          <idle>-0       [000] dNs5.   814.217246: sched_wakeup: comm=kworker/0:2 pid=940 prio=120 target_cpu=000
          <idle>-0       [000] d..2.   814.217250: sched_switch: prev_comm=swapper/0 prev_pid=0 prev_prio=120 prev_state=R ==> next_comm=kworker/0:2 next_pid=940 next_prio=120
     kworker/0:2-940     [000] d..2.   814.217269: sched_switch: prev_comm=kworker/0:2 prev_pid=940 prev_prio=120 prev_state=D ==> next_comm=swapper/0 next_pid=0 next_prio=120
          <idle>-0       [000] dNs5.   814.217284: sched_wakeup: comm=kworker/0:2 pid=940 prio=120 target_cpu=000
          <idle>-0       [000] d..2.   814.217288: sched_switch: prev_comm=swapper/0 prev_pid=0 prev_prio=120 prev_state=R ==> next_comm=kworker/0:2 next_pid=940 next_prio=120
     kworker/0:2-940     [000] dN.4.   814.217297: sched_wakeup: comm=kworker/u9:1 pid=513 prio=100 target_cpu=000
     kworker/0:2-940     [000] d..2.   814.217304: sched_switch: prev_comm=kworker/0:2 prev_pid=940 prev_prio=120 prev_state=R+ ==> next_comm=kworker/u9:1 next_pid=513 next_prio=100
    kworker/u9:1-513     [000] d..2.   814.217311: sched_switch: prev_comm=kworker/u9:1 prev_pid=513 prev_prio=100 prev_state=D ==> next_comm=kworker/0:2 next_pid=940 next_prio=120
     kworker/0:2-940     [000] dN.4.   814.217317: sched_wakeup: comm=kworker/u9:1 pid=513 prio=100 target_cpu=000
     kworker/0:2-940     [000] d..2.   814.217321: sched_switch: prev_comm=kworker/0:2 prev_pid=940 prev_prio=120 prev_state=R+ ==> next_comm=kworker/u9:1 next_pid=513 next_prio=100
    kworker/u9:1-513     [000] d..2.   814.217334: sched_switch: prev_comm=kworker/u9:1 prev_pid=513 prev_prio=100 prev_state=D ==> next_comm=kworker/0:2 next_pid=940 next_prio=120
     kworker/0:2-940     [000] dNs5.   814.217346: sched_wakeup: comm=kworker/u9:1 pid=513 prio=100 target_cpu=000
     kworker/0:2-940     [000] d..2.   814.217351: sched_switch: prev_comm=kworker/0:2 prev_pid=940 prev_prio=120 prev_state=R+ ==> next_comm=kworker/u9:1 next_pid=513 next_prio=100
    kworker/u9:1-513     [000] d..2.   814.217361: sched_switch: prev_comm=kworker/u9:1 prev_pid=513 prev_prio=100 prev_state=D ==> next_comm=kworker/0:2 next_pid=940 next_prio=120
     kworker/0:2-940     [000] d..2.   814.217372: sched_switch: prev_comm=kworker/0:2 prev_pid=940 prev_prio=120 prev_state=I ==> next_comm=swapper/0 next_pid=0 next_prio=120
          <idle>-0       [000] dNh4.   814.220364: sched_wakeup: comm=kworker/u9:1 pid=513 prio=100 target_cpu=000
          <idle>-0       [000] d..2.   814.220373: sched_switch: prev_comm=swapper/0 prev_pid=0 prev_prio=120 prev_state=R ==> next_comm=kworker/u9:1 next_pid=513 next_prio=100
    kworker/u9:1-513     [000] d..2.   814.220386: sched_switch: prev_comm=kworker/u9:1 prev_pid=513 prev_prio=100 prev_state=D ==> next_comm=swapper/0 next_pid=0 next_prio=120
          <idle>-0       [000] dNs5.   814.220397: sched_wakeup: comm=kworker/u9:1 pid=513 prio=100 target_cpu=000
          <idle>-0       [000] d..2.   814.220402: sched_switch: prev_comm=swapper/0 prev_pid=0 prev_prio=120 prev_state=R ==> next_comm=kworker/u9:1 next_pid=513 next_prio=100
    kworker/u9:1-513     [000] d..2.   814.220429: sched_switch: prev_comm=kworker/u9:1 prev_pid=513 prev_prio=100 prev_state=D ==> next_comm=swapper/0 next_pid=0 next_prio=120
          <idle>-0       [000] dNs5.   814.220447: sched_wakeup: comm=kworker/u9:1 pid=513 prio=100 target_cpu=000
          <idle>-0       [000] d..2.   814.220452: sched_switch: prev_comm=swapper/0 prev_pid=0 prev_prio=120 prev_state=R ==> next_comm=kworker/u9:1 next_pid=513 next_prio=100
    kworker/u9:1-513     [000] d..2.   814.220476: sched_switch: prev_comm=kworker/u9:1 prev_pid=513 prev_prio=100 prev_state=D ==> next_comm=swapper/0 next_pid=0 next_prio=120
          <idle>-0       [000] dNs5.   814.220490: sched_wakeup: comm=kworker/u9:1 pid=513 prio=100 target_cpu=000
          <idle>-0       [000] d..2.   814.220495: sched_switch: prev_comm=swapper/0 prev_pid=0 prev_prio=120 prev_state=R ==> next_comm=kworker/u9:1 next_pid=513 next_prio=100
    kworker/u9:1-513     [000] d..2.   814.220545: sched_switch: prev_comm=kworker/u9:1 prev_pid=513 prev_prio=100 prev_state=D ==> next_comm=swapper/0 next_pid=0 next_prio=120
          <idle>-0       [000] dNs5.   814.220566: sched_wakeup: comm=kworker/u9:1 pid=513 prio=100 target_cpu=000
          <idle>-0       [000] d..2.   814.220570: sched_switch: prev_comm=swapper/0 prev_pid=0 prev_prio=120 prev_state=R ==> next_comm=kworker/u9:1 next_pid=513 next_prio=100
    kworker/u9:1-513     [000] d..2.   814.220582: sched_switch: prev_comm=kworker/u9:1 prev_pid=513 prev_prio=100 prev_state=I ==> next_comm=swapper/0 next_pid=0 next_prio=120
          <idle>-0       [003] dNh2.   814.234440: sched_wakeup: comm=brcmf_wdog/mmc1 pid=507 prio=120 target_cpu=003
          <idle>-0       [003] d..2.   814.234447: sched_switch: prev_comm=swapper/3 prev_pid=0 prev_prio=120 prev_state=R ==> next_comm=brcmf_wdog/mmc1 next_pid=507 next_prio=120
 brcmf_wdog/mmc1-507     [003] d..2.   814.234453: sched_switch: prev_comm=brcmf_wdog/mmc1 prev_pid=507 prev_prio=120 prev_state=S ==> next_comm=swapper/3 next_pid=0 next_prio=120
          <idle>-0       [003] dNh2.   814.250438: sched_wakeup: comm=brcmf_wdog/mmc1 pid=507 prio=120 target_cpu=003
          <idle>-0       [003] d..2.   814.250444: sched_switch: prev_comm=swapper/3 prev_pid=0 prev_prio=120 prev_state=R ==> next_comm=brcmf_wdog/mmc1 next_pid=507 next_prio=120
 brcmf_wdog/mmc1-507     [003] d..2.   814.250459: sched_switch: prev_comm=brcmf_wdog/mmc1 prev_pid=507 prev_prio=120 prev_state=D ==> next_comm=swapper/3 next_pid=0 next_prio=120
          <idle>-0       [003] dNh2.   814.250470: sched_wakeup: comm=brcmf_wdog/mmc1 pid=507 prio=120 target_cpu=003
          <idle>-0       [003] d..2.   814.250476: sched_switch: prev_comm=swapper/3 prev_pid=0 prev_prio=120 prev_state=R ==> next_comm=brcmf_wdog/mmc1 next_pid=507 next_prio=120
 brcmf_wdog/mmc1-507     [003] d..2.   814.250487: sched_switch: prev_comm=brcmf_wdog/mmc1 prev_pid=507 prev_prio=120 prev_state=D ==> next_comm=swapper/3 next_pid=0 next_prio=120
          <idle>-0       [003] dNh2.   814.250498: sched_wakeup: comm=brcmf_wdog/mmc1 pid=507 prio=120 target_cpu=003
          <idle>-0       [003] d..2.   814.250505: sched_switch: prev_comm=swapper/3 prev_pid=0 prev_prio=120 prev_state=R ==> next_comm=brcmf_wdog/mmc1 next_pid=507 next_prio=120
 brcmf_wdog/mmc1-507     [003] d..2.   814.250516: sched_switch: prev_comm=brcmf_wdog/mmc1 prev_pid=507 prev_prio=120 prev_state=D ==> next_comm=swapper/3 next_pid=0 next_prio=120
          <idle>-0       [003] dNh2.   814.250527: sched_wakeup: comm=brcmf_wdog/mmc1 pid=507 prio=120 target_cpu=003
          <idle>-0       [003] d..2.   814.250533: sched_switch: prev_comm=swapper/3 prev_pid=0 prev_prio=120 prev_state=R ==> next_comm=brcmf_wdog/mmc1 next_pid=507 next_prio=120
 brcmf_wdog/mmc1-507     [003] d..2.   814.250541: sched_switch: prev_comm=brcmf_wdog/mmc1 prev_pid=507 prev_prio=120 prev_state=S ==> next_comm=swapper/3 next_pid=0 next_prio=120
          <idle>-0       [002] dNs5.   814.282441: sched_wakeup: comm=kworker/2:0 pid=914 prio=120 target_cpu=002
          <idle>-0       [002] d..2.   814.282458: sched_switch: prev_comm=swapper/2 prev_pid=0 prev_prio=120 prev_state=R ==> next_comm=kworker/2:0 next_pid=914 next_prio=120
     kworker/2:0-914     [002] d.h3.   814.282487: sched_wakeup: comm=kworker/2:0 pid=914 prio=120 target_cpu=002
     kworker/2:0-914     [002] d..4.   814.282503: sched_wakeup: comm=kworker/2:1 pid=947 prio=120 target_cpu=002
          <idle>-0       [000] d.h5.   814.282506: sched_wakeup: comm=kworker/2:0 pid=914 prio=120 target_cpu=002
     kworker/2:0-914     [002] d..2.   814.282510: sched_switch: prev_comm=kworker/2:0 prev_pid=914 prev_prio=120 prev_state=R ==> next_comm=kworker/2:1 next_pid=947 next_prio=120
     kworker/2:1-947     [002] d..2.   814.282523: sched_switch: prev_comm=kworker/2:1 prev_pid=947 prev_prio=120 prev_state=I ==> next_comm=kworker/2:0 next_pid=914 next_prio=120
     kworker/2:0-914     [002] d..2.   814.282542: sched_switch: prev_comm=kworker/2:0 prev_pid=914 prev_prio=120 prev_state=I ==> next_comm=swapper/2 next_pid=0 next_prio=120
          <idle>-0       [000] dNh6.   814.339570: sched_wakeup: comm=kworker/0:2 pid=940 prio=120 target_cpu=000
          <idle>-0       [000] d..2.   814.339580: sched_switch: prev_comm=swapper/0 prev_pid=0 prev_prio=120 prev_state=R ==> next_comm=kworker/0:2 next_pid=940 next_prio=120
     kworker/0:2-940     [000] d..2.   814.339596: sched_switch: prev_comm=kworker/0:2 prev_pid=940 prev_prio=120 prev_state=D ==> next_comm=swapper/0 next_pid=0 next_prio=120
          <idle>-0       [000] dNs5.   814.339608: sched_wakeup: comm=kworker/0:2 pid=940 prio=120 target_cpu=000
          <idle>-0       [000] d..2.   814.339613: sched_switch: prev_comm=swapper/0 prev_pid=0 prev_prio=120 prev_state=R ==> next_comm=kworker/0:2 next_pid=940 next_prio=120
     kworker/0:2-940     [000] d..2.   814.339633: sched_switch: prev_comm=kworker/0:2 prev_pid=940 prev_prio=120 prev_state=D ==> next_comm=swapper/0 next_pid=0 next_prio=120
          <idle>-0       [000] dNs5.   814.339648: sched_wakeup: comm=kworker/0:2 pid=940 prio=120 target_cpu=000
          <idle>-0       [000] d..2.   814.339652: sched_switch: prev_comm=swapper/0 prev_pid=0 prev_prio=120 prev_state=R ==> next_comm=kworker/0:2 next_pid=940 next_prio=120
     kworker/0:2-940     [000] d..2.   814.339671: sched_switch: prev_comm=kworker/0:2 prev_pid=940 prev_prio=120 prev_state=D ==> next_comm=swapper/0 next_pid=0 next_prio=120
          <idle>-0       [000] dNs5.   814.339686: sched_wakeup: comm=kworker/0:2 pid=940 prio=120 target_cpu=000
          <idle>-0       [000] d..2.   814.339691: sched_switch: prev_comm=swapper/0 prev_pid=0 prev_prio=120 prev_state=R ==> next_comm=kworker/0:2 next_pid=940 next_prio=120
     kworker/0:2-940     [000] dN.4.   814.339699: sched_wakeup: comm=kworker/u9:1 pid=513 prio=100 target_cpu=000
     kworker/0:2-940     [000] d..2.   814.339706: sched_switch: prev_comm=kworker/0:2 prev_pid=940 prev_prio=120 prev_state=R+ ==> next_comm=kworker/u9:1 next_pid=513 next_prio=100
    kworker/u9:1-513     [000] d..2.   814.339714: sched_switch: prev_comm=kworker/u9:1 prev_pid=513 prev_prio=100 prev_state=D ==> next_comm=kworker/0:2 next_pid=940 next_prio=120
     kworker/0:2-940     [000] dN.4.   814.339719: sched_wakeup: comm=kworker/u9:1 pid=513 prio=100 target_cpu=000
     kworker/0:2-940     [000] d..2.   814.339723: sched_switch: prev_comm=kworker/0:2 prev_pid=940 prev_prio=120 prev_state=R+ ==> next_comm=kworker/u9:1 next_pid=513 next_prio=100
    kworker/u9:1-513     [000] d..2.   814.339736: sched_switch: prev_comm=kworker/u9:1 prev_pid=513 prev_prio=100 prev_state=D ==> next_comm=kworker/0:2 next_pid=940 next_prio=120
     kworker/0:2-940     [000] dNs5.   814.339748: sched_wakeup: comm=kworker/u9:1 pid=513 prio=100 target_cpu=000
     kworker/0:2-940     [000] d..2.   814.339753: sched_switch: prev_comm=kworker/0:2 prev_pid=940 prev_prio=120 prev_state=R+ ==> next_comm=kworker/u9:1 next_pid=513 next_prio=100
    kworker/u9:1-513     [000] d..2.   814.339761: sched_switch: prev_comm=kworker/u9:1 prev_pid=513 prev_prio=100 prev_state=D ==> next_comm=kworker/0:2 next_pid=940 next_prio=120
     kworker/0:2-940     [000] d..2.   814.339772: sched_switch: prev_comm=kworker/0:2 prev_pid=940 prev_prio=120 prev_state=I ==> next_comm=swapper/0 next_pid=0 next_prio=120
          <idle>-0       [000] dNh4.   814.342766: sched_wakeup: comm=kworker/u9:1 pid=513 prio=100 target_cpu=000
          <idle>-0       [000] d..2.   814.342775: sched_switch: prev_comm=swapper/0 prev_pid=0 prev_prio=120 prev_state=R ==> next_comm=kworker/u9:1 next_pid=513 next_prio=100
    kworker/u9:1-513     [000] d..2.   814.342788: sched_switch: prev_comm=kworker/u9:1 prev_pid=513 prev_prio=100 prev_state=D ==> next_comm=swapper/0 next_pid=0 next_prio=120
          <idle>-0       [000] dNs5.   814.342799: sched_wakeup: comm=kworker/u9:1 pid=513 prio=100 target_cpu=000
          <idle>-0       [000] d..2.   814.342804: sched_switch: prev_comm=swapper/0 prev_pid=0 prev_prio=120 prev_state=R ==> next_comm=kworker/u9:1 next_pid=513 next_prio=100
    kworker/u9:1-513     [000] d..2.   814.342831: sched_switch: prev_comm=kworker/u9:1 prev_pid=513 prev_prio=100 prev_state=D ==> next_comm=swapper/0 next_pid=0 next_prio=120
          <idle>-0       [000] dNs5.   814.342849: sched_wakeup: comm=kworker/u9:1 pid=513 prio=100 target_cpu=000
          <idle>-0       [000] d..2.   814.342854: sched_switch: prev_comm=swapper/0 prev_pid=0 prev_prio=120 prev_state=R ==> next_comm=kworker/u9:1 next_pid=513 next_prio=100
    kworker/u9:1-513     [000] d..2.   814.342878: sched_switch: prev_comm=kworker/u9:1 prev_pid=513 prev_prio=100 prev_state=D ==> next_comm=swapper/0 next_pid=0 next_prio=120
          <idle>-0       [000] dNs5.   814.342895: sched_wakeup: comm=kworker/u9:1 pid=513 prio=100 target_cpu=000
          <idle>-0       [000] d..2.   814.342899: sched_switch: prev_comm=swapper/0 prev_pid=0 prev_prio=120 prev_state=R ==> next_comm=kworker/u9:1 next_pid=513 next_prio=100
          <idle>-0       [002] dNh2.   814.342930: sched_wakeup: comm=sshd pid=894 prio=120 target_cpu=002
          <idle>-0       [002] d..2.   814.342939: sched_switch: prev_comm=swapper/2 prev_pid=0 prev_prio=120 prev_state=R ==> next_comm=sshd next_pid=894 next_prio=120
    kworker/u9:1-513     [000] d..2.   814.342950: sched_switch: prev_comm=kworker/u9:1 prev_pid=513 prev_prio=100 prev_state=D ==> next_comm=swapper/0 next_pid=0 next_prio=120
          <idle>-0       [000] dNs5.   814.342970: sched_wakeup: comm=kworker/u9:1 pid=513 prio=100 target_cpu=000
          <idle>-0       [000] d..2.   814.342975: sched_switch: prev_comm=swapper/0 prev_pid=0 prev_prio=120 prev_state=R ==> next_comm=kworker/u9:1 next_pid=513 next_prio=100
    kworker/u9:1-513     [000] d..2.   814.342986: sched_switch: prev_comm=kworker/u9:1 prev_pid=513 prev_prio=100 prev_state=I ==> next_comm=swapper/0 next_pid=0 next_prio=120
          <idle>-0       [003] dNh2.   814.343080: sched_wakeup: comm=kworker/u8:1 pid=942 prio=120 target_cpu=003
          <idle>-0       [003] d..2.   814.343086: sched_switch: prev_comm=swapper/3 prev_pid=0 prev_prio=120 prev_state=R ==> next_comm=kworker/u8:1 next_pid=942 next_prio=120
    kworker/u8:1-942     [003] d..4.   814.343099: sched_wakeup: comm=sudo pid=923 prio=120 target_cpu=003
    kworker/u8:1-942     [003] d..2.   814.343107: sched_switch: prev_comm=kworker/u8:1 prev_pid=942 prev_prio=120 prev_state=I ==> next_comm=sudo next_pid=923 next_prio=120
            sshd-894     [002] d..2.   814.343138: sched_switch: prev_comm=sshd prev_pid=894 prev_prio=120 prev_state=S ==> next_comm=swapper/2 next_pid=0 next_prio=120
            sudo-923     [003] dN.4.   814.343167: sched_wakeup: comm=kworker/u8:1 pid=942 prio=120 target_cpu=003
            sudo-923     [003] d..2.   814.343175: sched_switch: prev_comm=sudo prev_pid=923 prev_prio=120 prev_state=R+ ==> next_comm=kworker/u8:1 next_pid=942 next_prio=120
    kworker/u8:1-942     [003] d..2.   814.343190: sched_switch: prev_comm=kworker/u8:1 prev_pid=942 prev_prio=120 prev_state=I ==> next_comm=sudo next_pid=923 next_prio=120
          <idle>-0       [001] dNh2.   814.343192: sched_wakeup: comm=bash pid=926 prio=120 target_cpu=001
          <idle>-0       [001] d..2.   814.343202: sched_switch: prev_comm=swapper/1 prev_pid=0 prev_prio=120 prev_state=R ==> next_comm=bash next_pid=926 next_prio=120
            sudo-923     [003] d..2.   814.343222: sched_switch: prev_comm=sudo prev_pid=923 prev_prio=120 prev_state=S ==> next_comm=swapper/3 next_pid=0 next_prio=120
          <idle>-0       [003] dNh2.   814.343257: sched_wakeup: comm=kworker/u8:1 pid=942 prio=120 target_cpu=003
          <idle>-0       [003] d..2.   814.343265: sched_switch: prev_comm=swapper/3 prev_pid=0 prev_prio=120 prev_state=R ==> next_comm=kworker/u8:1 next_pid=942 next_prio=120
            bash-926     [001] d..2.   814.343269: sched_switch: prev_comm=bash prev_pid=926 prev_prio=120 prev_state=S ==> next_comm=swapper/1 next_pid=0 next_prio=120
    kworker/u8:1-942     [003] d..4.   814.343276: sched_wakeup: comm=sudo pid=923 prio=120 target_cpu=003
    kworker/u8:1-942     [003] d..2.   814.343283: sched_switch: prev_comm=kworker/u8:1 prev_pid=942 prev_prio=120 prev_state=I ==> next_comm=sudo next_pid=923 next_prio=120
            sudo-923     [003] dN.4.   814.343338: sched_wakeup: comm=kworker/u8:1 pid=942 prio=120 target_cpu=003
            sudo-923     [003] d..2.   814.343345: sched_switch: prev_comm=sudo prev_pid=923 prev_prio=120 prev_state=R+ ==> next_comm=kworker/u8:1 next_pid=942 next_prio=120
    kworker/u8:1-942     [003] d..2.   814.343358: sched_switch: prev_comm=kworker/u8:1 prev_pid=942 prev_prio=120 prev_state=I ==> next_comm=sudo next_pid=923 next_prio=120
          <idle>-0       [002] dNh2.   814.343361: sched_wakeup: comm=sshd pid=894 prio=120 target_cpu=002
          <idle>-0       [002] d..2.   814.343370: sched_switch: prev_comm=swapper/2 prev_pid=0 prev_prio=120 prev_state=R ==> next_comm=sshd next_pid=894 next_prio=120
            sudo-923     [003] d..2.   814.343389: sched_switch: prev_comm=sudo prev_pid=923 prev_prio=120 prev_state=S ==> next_comm=swapper/3 next_pid=0 next_prio=120
          <idle>-0       [000] dNh2.   814.343544: sched_wakeup: comm=kworker/u9:1 pid=513 prio=100 target_cpu=000
          <idle>-0       [000] d..2.   814.343552: sched_switch: prev_comm=swapper/0 prev_pid=0 prev_prio=120 prev_state=R ==> next_comm=kworker/u9:1 next_pid=513 next_prio=100
            sshd-894     [002] d..2.   814.343573: sched_switch: prev_comm=sshd prev_pid=894 prev_prio=120 prev_state=S ==> next_comm=swapper/2 next_pid=0 next_prio=120
    kworker/u9:1-513     [000] d..2.   814.343582: sched_switch: prev_comm=kworker/u9:1 prev_pid=513 prev_prio=100 prev_state=D ==> next_comm=swapper/0 next_pid=0 next_prio=120
          <idle>-0       [000] dNs5.   814.343613: sched_wakeup: comm=kworker/u9:1 pid=513 prio=100 target_cpu=000
          <idle>-0       [000] d..2.   814.343621: sched_switch: prev_comm=swapper/0 prev_pid=0 prev_prio=120 prev_state=R ==> next_comm=kworker/u9:1 next_pid=513 next_prio=100
    kworker/u9:1-513     [000] d..2.   814.343635: sched_switch: prev_comm=kworker/u9:1 prev_pid=513 prev_prio=100 prev_state=I ==> next_comm=swapper/0 next_pid=0 next_prio=120
          <idle>-0       [003] dNh2.   814.358444: sched_wakeup: comm=brcmf_wdog/mmc1 pid=507 prio=120 target_cpu=003
          <idle>-0       [003] d..2.   814.358451: sched_switch: prev_comm=swapper/3 prev_pid=0 prev_prio=120 prev_state=R ==> next_comm=brcmf_wdog/mmc1 next_pid=507 next_prio=120
 brcmf_wdog/mmc1-507     [003] d..2.   814.358459: sched_switch: prev_comm=brcmf_wdog/mmc1 prev_pid=507 prev_prio=120 prev_state=S ==> next_comm=swapper/3 next_pid=0 next_prio=120
          <idle>-0       [003] dNh2.   814.374440: sched_wakeup: comm=brcmf_wdog/mmc1 pid=507 prio=120 target_cpu=003
          <idle>-0       [003] d..2.   814.374447: sched_switch: prev_comm=swapper/3 prev_pid=0 prev_prio=120 prev_state=R ==> next_comm=brcmf_wdog/mmc1 next_pid=507 next_prio=120
 brcmf_wdog/mmc1-507     [003] d..2.   814.374462: sched_switch: prev_comm=brcmf_wdog/mmc1 prev_pid=507 prev_prio=120 prev_state=D ==> next_comm=swapper/3 next_pid=0 next_prio=120
          <idle>-0       [003] dNh2.   814.374475: sched_wakeup: comm=brcmf_wdog/mmc1 pid=507 prio=120 target_cpu=003
          <idle>-0       [003] d..2.   814.374485: sched_switch: prev_comm=swapper/3 prev_pid=0 prev_prio=120 prev_state=R ==> next_comm=brcmf_wdog/mmc1 next_pid=507 next_prio=120
 brcmf_wdog/mmc1-507     [003] d..2.   814.374496: sched_switch: prev_comm=brcmf_wdog/mmc1 prev_pid=507 prev_prio=120 prev_state=D ==> next_comm=swapper/3 next_pid=0 next_prio=120
          <idle>-0       [003] dNh2.   814.374508: sched_wakeup: comm=brcmf_wdog/mmc1 pid=507 prio=120 target_cpu=003
          <idle>-0       [003] d..2.   814.374515: sched_switch: prev_comm=swapper/3 prev_pid=0 prev_prio=120 prev_state=R ==> next_comm=brcmf_wdog/mmc1 next_pid=507 next_prio=120
 brcmf_wdog/mmc1-507     [003] d..2.   814.374526: sched_switch: prev_comm=brcmf_wdog/mmc1 prev_pid=507 prev_prio=120 prev_state=D ==> next_comm=swapper/3 next_pid=0 next_prio=120
          <idle>-0       [003] dNh2.   814.374537: sched_wakeup: comm=brcmf_wdog/mmc1 pid=507 prio=120 target_cpu=003
          <idle>-0       [003] d..2.   814.374545: sched_switch: prev_comm=swapper/3 prev_pid=0 prev_prio=120 prev_state=R ==> next_comm=brcmf_wdog/mmc1 next_pid=507 next_prio=120
 brcmf_wdog/mmc1-507     [003] d..2.   814.374554: sched_switch: prev_comm=brcmf_wdog/mmc1 prev_pid=507 prev_prio=120 prev_state=S ==> next_comm=swapper/3 next_pid=0 next_prio=120
          <idle>-0       [000] dNH5.   814.386445: sched_wakeup: comm=kworker/0:2 pid=940 prio=120 target_cpu=000
          <idle>-0       [000] d..2.   814.386457: sched_switch: prev_comm=swapper/0 prev_pid=0 prev_prio=120 prev_state=R ==> next_comm=kworker/0:2 next_pid=940 next_prio=120
     kworker/0:2-940     [000] d..2.   814.386469: sched_switch: prev_comm=kworker/0:2 prev_pid=940 prev_prio=120 prev_state=I ==> next_comm=swapper/0 next_pid=0 next_prio=120
          <idle>-0       [000] dNh6.   814.397243: sched_wakeup: comm=kworker/0:2 pid=940 prio=120 target_cpu=000
          <idle>-0       [000] d..2.   814.397252: sched_switch: prev_comm=swapper/0 prev_pid=0 prev_prio=120 prev_state=R ==> next_comm=kworker/0:2 next_pid=940 next_prio=120
     kworker/0:2-940     [000] d..2.   814.397268: sched_switch: prev_comm=kworker/0:2 prev_pid=940 prev_prio=120 prev_state=D ==> next_comm=swapper/0 next_pid=0 next_prio=120
          <idle>-0       [000] dNs5.   814.397280: sched_wakeup: comm=kworker/0:2 pid=940 prio=120 target_cpu=000
          <idle>-0       [000] d..2.   814.397285: sched_switch: prev_comm=swapper/0 prev_pid=0 prev_prio=120 prev_state=R ==> next_comm=kworker/0:2 next_pid=940 next_prio=120
     kworker/0:2-940     [000] d..2.   814.397305: sched_switch: prev_comm=kworker/0:2 prev_pid=940 prev_prio=120 prev_state=D ==> next_comm=swapper/0 next_pid=0 next_prio=120
          <idle>-0       [000] dNs5.   814.397320: sched_wakeup: comm=kworker/0:2 pid=940 prio=120 target_cpu=000
          <idle>-0       [000] d..2.   814.397325: sched_switch: prev_comm=swapper/0 prev_pid=0 prev_prio=120 prev_state=R ==> next_comm=kworker/0:2 next_pid=940 next_prio=120
     kworker/0:2-940     [000] d..2.   814.397344: sched_switch: prev_comm=kworker/0:2 prev_pid=940 prev_prio=120 prev_state=D ==> next_comm=swapper/0 next_pid=0 next_prio=120
          <idle>-0       [000] dNs5.   814.397359: sched_wakeup: comm=kworker/0:2 pid=940 prio=120 target_cpu=000
          <idle>-0       [000] d..2.   814.397364: sched_switch: prev_comm=swapper/0 prev_pid=0 prev_prio=120 prev_state=R ==> next_comm=kworker/0:2 next_pid=940 next_prio=120
     kworker/0:2-940     [000] dN.4.   814.397372: sched_wakeup: comm=kworker/u9:1 pid=513 prio=100 target_cpu=000
     kworker/0:2-940     [000] d..2.   814.397379: sched_switch: prev_comm=kworker/0:2 prev_pid=940 prev_prio=120 prev_state=R+ ==> next_comm=kworker/u9:1 next_pid=513 next_prio=100
    kworker/u9:1-513     [000] d..2.   814.397387: sched_switch: prev_comm=kworker/u9:1 prev_pid=513 prev_prio=100 prev_state=D ==> next_comm=kworker/0:2 next_pid=940 next_prio=120
     kworker/0:2-940     [000] dN.4.   814.397392: sched_wakeup: comm=kworker/u9:1 pid=513 prio=100 target_cpu=000
     kworker/0:2-940     [000] d..2.   814.397396: sched_switch: prev_comm=kworker/0:2 prev_pid=940 prev_prio=120 prev_state=R+ ==> next_comm=kworker/u9:1 next_pid=513 next_prio=100
    kworker/u9:1-513     [000] d..2.   814.397409: sched_switch: prev_comm=kworker/u9:1 prev_pid=513 prev_prio=100 prev_state=D ==> next_comm=kworker/0:2 next_pid=940 next_prio=120
     kworker/0:2-940     [000] dNs5.   814.397421: sched_wakeup: comm=kworker/u9:1 pid=513 prio=100 target_cpu=000
     kworker/0:2-940     [000] d..2.   814.397426: sched_switch: prev_comm=kworker/0:2 prev_pid=940 prev_prio=120 prev_state=R+ ==> next_comm=kworker/u9:1 next_pid=513 next_prio=100
    kworker/u9:1-513     [000] d..2.   814.397434: sched_switch: prev_comm=kworker/u9:1 prev_pid=513 prev_prio=100 prev_state=D ==> next_comm=kworker/0:2 next_pid=940 next_prio=120
     kworker/0:2-940     [000] d..2.   814.397445: sched_switch: prev_comm=kworker/0:2 prev_pid=940 prev_prio=120 prev_state=I ==> next_comm=swapper/0 next_pid=0 next_prio=120
          <idle>-0       [000] dNh4.   814.400438: sched_wakeup: comm=kworker/u9:1 pid=513 prio=100 target_cpu=000
          <idle>-0       [000] d..2.   814.400448: sched_switch: prev_comm=swapper/0 prev_pid=0 prev_prio=120 prev_state=R ==> next_comm=kworker/u9:1 next_pid=513 next_prio=100
    kworker/u9:1-513     [000] d..2.   814.400460: sched_switch: prev_comm=kworker/u9:1 prev_pid=513 prev_prio=100 prev_state=D ==> next_comm=swapper/0 next_pid=0 next_prio=120
          <idle>-0       [000] dNs5.   814.400472: sched_wakeup: comm=kworker/u9:1 pid=513 prio=100 target_cpu=000
          <idle>-0       [000] d..2.   814.400476: sched_switch: prev_comm=swapper/0 prev_pid=0 prev_prio=120 prev_state=R ==> next_comm=kworker/u9:1 next_pid=513 next_prio=100
    kworker/u9:1-513     [000] d..2.   814.400504: sched_switch: prev_comm=kworker/u9:1 prev_pid=513 prev_prio=100 prev_state=D ==> next_comm=swapper/0 next_pid=0 next_prio=120
          <idle>-0       [000] dNs5.   814.400522: sched_wakeup: comm=kworker/u9:1 pid=513 prio=100 target_cpu=000
          <idle>-0       [000] d..2.   814.400527: sched_switch: prev_comm=swapper/0 prev_pid=0 prev_prio=120 prev_state=R ==> next_comm=kworker/u9:1 next_pid=513 next_prio=100
    kworker/u9:1-513     [000] d..2.   814.400551: sched_switch: prev_comm=kworker/u9:1 prev_pid=513 prev_prio=100 prev_state=D ==> next_comm=swapper/0 next_pid=0 next_prio=120
          <idle>-0       [000] dNs5.   814.400565: sched_wakeup: comm=kworker/u9:1 pid=513 prio=100 target_cpu=000
          <idle>-0       [000] d..2.   814.400570: sched_switch: prev_comm=swapper/0 prev_pid=0 prev_prio=120 prev_state=R ==> next_comm=kworker/u9:1 next_pid=513 next_prio=100
    kworker/u9:1-513     [000] d..2.   814.400621: sched_switch: prev_comm=kworker/u9:1 prev_pid=513 prev_prio=100 prev_state=D ==> next_comm=swapper/0 next_pid=0 next_prio=120
          <idle>-0       [000] dNs5.   814.400641: sched_wakeup: comm=kworker/u9:1 pid=513 prio=100 target_cpu=000
          <idle>-0       [000] d..2.   814.400646: sched_switch: prev_comm=swapper/0 prev_pid=0 prev_prio=120 prev_state=R ==> next_comm=kworker/u9:1 next_pid=513 next_prio=100
    kworker/u9:1-513     [000] d..2.   814.400657: sched_switch: prev_comm=kworker/u9:1 prev_pid=513 prev_prio=100 prev_state=I ==> next_comm=swapper/0 next_pid=0 next_prio=120
          <idle>-0       [003] dNh2.   814.414443: sched_wakeup: comm=brcmf_wdog/mmc1 pid=507 prio=120 target_cpu=003
          <idle>-0       [003] d..2.   814.414450: sched_switch: prev_comm=swapper/3 prev_pid=0 prev_prio=120 prev_state=R ==> next_comm=brcmf_wdog/mmc1 next_pid=507 next_prio=120
 brcmf_wdog/mmc1-507     [003] d..2.   814.414457: sched_switch: prev_comm=brcmf_wdog/mmc1 prev_pid=507 prev_prio=120 prev_state=S ==> next_comm=swapper/3 next_pid=0 next_prio=120
          <idle>-0       [003] dNh2.   814.430441: sched_wakeup: comm=brcmf_wdog/mmc1 pid=507 prio=120 target_cpu=003
          <idle>-0       [003] d..2.   814.430447: sched_switch: prev_comm=swapper/3 prev_pid=0 prev_prio=120 prev_state=R ==> next_comm=brcmf_wdog/mmc1 next_pid=507 next_prio=120
 brcmf_wdog/mmc1-507     [003] d..2.   814.430462: sched_switch: prev_comm=brcmf_wdog/mmc1 prev_pid=507 prev_prio=120 prev_state=D ==> next_comm=swapper/3 next_pid=0 next_prio=120
          <idle>-0       [003] dNh2.   814.430474: sched_wakeup: comm=brcmf_wdog/mmc1 pid=507 prio=120 target_cpu=003
          <idle>-0       [003] d..2.   814.430481: sched_switch: prev_comm=swapper/3 prev_pid=0 prev_prio=120 prev_state=R ==> next_comm=brcmf_wdog/mmc1 next_pid=507 next_prio=120
 brcmf_wdog/mmc1-507     [003] d..2.   814.430492: sched_switch: prev_comm=brcmf_wdog/mmc1 prev_pid=507 prev_prio=120 prev_state=D ==> next_comm=swapper/3 next_pid=0 next_prio=120
          <idle>-0       [003] dNh2.   814.430504: sched_wakeup: comm=brcmf_wdog/mmc1 pid=507 prio=120 target_cpu=003
          <idle>-0       [003] d..2.   814.430510: sched_switch: prev_comm=swapper/3 prev_pid=0 prev_prio=120 prev_state=R ==> next_comm=brcmf_wdog/mmc1 next_pid=507 next_prio=120
 brcmf_wdog/mmc1-507     [003] d..2.   814.430521: sched_switch: prev_comm=brcmf_wdog/mmc1 prev_pid=507 prev_prio=120 prev_state=D ==> next_comm=swapper/3 next_pid=0 next_prio=120
          <idle>-0       [003] dNh2.   814.430532: sched_wakeup: comm=brcmf_wdog/mmc1 pid=507 prio=120 target_cpu=003
          <idle>-0       [003] d..2.   814.430539: sched_switch: prev_comm=swapper/3 prev_pid=0 prev_prio=120 prev_state=R ==> next_comm=brcmf_wdog/mmc1 next_pid=507 next_prio=120
 brcmf_wdog/mmc1-507     [003] d..2.   814.430547: sched_switch: prev_comm=brcmf_wdog/mmc1 prev_pid=507 prev_prio=120 prev_state=S ==> next_comm=swapper/3 next_pid=0 next_prio=120
          <idle>-0       [001] dNs5.   814.538445: sched_wakeup: comm=kworker/1:2 pid=941 prio=120 target_cpu=001
          <idle>-0       [001] d..2.   814.538467: sched_switch: prev_comm=swapper/1 prev_pid=0 prev_prio=120 prev_state=R ==> next_comm=kworker/1:2 next_pid=941 next_prio=120
     kworker/1:2-941     [001] d..2.   814.538487: sched_switch: prev_comm=kworker/1:2 prev_pid=941 prev_prio=120 prev_state=I ==> next_comm=swapper/1 next_pid=0 next_prio=120
          <idle>-0       [002] dNs4.   814.698445: sched_wakeup: comm=kcompactd0 pid=42 prio=120 target_cpu=002
          <idle>-0       [002] dNH7.   814.698452: sched_wakeup: comm=kworker/2:0 pid=914 prio=120 target_cpu=002
          <idle>-0       [002] d..2.   814.698467: sched_switch: prev_comm=swapper/2 prev_pid=0 prev_prio=120 prev_state=R ==> next_comm=kcompactd0 next_pid=42 next_prio=120
      kcompactd0-42      [002] d..2.   814.698478: sched_switch: prev_comm=kcompactd0 prev_pid=42 prev_prio=120 prev_state=S ==> next_comm=kworker/2:0 next_pid=914 next_prio=120
     kworker/2:0-914     [002] d..2.   814.698494: sched_switch: prev_comm=kworker/2:0 prev_pid=914 prev_prio=120 prev_state=I ==> next_comm=swapper/2 next_pid=0 next_prio=120
          <idle>-0       [000] dNs5.   814.794445: sched_wakeup: comm=kworker/0:2 pid=940 prio=120 target_cpu=000
          <idle>-0       [000] d..2.   814.794459: sched_switch: prev_comm=swapper/0 prev_pid=0 prev_prio=120 prev_state=R ==> next_comm=kworker/0:2 next_pid=940 next_prio=120
     kworker/0:2-940     [000] d..2.   814.794481: sched_switch: prev_comm=kworker/0:2 prev_pid=940 prev_prio=120 prev_state=D ==> next_comm=swapper/0 next_pid=0 next_prio=120
          <idle>-0       [000] dNh5.   814.794494: sched_wakeup: comm=kworker/0:2 pid=940 prio=120 target_cpu=000
          <idle>-0       [000] d..2.   814.794500: sched_switch: prev_comm=swapper/0 prev_pid=0 prev_prio=120 prev_state=R ==> next_comm=kworker/0:2 next_pid=940 next_prio=120
     kworker/0:2-940     [000] d..2.   814.794511: sched_switch: prev_comm=kworker/0:2 prev_pid=940 prev_prio=120 prev_state=I ==> next_comm=swapper/0 next_pid=0 next_prio=120
          <idle>-0       [000] dNh6.   814.820821: sched_wakeup: comm=kworker/0:2 pid=940 prio=120 target_cpu=000
          <idle>-0       [000] d..2.   814.820834: sched_switch: prev_comm=swapper/0 prev_pid=0 prev_prio=120 prev_state=R ==> next_comm=kworker/0:2 next_pid=940 next_prio=120
     kworker/0:2-940     [000] dN.4.   814.820852: sched_wakeup: comm=kworker/0:1 pid=910 prio=120 target_cpu=000
     kworker/0:2-940     [000] dNs3.   814.820861: sched_wakeup: comm=kworker/0:2 pid=940 prio=120 target_cpu=000
     kworker/0:2-940     [000] d..2.   814.820866: sched_switch: prev_comm=kworker/0:2 prev_pid=940 prev_prio=120 prev_state=R+ ==> next_comm=kworker/0:1 next_pid=910 next_prio=120
     kworker/0:1-910     [000] d..2.   814.820877: sched_switch: prev_comm=kworker/0:1 prev_pid=910 prev_prio=120 prev_state=I ==> next_comm=kworker/0:2 next_pid=940 next_prio=120
     kworker/0:2-940     [000] d..2.   814.820904: sched_switch: prev_comm=kworker/0:2 prev_pid=940 prev_prio=120 prev_state=D ==> next_comm=swapper/0 next_pid=0 next_prio=120
          <idle>-0       [000] dNs5.   814.820919: sched_wakeup: comm=kworker/0:2 pid=940 prio=120 target_cpu=000
          <idle>-0       [000] d..2.   814.820924: sched_switch: prev_comm=swapper/0 prev_pid=0 prev_prio=120 prev_state=R ==> next_comm=kworker/0:2 next_pid=940 next_prio=120
     kworker/0:2-940     [000] d..2.   814.820944: sched_switch: prev_comm=kworker/0:2 prev_pid=940 prev_prio=120 prev_state=D ==> next_comm=swapper/0 next_pid=0 next_prio=120
          <idle>-0       [000] dNs5.   814.820959: sched_wakeup: comm=kworker/0:2 pid=940 prio=120 target_cpu=000
          <idle>-0       [000] d..2.   814.820963: sched_switch: prev_comm=swapper/0 prev_pid=0 prev_prio=120 prev_state=R ==> next_comm=kworker/0:2 next_pid=940 next_prio=120
     kworker/0:2-940     [000] dN.4.   814.820972: sched_wakeup: comm=kworker/u9:1 pid=513 prio=100 target_cpu=000
     kworker/0:2-940     [000] d..2.   814.820979: sched_switch: prev_comm=kworker/0:2 prev_pid=940 prev_prio=120 prev_state=R+ ==> next_comm=kworker/u9:1 next_pid=513 next_prio=100
    kworker/u9:1-513     [000] d..2.   814.820986: sched_switch: prev_comm=kworker/u9:1 prev_pid=513 prev_prio=100 prev_state=D ==> next_comm=kworker/0:2 next_pid=940 next_prio=120
     kworker/0:2-940     [000] dN.4.   814.820992: sched_wakeup: comm=kworker/u9:1 pid=513 prio=100 target_cpu=000
     kworker/0:2-940     [000] d..2.   814.820996: sched_switch: prev_comm=kworker/0:2 prev_pid=940 prev_prio=120 prev_state=R+ ==> next_comm=kworker/u9:1 next_pid=513 next_prio=100
    kworker/u9:1-513     [000] d..2.   814.821009: sched_switch: prev_comm=kworker/u9:1 prev_pid=513 prev_prio=100 prev_state=D ==> next_comm=kworker/0:2 next_pid=940 next_prio=120
     kworker/0:2-940     [000] dNs5.   814.821021: sched_wakeup: comm=kworker/u9:1 pid=513 prio=100 target_cpu=000
     kworker/0:2-940     [000] d..2.   814.821026: sched_switch: prev_comm=kworker/0:2 prev_pid=940 prev_prio=120 prev_state=R+ ==> next_comm=kworker/u9:1 next_pid=513 next_prio=100
    kworker/u9:1-513     [000] d..2.   814.821034: sched_switch: prev_comm=kworker/u9:1 prev_pid=513 prev_prio=100 prev_state=D ==> next_comm=kworker/0:2 next_pid=940 next_prio=120
     kworker/0:2-940     [000] d..2.   814.821044: sched_switch: prev_comm=kworker/0:2 prev_pid=940 prev_prio=120 prev_state=I ==> next_comm=swapper/0 next_pid=0 next_prio=120
          <idle>-0       [000] dNh4.   814.824038: sched_wakeup: comm=kworker/u9:1 pid=513 prio=100 target_cpu=000
          <idle>-0       [000] d..2.   814.824048: sched_switch: prev_comm=swapper/0 prev_pid=0 prev_prio=120 prev_state=R ==> next_comm=kworker/u9:1 next_pid=513 next_prio=100
    kworker/u9:1-513     [000] d..2.   814.824060: sched_switch: prev_comm=kworker/u9:1 prev_pid=513 prev_prio=100 prev_state=D ==> next_comm=swapper/0 next_pid=0 next_prio=120
          <idle>-0       [000] dNs5.   814.824072: sched_wakeup: comm=kworker/u9:1 pid=513 prio=100 target_cpu=000
          <idle>-0       [000] d..2.   814.824076: sched_switch: prev_comm=swapper/0 prev_pid=0 prev_prio=120 prev_state=R ==> next_comm=kworker/u9:1 next_pid=513 next_prio=100
    kworker/u9:1-513     [000] d..2.   814.824104: sched_switch: prev_comm=kworker/u9:1 prev_pid=513 prev_prio=100 prev_state=D ==> next_comm=swapper/0 next_pid=0 next_prio=120
          <idle>-0       [000] dNs5.   814.824121: sched_wakeup: comm=kworker/u9:1 pid=513 prio=100 target_cpu=000
          <idle>-0       [000] d..2.   814.824126: sched_switch: prev_comm=swapper/0 prev_pid=0 prev_prio=120 prev_state=R ==> next_comm=kworker/u9:1 next_pid=513 next_prio=100
    kworker/u9:1-513     [000] d..2.   814.824150: sched_switch: prev_comm=kworker/u9:1 prev_pid=513 prev_prio=100 prev_state=D ==> next_comm=swapper/0 next_pid=0 next_prio=120
          <idle>-0       [000] dNs5.   814.824167: sched_wakeup: comm=kworker/u9:1 pid=513 prio=100 target_cpu=000
          <idle>-0       [000] d..2.   814.824171: sched_switch: prev_comm=swapper/0 prev_pid=0 prev_prio=120 prev_state=R ==> next_comm=kworker/u9:1 next_pid=513 next_prio=100
    kworker/u9:1-513     [000] d.s6.   814.824206: sched_wakeup: comm=sshd pid=894 prio=120 target_cpu=000
    kworker/u9:1-513     [000] d..2.   814.824239: sched_switch: prev_comm=kworker/u9:1 prev_pid=513 prev_prio=100 prev_state=D ==> next_comm=sshd next_pid=894 next_prio=120
            sshd-894     [000] dNs5.   814.824273: sched_wakeup: comm=kworker/u9:1 pid=513 prio=100 target_cpu=000
            sshd-894     [000] d..2.   814.824285: sched_switch: prev_comm=sshd prev_pid=894 prev_prio=120 prev_state=R ==> next_comm=kworker/u9:1 next_pid=513 next_prio=100
    kworker/u9:1-513     [000] d..2.   814.824302: sched_switch: prev_comm=kworker/u9:1 prev_pid=513 prev_prio=100 prev_state=I ==> next_comm=sshd next_pid=894 next_prio=120
          <idle>-0       [003] dNh2.   814.824469: sched_wakeup: comm=kworker/u8:1 pid=942 prio=120 target_cpu=003
          <idle>-0       [003] d..2.   814.824476: sched_switch: prev_comm=swapper/3 prev_pid=0 prev_prio=120 prev_state=R ==> next_comm=kworker/u8:1 next_pid=942 next_prio=120
    kworker/u8:1-942     [003] d..4.   814.824489: sched_wakeup: comm=sudo pid=923 prio=120 target_cpu=003
    kworker/u8:1-942     [003] d..2.   814.824496: sched_switch: prev_comm=kworker/u8:1 prev_pid=942 prev_prio=120 prev_state=I ==> next_comm=sudo next_pid=923 next_prio=120
            sshd-894     [000] d..2.   814.824531: sched_switch: prev_comm=sshd prev_pid=894 prev_prio=120 prev_state=S ==> next_comm=swapper/0 next_pid=0 next_prio=120
            sudo-923     [003] dN.4.   814.824557: sched_wakeup: comm=kworker/u8:1 pid=942 prio=120 target_cpu=003
            sudo-923     [003] d..2.   814.824565: sched_switch: prev_comm=sudo prev_pid=923 prev_prio=120 prev_state=R+ ==> next_comm=kworker/u8:1 next_pid=942 next_prio=120
    kworker/u8:1-942     [003] d..2.   814.824579: sched_switch: prev_comm=kworker/u8:1 prev_pid=942 prev_prio=120 prev_state=I ==> next_comm=sudo next_pid=923 next_prio=120
          <idle>-0       [001] dNh2.   814.824582: sched_wakeup: comm=bash pid=926 prio=120 target_cpu=001
          <idle>-0       [001] d..2.   814.824590: sched_switch: prev_comm=swapper/1 prev_pid=0 prev_prio=120 prev_state=R ==> next_comm=bash next_pid=926 next_prio=120
            sudo-923     [003] d..2.   814.824611: sched_switch: prev_comm=sudo prev_pid=923 prev_prio=120 prev_state=S ==> next_comm=swapper/3 next_pid=0 next_prio=120
          <idle>-0       [003] dNh2.   814.824653: sched_wakeup: comm=kworker/u8:1 pid=942 prio=120 target_cpu=003
          <idle>-0       [003] d..2.   814.824661: sched_switch: prev_comm=swapper/3 prev_pid=0 prev_prio=120 prev_state=R ==> next_comm=kworker/u8:1 next_pid=942 next_prio=120
            bash-926     [001] d..2.   814.824665: sched_switch: prev_comm=bash prev_pid=926 prev_prio=120 prev_state=S ==> next_comm=swapper/1 next_pid=0 next_prio=120
    kworker/u8:1-942     [003] d..4.   814.824672: sched_wakeup: comm=sudo pid=923 prio=120 target_cpu=003
    kworker/u8:1-942     [003] d..2.   814.824679: sched_switch: prev_comm=kworker/u8:1 prev_pid=942 prev_prio=120 prev_state=I ==> next_comm=sudo next_pid=923 next_prio=120
            sudo-923     [003] dN.4.   814.824733: sched_wakeup: comm=kworker/u8:1 pid=942 prio=120 target_cpu=003
            sudo-923     [003] d..2.   814.824741: sched_switch: prev_comm=sudo prev_pid=923 prev_prio=120 prev_state=R+ ==> next_comm=kworker/u8:1 next_pid=942 next_prio=120
    kworker/u8:1-942     [003] d..2.   814.824754: sched_switch: prev_comm=kworker/u8:1 prev_pid=942 prev_prio=120 prev_state=I ==> next_comm=sudo next_pid=923 next_prio=120
          <idle>-0       [000] dNh2.   814.824758: sched_wakeup: comm=sshd pid=894 prio=120 target_cpu=000
          <idle>-0       [000] d..2.   814.824769: sched_switch: prev_comm=swapper/0 prev_pid=0 prev_prio=120 prev_state=R ==> next_comm=sshd next_pid=894 next_prio=120
            sudo-923     [003] d..2.   814.824784: sched_switch: prev_comm=sudo prev_pid=923 prev_prio=120 prev_state=S ==> next_comm=swapper/3 next_pid=0 next_prio=120
            sshd-894     [000] DN.6.   814.824956: sched_wakeup: comm=kworker/u9:1 pid=513 prio=100 target_cpu=000
            sshd-894     [000] d..2.   814.824966: sched_switch: prev_comm=sshd prev_pid=894 prev_prio=120 prev_state=R+ ==> next_comm=kworker/u9:1 next_pid=513 next_prio=100
    kworker/u9:1-513     [000] d..2.   814.825003: sched_switch: prev_comm=kworker/u9:1 prev_pid=513 prev_prio=100 prev_state=D ==> next_comm=sshd next_pid=894 next_prio=120
            sshd-894     [000] dNs5.   814.825036: sched_wakeup: comm=kworker/u9:1 pid=513 prio=100 target_cpu=000
            sshd-894     [000] d..2.   814.825043: sched_switch: prev_comm=sshd prev_pid=894 prev_prio=120 prev_state=R+ ==> next_comm=kworker/u9:1 next_pid=513 next_prio=100
    kworker/u9:1-513     [000] d..2.   814.825058: sched_switch: prev_comm=kworker/u9:1 prev_pid=513 prev_prio=100 prev_state=I ==> next_comm=sshd next_pid=894 next_prio=120
            sshd-894     [000] d..2.   814.825103: sched_switch: prev_comm=sshd prev_pid=894 prev_prio=120 prev_state=S ==> next_comm=swapper/0 next_pid=0 next_prio=120
          <idle>-0       [003] dNh2.   814.838455: sched_wakeup: comm=brcmf_wdog/mmc1 pid=507 prio=120 target_cpu=003
          <idle>-0       [003] d..2.   814.838463: sched_switch: prev_comm=swapper/3 prev_pid=0 prev_prio=120 prev_state=R ==> next_comm=brcmf_wdog/mmc1 next_pid=507 next_prio=120
 brcmf_wdog/mmc1-507     [003] d..2.   814.838471: sched_switch: prev_comm=brcmf_wdog/mmc1 prev_pid=507 prev_prio=120 prev_state=S ==> next_comm=swapper/3 next_pid=0 next_prio=120
          <idle>-0       [003] dNh2.   814.854447: sched_wakeup: comm=brcmf_wdog/mmc1 pid=507 prio=120 target_cpu=003
