    kworker/u9:1-513     [000] d..2.   813.893288: sched_switch: prev_comm=kworker/u9:1 prev_pid=513 prev_prio=100 prev_state=D ==> next_comm=kworker/0:2 next_pid=940 next_prio=120
     kworker/0:2-940     [000] dN.4.   813.893294: sched_wakeup: comm=kworker/u9:1 pid=513 prio=100 target_cpu=000
     kworker/0:2-940     [000] d..2.   813.893297: sched_switch: prev_comm=kworker/0:2 prev_pid=940 prev_prio=120 prev_state=R+ ==> next_comm=kworker/u9:1 next_pid=513 next_prio=100
    kworker/u9:1-513     [000] d..2.   813.893311: sched_switch: prev_comm=kworker/u9:1 prev_pid=513 prev_prio=100 prev_state=D ==> next_comm=kworker/0:2 next_pid=940 next_prio=120
     kworker/0:2-940     [000] dNs5.   813.893323: sched_wakeup: comm=kworker/u9:1 pid=513 prio=100 target_cpu=000
     kworker/0:2-940     [000] d..2.   813.893328: sched_switch: prev_comm=kworker/0:2 prev_pid=940 prev_prio=120 prev_state=R+ ==> next_comm=kworker/u9:1 next_pid=513 next_prio=100
    kworker/u9:1-513     [000] d..2.   813.893336: sched_switch: prev_comm=kworker/u9:1 prev_pid=513 prev_prio=100 prev_state=D ==> next_comm=kworker/0:2 next_pid=940 next_prio=120
     kworker/0:2-940     [000] d..2.   813.893347: sched_switch: prev_comm=kworker/0:2 prev_pid=940 prev_prio=120 prev_state=I ==> next_comm=swapper/0 next_pid=0 next_prio=120
          <idle>-0       [000] dNh4.   813.896340: sched_wakeup: comm=kworker/u9:1 pid=513 prio=100 target_cpu=000
          <idle>-0       [000] d..2.   813.896350: sched_switch: prev_comm=swapper/0 prev_pid=0 prev_prio=120 prev_state=R ==> next_comm=kworker/u9:1 next_pid=513 next_prio=100
    kworker/u9:1-513     [000] d..2.   813.896362: sched_switch: prev_comm=kworker/u9:1 prev_pid=513 prev_prio=100 prev_state=D ==> next_comm=swapper/0 next_pid=0 next_prio=120
          <idle>-0       [000] dNs5.   813.896374: sched_wakeup: comm=kworker/u9:1 pid=513 prio=100 target_cpu=000
          <idle>-0       [000] d..2.   813.896378: sched_switch: prev_comm=swapper/0 prev_pid=0 prev_prio=120 prev_state=R ==> next_comm=kworker/u9:1 next_pid=513 next_prio=100
    kworker/u9:1-513     [000] d..2.   813.896406: sched_switch: prev_comm=kworker/u9:1 prev_pid=513 prev_prio=100 prev_state=D ==> next_comm=swapper/0 next_pid=0 next_prio=120
          <idle>-0       [000] dNs5.   813.896424: sched_wakeup: comm=kworker/u9:1 pid=513 prio=100 target_cpu=000
          <idle>-0       [000] d..2.   813.896429: sched_switch: prev_comm=swapper/0 prev_pid=0 prev_prio=120 prev_state=R ==> next_comm=kworker/u9:1 next_pid=513 next_prio=100
    kworker/u9:1-513     [000] d..2.   813.896453: sched_switch: prev_comm=kworker/u9:1 prev_pid=513 prev_prio=100 prev_state=D ==> next_comm=swapper/0 next_pid=0 next_prio=120
          <idle>-0       [000] dNs5.   813.896470: sched_wakeup: comm=kworker/u9:1 pid=513 prio=100 target_cpu=000
          <idle>-0       [000] d..2.   813.896474: sched_switch: prev_comm=swapper/0 prev_pid=0 prev_prio=120 prev_state=R ==> next_comm=kworker/u9:1 next_pid=513 next_prio=100
          <idle>-0       [002] dNh2.   813.896506: sched_wakeup: comm=sshd pid=894 prio=120 target_cpu=002
          <idle>-0       [002] d..2.   813.896515: sched_switch: prev_comm=swapper/2 prev_pid=0 prev_prio=120 prev_state=R ==> next_comm=sshd next_pid=894 next_prio=120
    kworker/u9:1-513     [000] d..2.   813.896524: sched_switch: prev_comm=kworker/u9:1 prev_pid=513 prev_prio=100 prev_state=D ==> next_comm=swapper/0 next_pid=0 next_prio=120
          <idle>-0       [000] dNs5.   813.896545: sched_wakeup: comm=kworker/u9:1 pid=513 prio=100 target_cpu=000
          <idle>-0       [000] d..2.   813.896549: sched_switch: prev_comm=swapper/0 prev_pid=0 prev_prio=120 prev_state=R ==> next_comm=kworker/u9:1 next_pid=513 next_prio=100
    kworker/u9:1-513     [000] d..2.   813.896560: sched_switch: prev_comm=kworker/u9:1 prev_pid=513 prev_prio=100 prev_state=I ==> next_comm=swapper/0 next_pid=0 next_prio=120
            sshd-894     [002] dN.4.   813.896650: sched_wakeup: comm=kworker/u8:1 pid=942 prio=120 target_cpu=002
            sshd-894     [002] d..2.   813.896658: sched_switch: prev_comm=sshd prev_pid=894 prev_prio=120 prev_state=R+ ==> next_comm=kworker/u8:1 next_pid=942 next_prio=120
    kworker/u8:1-942     [002] d..2.   813.896674: sched_switch: prev_comm=kworker/u8:1 prev_pid=942 prev_prio=120 prev_state=I ==> next_comm=sshd next_pid=894 next_prio=120
          <idle>-0       [003] dNh2.   813.896674: sched_wakeup: comm=sudo pid=923 prio=120 target_cpu=003
          <idle>-0       [003] d..2.   813.896682: sched_switch: prev_comm=swapper/3 prev_pid=0 prev_prio=120 prev_state=R ==> next_comm=sudo next_pid=923 next_prio=120
            sshd-894     [002] d..2.   813.896742: sched_switch: prev_comm=sshd prev_pid=894 prev_prio=120 prev_state=S ==> next_comm=swapper/2 next_pid=0 next_prio=120
          <idle>-0       [002] dNh2.   813.896751: sched_wakeup: comm=kworker/u8:1 pid=942 prio=120 target_cpu=002
          <idle>-0       [002] d..2.   813.896756: sched_switch: prev_comm=swapper/2 prev_pid=0 prev_prio=120 prev_state=R ==> next_comm=kworker/u8:1 next_pid=942 next_prio=120
            sudo-923     [003] d..2.   813.896760: sched_switch: prev_comm=sudo prev_pid=923 prev_prio=120 prev_state=S ==> next_comm=swapper/3 next_pid=0 next_prio=120
    kworker/u8:1-942     [002] d..2.   813.896768: sched_switch: prev_comm=kworker/u8:1 prev_pid=942 prev_prio=120 prev_state=I ==> next_comm=swapper/2 next_pid=0 next_prio=120
          <idle>-0       [001] dNh2.   813.896773: sched_wakeup: comm=bash pid=926 prio=120 target_cpu=001
          <idle>-0       [001] d..2.   813.896782: sched_switch: prev_comm=swapper/1 prev_pid=0 prev_prio=120 prev_state=R ==> next_comm=bash next_pid=926 next_prio=120
          <idle>-0       [002] dNh2.   813.896839: sched_wakeup: comm=kworker/u8:1 pid=942 prio=120 target_cpu=002
          <idle>-0       [002] d..2.   813.896846: sched_switch: prev_comm=swapper/2 prev_pid=0 prev_prio=120 prev_state=R ==> next_comm=kworker/u8:1 next_pid=942 next_prio=120
            bash-926     [001] d..2.   813.896852: sched_switch: prev_comm=bash prev_pid=926 prev_prio=120 prev_state=S ==> next_comm=swapper/1 next_pid=0 next_prio=120
    kworker/u8:1-942     [002] d..2.   813.896857: sched_switch: prev_comm=kworker/u8:1 prev_pid=942 prev_prio=120 prev_state=I ==> next_comm=swapper/2 next_pid=0 next_prio=120
          <idle>-0       [003] dNh2.   813.896860: sched_wakeup: comm=sudo pid=923 prio=120 target_cpu=003
          <idle>-0       [003] d..2.   813.896868: sched_switch: prev_comm=swapper/3 prev_pid=0 prev_prio=120 prev_state=R ==> next_comm=sudo next_pid=923 next_prio=120
          <idle>-0       [002] dNh2.   813.896924: sched_wakeup: comm=kworker/u8:1 pid=942 prio=120 target_cpu=002
          <idle>-0       [002] d..2.   813.896931: sched_switch: prev_comm=swapper/2 prev_pid=0 prev_prio=120 prev_state=R ==> next_comm=kworker/u8:1 next_pid=942 next_prio=120
            sudo-923     [003] d..2.   813.896939: sched_switch: prev_comm=sudo prev_pid=923 prev_prio=120 prev_state=S ==> next_comm=swapper/3 next_pid=0 next_prio=120
    kworker/u8:1-942     [002] d..4.   813.896941: sched_wakeup: comm=sshd pid=894 prio=120 target_cpu=002
    kworker/u8:1-942     [002] d..2.   813.896948: sched_switch: prev_comm=kworker/u8:1 prev_pid=942 prev_prio=120 prev_state=I ==> next_comm=sshd next_pid=894 next_prio=120
          <idle>-0       [000] dNh2.   813.897120: sched_wakeup: comm=kworker/u9:1 pid=513 prio=100 target_cpu=000
          <idle>-0       [000] d..2.   813.897128: sched_switch: prev_comm=swapper/0 prev_pid=0 prev_prio=120 prev_state=R ==> next_comm=kworker/u9:1 next_pid=513 next_prio=100
            sshd-894     [002] d..2.   813.897155: sched_switch: prev_comm=sshd prev_pid=894 prev_prio=120 prev_state=S ==> next_comm=swapper/2 next_pid=0 next_prio=120
    kworker/u9:1-513     [000] d..2.   813.897159: sched_switch: prev_comm=kworker/u9:1 prev_pid=513 prev_prio=100 prev_state=D ==> next_comm=swapper/0 next_pid=0 next_prio=120
          <idle>-0       [000] dNs5.   813.897189: sched_wakeup: comm=kworker/u9:1 pid=513 prio=100 target_cpu=000
          <idle>-0       [000] d..2.   813.897197: sched_switch: prev_comm=swapper/0 prev_pid=0 prev_prio=120 prev_state=R ==> next_comm=kworker/u9:1 next_pid=513 next_prio=100
    kworker/u9:1-513     [000] d..2.   813.897210: sched_switch: prev_comm=kworker/u9:1 prev_pid=513 prev_prio=100 prev_state=I ==> next_comm=swapper/0 next_pid=0 next_prio=120
          <idle>-0       [001] dNs5.   813.898438: sched_wakeup: comm=kworker/1:2 pid=941 prio=120 target_cpu=001
          <idle>-0       [001] d..2.   813.898459: sched_switch: prev_comm=swapper/1 prev_pid=0 prev_prio=120 prev_state=R ==> next_comm=kworker/1:2 next_pid=941 next_prio=120
     kworker/1:2-941     [001] d..2.   813.898473: sched_switch: prev_comm=kworker/1:2 prev_pid=941 prev_prio=120 prev_state=D ==> next_comm=swapper/1 next_pid=0 next_prio=120
          <idle>-0       [001] dNh2.   813.898486: sched_wakeup: comm=kworker/1:2 pid=941 prio=120 target_cpu=001
          <idle>-0       [001] d..2.   813.898494: sched_switch: prev_comm=swapper/1 prev_pid=0 prev_prio=120 prev_state=R ==> next_comm=kworker/1:2 next_pid=941 next_prio=120
     kworker/1:2-941     [001] d..2.   813.898505: sched_switch: prev_comm=kworker/1:2 prev_pid=941 prev_prio=120 prev_state=D ==> next_comm=swapper/1 next_pid=0 next_prio=120
          <idle>-0       [001] dNh2.   813.898515: sched_wakeup: comm=kworker/1:2 pid=941 prio=120 target_cpu=001
          <idle>-0       [001] d..2.   813.898522: sched_switch: prev_comm=swapper/1 prev_pid=0 prev_prio=120 prev_state=R ==> next_comm=kworker/1:2 next_pid=941 next_prio=120
     kworker/1:2-941     [001] d..2.   813.898533: sched_switch: prev_comm=kworker/1:2 prev_pid=941 prev_prio=120 prev_state=D ==> next_comm=swapper/1 next_pid=0 next_prio=120
          <idle>-0       [001] dNh2.   813.898543: sched_wakeup: comm=kworker/1:2 pid=941 prio=120 target_cpu=001
          <idle>-0       [001] d..2.   813.898550: sched_switch: prev_comm=swapper/1 prev_pid=0 prev_prio=120 prev_state=R ==> next_comm=kworker/1:2 next_pid=941 next_prio=120
     kworker/1:2-941     [001] d..2.   813.898561: sched_switch: prev_comm=kworker/1:2 prev_pid=941 prev_prio=120 prev_state=D ==> next_comm=swapper/1 next_pid=0 next_prio=120
          <idle>-0       [001] dNh2.   813.898570: sched_wakeup: comm=kworker/1:2 pid=941 prio=120 target_cpu=001
          <idle>-0       [001] d..2.   813.898577: sched_switch: prev_comm=swapper/1 prev_pid=0 prev_prio=120 prev_state=R ==> next_comm=kworker/1:2 next_pid=941 next_prio=120
     kworker/1:2-941     [001] d..2.   813.898588: sched_switch: prev_comm=kworker/1:2 prev_pid=941 prev_prio=120 prev_state=D ==> next_comm=swapper/1 next_pid=0 next_prio=120
          <idle>-0       [001] dNh2.   813.898597: sched_wakeup: comm=kworker/1:2 pid=941 prio=120 target_cpu=001
          <idle>-0       [001] d..2.   813.898604: sched_switch: prev_comm=swapper/1 prev_pid=0 prev_prio=120 prev_state=R ==> next_comm=kworker/1:2 next_pid=941 next_prio=120
     kworker/1:2-941     [001] d..2.   813.898615: sched_switch: prev_comm=kworker/1:2 prev_pid=941 prev_prio=120 prev_state=I ==> next_comm=swapper/1 next_pid=0 next_prio=120
          <idle>-0       [003] dNh2.   813.910437: sched_wakeup: comm=brcmf_wdog/mmc1 pid=507 prio=120 target_cpu=003
          <idle>-0       [003] d..2.   813.910446: sched_switch: prev_comm=swapper/3 prev_pid=0 prev_prio=120 prev_state=R ==> next_comm=brcmf_wdog/mmc1 next_pid=507 next_prio=120
 brcmf_wdog/mmc1-507     [003] d..2.   813.910454: sched_switch: prev_comm=brcmf_wdog/mmc1 prev_pid=507 prev_prio=120 prev_state=S ==> next_comm=swapper/3 next_pid=0 next_prio=120
          <idle>-0       [003] dNh2.   813.926434: sched_wakeup: comm=brcmf_wdog/mmc1 pid=507 prio=120 target_cpu=003
          <idle>-0       [003] d..2.   813.926440: sched_switch: prev_comm=swapper/3 prev_pid=0 prev_prio=120 prev_state=R ==> next_comm=brcmf_wdog/mmc1 next_pid=507 next_prio=120
 brcmf_wdog/mmc1-507     [003] d..2.   813.926456: sched_switch: prev_comm=brcmf_wdog/mmc1 prev_pid=507 prev_prio=120 prev_state=D ==> next_comm=swapper/3 next_pid=0 next_prio=120
          <idle>-0       [003] dNh2.   813.926468: sched_wakeup: comm=brcmf_wdog/mmc1 pid=507 prio=120 target_cpu=003
          <idle>-0       [003] d..2.   813.926473: sched_switch: prev_comm=swapper/3 prev_pid=0 prev_prio=120 prev_state=R ==> next_comm=brcmf_wdog/mmc1 next_pid=507 next_prio=120
 brcmf_wdog/mmc1-507     [003] d..2.   813.926485: sched_switch: prev_comm=brcmf_wdog/mmc1 prev_pid=507 prev_prio=120 prev_state=D ==> next_comm=swapper/3 next_pid=0 next_prio=120
          <idle>-0       [003] dNh2.   813.926496: sched_wakeup: comm=brcmf_wdog/mmc1 pid=507 prio=120 target_cpu=003
          <idle>-0       [003] d..2.   813.926501: sched_switch: prev_comm=swapper/3 prev_pid=0 prev_prio=120 prev_state=R ==> next_comm=brcmf_wdog/mmc1 next_pid=507 next_prio=120
 brcmf_wdog/mmc1-507     [003] d..2.   813.926511: sched_switch: prev_comm=brcmf_wdog/mmc1 prev_pid=507 prev_prio=120 prev_state=D ==> next_comm=swapper/3 next_pid=0 next_prio=120
          <idle>-0       [003] dNh2.   813.926523: sched_wakeup: comm=brcmf_wdog/mmc1 pid=507 prio=120 target_cpu=003
          <idle>-0       [003] d..2.   813.926529: sched_switch: prev_comm=swapper/3 prev_pid=0 prev_prio=120 prev_state=R ==> next_comm=brcmf_wdog/mmc1 next_pid=507 next_prio=120
 brcmf_wdog/mmc1-507     [003] d..2.   813.926538: sched_switch: prev_comm=brcmf_wdog/mmc1 prev_pid=507 prev_prio=120 prev_state=S ==> next_comm=swapper/3 next_pid=0 next_prio=120
          <idle>-0       [000] dNh6.   813.953007: sched_wakeup: comm=kworker/0:2 pid=940 prio=120 target_cpu=000
          <idle>-0       [000] d..2.   813.953017: sched_switch: prev_comm=swapper/0 prev_pid=0 prev_prio=120 prev_state=R ==> next_comm=kworker/0:2 next_pid=940 next_prio=120
     kworker/0:2-940     [000] d..2.   813.953033: sched_switch: prev_comm=kworker/0:2 prev_pid=940 prev_prio=120 prev_state=D ==> next_comm=swapper/0 next_pid=0 next_prio=120
          <idle>-0       [000] dNs5.   813.953045: sched_wakeup: comm=kworker/0:2 pid=940 prio=120 target_cpu=000
          <idle>-0       [000] d..2.   813.953050: sched_switch: prev_comm=swapper/0 prev_pid=0 prev_prio=120 prev_state=R ==> next_comm=kworker/0:2 next_pid=940 next_prio=120
     kworker/0:2-940     [000] d..2.   813.953070: sched_switch: prev_comm=kworker/0:2 prev_pid=940 prev_prio=120 prev_state=D ==> next_comm=swapper/0 next_pid=0 next_prio=120
          <idle>-0       [000] dNs5.   813.953084: sched_wakeup: comm=kworker/0:2 pid=940 prio=120 target_cpu=000
          <idle>-0       [000] d..2.   813.953089: sched_switch: prev_comm=swapper/0 prev_pid=0 prev_prio=120 prev_state=R ==> next_comm=kworker/0:2 next_pid=940 next_prio=120
     kworker/0:2-940     [000] d..2.   813.953108: sched_switch: prev_comm=kworker/0:2 prev_pid=940 prev_prio=120 prev_state=D ==> next_comm=swapper/0 next_pid=0 next_prio=120
          <idle>-0       [000] dNs5.   813.953123: sched_wakeup: comm=kworker/0:2 pid=940 prio=120 target_cpu=000
          <idle>-0       [000] d..2.   813.953127: sched_switch: prev_comm=swapper/0 prev_pid=0 prev_prio=120 prev_state=R ==> next_comm=kworker/0:2 next_pid=940 next_prio=120
     kworker/0:2-940     [000] dN.4.   813.953135: sched_wakeup: comm=kworker/u9:1 pid=513 prio=100 target_cpu=000
     kworker/0:2-940     [000] d..2.   813.953143: sched_switch: prev_comm=kworker/0:2 prev_pid=940 prev_prio=120 prev_state=R+ ==> next_comm=kworker/u9:1 next_pid=513 next_prio=100
    kworker/u9:1-513     [000] d..2.   813.953150: sched_switch: prev_comm=kworker/u9:1 prev_pid=513 prev_prio=100 prev_state=D ==> next_comm=kworker/0:2 next_pid=940 next_prio=120
     kworker/0:2-940     [000] dN.4.   813.953156: sched_wakeup: comm=kworker/u9:1 pid=513 prio=100 target_cpu=000
     kworker/0:2-940     [000] d..2.   813.953160: sched_switch: prev_comm=kworker/0:2 prev_pid=940 prev_prio=120 prev_state=R+ ==> next_comm=kworker/u9:1 next_pid=513 next_prio=100
    kworker/u9:1-513     [000] d..2.   813.953172: sched_switch: prev_comm=kworker/u9:1 prev_pid=513 prev_prio=100 prev_state=D ==> next_comm=kworker/0:2 next_pid=940 next_prio=120
     kworker/0:2-940     [000] dNs5.   813.953185: sched_wakeup: comm=kworker/u9:1 pid=513 prio=100 target_cpu=000
     kworker/0:2-940     [000] d..2.   813.953190: sched_switch: prev_comm=kworker/0:2 prev_pid=940 prev_prio=120 prev_state=R+ ==> next_comm=kworker/u9:1 next_pid=513 next_prio=100
    kworker/u9:1-513     [000] d..2.   813.953198: sched_switch: prev_comm=kworker/u9:1 prev_pid=513 prev_prio=100 prev_state=D ==> next_comm=kworker/0:2 next_pid=940 next_prio=120
     kworker/0:2-940     [000] d..2.   813.953209: sched_switch: prev_comm=kworker/0:2 prev_pid=940 prev_prio=120 prev_state=I ==> next_comm=swapper/0 next_pid=0 next_prio=120
          <idle>-0       [000] dNh4.   813.956202: sched_wakeup: comm=kworker/u9:1 pid=513 prio=100 target_cpu=000
          <idle>-0       [000] d..2.   813.956211: sched_switch: prev_comm=swapper/0 prev_pid=0 prev_prio=120 prev_state=R ==> next_comm=kworker/u9:1 next_pid=513 next_prio=100
    kworker/u9:1-513     [000] d..2.   813.956224: sched_switch: prev_comm=kworker/u9:1 prev_pid=513 prev_prio=100 prev_state=D ==> next_comm=swapper/0 next_pid=0 next_prio=120
          <idle>-0       [000] dNs5.   813.956236: sched_wakeup: comm=kworker/u9:1 pid=513 prio=100 target_cpu=000
          <idle>-0       [000] d..2.   813.956240: sched_switch: prev_comm=swapper/0 prev_pid=0 prev_prio=120 prev_state=R ==> next_comm=kworker/u9:1 next_pid=513 next_prio=100
    kworker/u9:1-513     [000] d..2.   813.956268: sched_switch: prev_comm=kworker/u9:1 prev_pid=513 prev_prio=100 prev_state=D ==> next_comm=swapper/0 next_pid=0 next_prio=120
          <idle>-0       [000] dNs5.   813.956286: sched_wakeup: comm=kworker/u9:1 pid=513 prio=100 target_cpu=000
          <idle>-0       [000] d..2.   813.956290: sched_switch: prev_comm=swapper/0 prev_pid=0 prev_prio=120 prev_state=R ==> next_comm=kworker/u9:1 next_pid=513 next_prio=100
    kworker/u9:1-513     [000] d..2.   813.956314: sched_switch: prev_comm=kworker/u9:1 prev_pid=513 prev_prio=100 prev_state=D ==> next_comm=swapper/0 next_pid=0 next_prio=120
          <idle>-0       [000] dNs5.   813.956329: sched_wakeup: comm=kworker/u9:1 pid=513 prio=100 target_cpu=000
          <idle>-0       [000] d..2.   813.956334: sched_switch: prev_comm=swapper/0 prev_pid=0 prev_prio=120 prev_state=R ==> next_comm=kworker/u9:1 next_pid=513 next_prio=100
    kworker/u9:1-513     [000] d..2.   813.956385: sched_switch: prev_comm=kworker/u9:1 prev_pid=513 prev_prio=100 prev_state=D ==> next_comm=swapper/0 next_pid=0 next_prio=120
          <idle>-0       [000] dNs5.   813.956405: sched_wakeup: comm=kworker/u9:1 pid=513 prio=100 target_cpu=000
          <idle>-0       [000] d..2.   813.956410: sched_switch: prev_comm=swapper/0 prev_pid=0 prev_prio=120 prev_state=R ==> next_comm=kworker/u9:1 next_pid=513 next_prio=100
    kworker/u9:1-513     [000] d..2.   813.956421: sched_switch: prev_comm=kworker/u9:1 prev_pid=513 prev_prio=100 prev_state=I ==> next_comm=swapper/0 next_pid=0 next_prio=120
          <idle>-0       [003] dNh2.   813.970437: sched_wakeup: comm=brcmf_wdog/mmc1 pid=507 prio=120 target_cpu=003
          <idle>-0       [003] d..2.   813.970444: sched_switch: prev_comm=swapper/3 prev_pid=0 prev_prio=120 prev_state=R ==> next_comm=brcmf_wdog/mmc1 next_pid=507 next_prio=120
 brcmf_wdog/mmc1-507     [003] d..2.   813.970450: sched_switch: prev_comm=brcmf_wdog/mmc1 prev_pid=507 prev_prio=120 prev_state=S ==> next_comm=swapper/3 next_pid=0 next_prio=120
          <idle>-0       [003] dNh2.   813.986435: sched_wakeup: comm=brcmf_wdog/mmc1 pid=507 prio=120 target_cpu=003
          <idle>-0       [003] d..2.   813.986442: sched_switch: prev_comm=swapper/3 prev_pid=0 prev_prio=120 prev_state=R ==> next_comm=brcmf_wdog/mmc1 next_pid=507 next_prio=120
 brcmf_wdog/mmc1-507     [003] d..2.   813.986457: sched_switch: prev_comm=brcmf_wdog/mmc1 prev_pid=507 prev_prio=120 prev_state=D ==> next_comm=swapper/3 next_pid=0 next_prio=120
          <idle>-0       [003] dNh2.   813.986468: sched_wakeup: comm=brcmf_wdog/mmc1 pid=507 prio=120 target_cpu=003
          <idle>-0       [003] d..2.   813.986475: sched_switch: prev_comm=swapper/3 prev_pid=0 prev_prio=120 prev_state=R ==> next_comm=brcmf_wdog/mmc1 next_pid=507 next_prio=120
 brcmf_wdog/mmc1-507     [003] d..2.   813.986486: sched_switch: prev_comm=brcmf_wdog/mmc1 prev_pid=507 prev_prio=120 prev_state=D ==> next_comm=swapper/3 next_pid=0 next_prio=120
          <idle>-0       [003] dNh2.   813.986498: sched_wakeup: comm=brcmf_wdog/mmc1 pid=507 prio=120 target_cpu=003
          <idle>-0       [003] d..2.   813.986504: sched_switch: prev_comm=swapper/3 prev_pid=0 prev_prio=120 prev_state=R ==> next_comm=brcmf_wdog/mmc1 next_pid=507 next_prio=120
 brcmf_wdog/mmc1-507     [003] d..2.   813.986515: sched_switch: prev_comm=brcmf_wdog/mmc1 prev_pid=507 prev_prio=120 prev_state=D ==> next_comm=swapper/3 next_pid=0 next_prio=120
          <idle>-0       [003] dNh2.   813.986526: sched_wakeup: comm=brcmf_wdog/mmc1 pid=507 prio=120 target_cpu=003
          <idle>-0       [003] d..2.   813.986533: sched_switch: prev_comm=swapper/3 prev_pid=0 prev_prio=120 prev_state=R ==> next_comm=brcmf_wdog/mmc1 next_pid=507 next_prio=120
 brcmf_wdog/mmc1-507     [003] d..2.   813.986541: sched_switch: prev_comm=brcmf_wdog/mmc1 prev_pid=507 prev_prio=120 prev_state=S ==> next_comm=swapper/3 next_pid=0 next_prio=120
          <idle>-0       [000] dNh6.   814.035608: sched_wakeup: comm=kworker/0:2 pid=940 prio=120 target_cpu=000
          <idle>-0       [000] d..2.   814.035621: sched_switch: prev_comm=swapper/0 prev_pid=0 prev_prio=120 prev_state=R ==> next_comm=kworker/0:2 next_pid=940 next_prio=120
     kworker/0:2-940     [000] dN.4.   814.035638: sched_wakeup: comm=kworker/0:1 pid=910 prio=120 target_cpu=000
     kworker/0:2-940     [000] dNs3.   814.035648: sched_wakeup: comm=kworker/0:2 pid=940 prio=120 target_cpu=000
     kworker/0:2-940     [000] d..2.   814.035653: sched_switch: prev_comm=kworker/0:2 prev_pid=940 prev_prio=120 prev_state=R+ ==> next_comm=kworker/0:1 next_pid=910 next_prio=120
     kworker/0:1-910     [000] d..2.   814.035665: sched_switch: prev_comm=kworker/0:1 prev_pid=910 prev_prio=120 prev_state=I ==> next_comm=kworker/0:2 next_pid=940 next_prio=120
     kworker/0:2-940     [000] d..2.   814.035692: sched_switch: prev_comm=kworker/0:2 prev_pid=940 prev_prio=120 prev_state=D ==> next_comm=swapper/0 next_pid=0 next_prio=120
          <idle>-0       [000] dNs5.   814.035708: sched_wakeup: comm=kworker/0:2 pid=940 prio=120 target_cpu=000
          <idle>-0       [000] d..2.   814.035713: sched_switch: prev_comm=swapper/0 prev_pid=0 prev_prio=120 prev_state=R ==> next_comm=kworker/0:2 next_pid=940 next_prio=120
     kworker/0:2-940     [000] d..2.   814.035732: sched_switch: prev_comm=kworker/0:2 prev_pid=940 prev_prio=120 prev_state=D ==> next_comm=swapper/0 next_pid=0 next_prio=120
          <idle>-0       [000] dNs5.   814.035747: sched_wakeup: comm=kworker/0:2 pid=940 prio=120 target_cpu=000
          <idle>-0       [000] d..2.   814.035752: sched_switch: prev_comm=swapper/0 prev_pid=0 prev_prio=120 prev_state=R ==> next_comm=kworker/0:2 next_pid=940 next_prio=120
     kworker/0:2-940     [000] dN.4.   814.035760: sched_wakeup: comm=kworker/u9:1 pid=513 prio=100 target_cpu=000
     kworker/0:2-940     [000] d..2.   814.035767: sched_switch: prev_comm=kworker/0:2 prev_pid=940 prev_prio=120 prev_state=R+ ==> next_comm=kworker/u9:1 next_pid=513 next_prio=100
    kworker/u9:1-513     [000] d..2.   814.035775: sched_switch: prev_comm=kworker/u9:1 prev_pid=513 prev_prio=100 prev_state=D ==> next_comm=kworker/0:2 next_pid=940 next_prio=120
     kworker/0:2-940     [000] dN.4.   814.035780: sched_wakeup: comm=kworker/u9:1 pid=513 prio=100 target_cpu=000
     kworker/0:2-940     [000] d..2.   814.035784: sched_switch: prev_comm=kworker/0:2 prev_pid=940 prev_prio=120 prev_state=R+ ==> next_comm=kworker/u9:1 next_pid=513 next_prio=100
    kworker/u9:1-513     [000] d..2.   814.035797: sched_switch: prev_comm=kworker/u9:1 prev_pid=513 prev_prio=100 prev_state=D ==> next_comm=kworker/0:2 next_pid=940 next_prio=120
     kworker/0:2-940     [000] dNs5.   814.035810: sched_wakeup: comm=kworker/u9:1 pid=513 prio=100 target_cpu=000
     kworker/0:2-940     [000] d..2.   814.035816: sched_switch: prev_comm=kworker/0:2 prev_pid=940 prev_prio=120 prev_state=R+ ==> next_comm=kworker/u9:1 next_pid=513 next_prio=100
    kworker/u9:1-513     [000] d..2.   814.035824: sched_switch: prev_comm=kworker/u9:1 prev_pid=513 prev_prio=100 prev_state=D ==> next_comm=kworker/0:2 next_pid=940 next_prio=120
     kworker/0:2-940     [000] d..2.   814.035835: sched_switch: prev_comm=kworker/0:2 prev_pid=940 prev_prio=120 prev_state=I ==> next_comm=swapper/0 next_pid=0 next_prio=120
          <idle>-0       [000] dNh4.   814.038828: sched_wakeup: comm=kworker/u9:1 pid=513 prio=100 target_cpu=000
          <idle>-0       [000] d..2.   814.038837: sched_switch: prev_comm=swapper/0 prev_pid=0 prev_prio=120 prev_state=R ==> next_comm=kworker/u9:1 next_pid=513 next_prio=100
    kworker/u9:1-513     [000] d..2.   814.038850: sched_switch: prev_comm=kworker/u9:1 prev_pid=513 prev_prio=100 prev_state=D ==> next_comm=swapper/0 next_pid=0 next_prio=120
          <idle>-0       [000] dNs5.   814.038862: sched_wakeup: comm=kworker/u9:1 pid=513 prio=100 target_cpu=000
          <idle>-0       [000] d..2.   814.038866: sched_switch: prev_comm=swapper/0 prev_pid=0 prev_prio=120 prev_state=R ==> next_comm=kworker/u9:1 next_pid=513 next_prio=100
    kworker/u9:1-513     [000] d..2.   814.038894: sched_switch: prev_comm=kworker/u9:1 prev_pid=513 prev_prio=100 prev_state=D ==> next_comm=swapper/0 next_pid=0 next_prio=120
          <idle>-0       [000] dNs5.   814.038913: sched_wakeup: comm=kworker/u9:1 pid=513 prio=100 target_cpu=000
          <idle>-0       [000] d..2.   814.038917: sched_switch: prev_comm=swapper/0 prev_pid=0 prev_prio=120 prev_state=R ==> next_comm=kworker/u9:1 next_pid=513 next_prio=100
    kworker/u9:1-513     [000] d..2.   814.038941: sched_switch: prev_comm=kworker/u9:1 prev_pid=513 prev_prio=100 prev_state=D ==> next_comm=swapper/0 next_pid=0 next_prio=120
          <idle>-0       [000] dNs5.   814.038958: sched_wakeup: comm=kworker/u9:1 pid=513 prio=100 target_cpu=000
          <idle>-0       [000] d..2.   814.038963: sched_switch: prev_comm=swapper/0 prev_pid=0 prev_prio=120 prev_state=R ==> next_comm=kworker/u9:1 next_pid=513 next_prio=100
          <idle>-0       [002] dNh2.   814.038994: sched_wakeup: comm=sshd pid=894 prio=120 target_cpu=002
          <idle>-0       [002] d..2.   814.039004: sched_switch: prev_comm=swapper/2 prev_pid=0 prev_prio=120 prev_state=R ==> next_comm=sshd next_pid=894 next_prio=120
    kworker/u9:1-513     [000] d..2.   814.039012: sched_switch: prev_comm=kworker/u9:1 prev_pid=513 prev_prio=100 prev_state=D ==> next_comm=swapper/0 next_pid=0 next_prio=120
          <idle>-0       [000] dNs5.   814.039032: sched_wakeup: comm=kworker/u9:1 pid=513 prio=100 target_cpu=000
          <idle>-0       [000] d..2.   814.039037: sched_switch: prev_comm=swapper/0 prev_pid=0 prev_prio=120 prev_state=R ==> next_comm=kworker/u9:1 next_pid=513 next_prio=100
    kworker/u9:1-513     [000] d..2.   814.039048: sched_switch: prev_comm=kworker/u9:1 prev_pid=513 prev_prio=100 prev_state=I ==> next_comm=swapper/0 next_pid=0 next_prio=120
            sshd-894     [002] dN.4.   814.039137: sched_wakeup: comm=kworker/u8:1 pid=942 prio=120 target_cpu=002
            sshd-894     [002] d..2.   814.039145: sched_switch: prev_comm=sshd prev_pid=894 prev_prio=120 prev_state=R+ ==> next_comm=kworker/u8:1 next_pid=942 next_prio=120
    kworker/u8:1-942     [002] d..2.   814.039159: sched_switch: prev_comm=kworker/u8:1 prev_pid=942 prev_prio=120 prev_state=I ==> next_comm=sshd next_pid=894 next_prio=120
          <idle>-0       [003] dNh2.   814.039160: sched_wakeup: comm=sudo pid=923 prio=120 target_cpu=003
          <idle>-0       [003] d..2.   814.039168: sched_switch: prev_comm=swapper/3 prev_pid=0 prev_prio=120 prev_state=R ==> next_comm=sudo next_pid=923 next_prio=120
            sshd-894     [002] d..2.   814.039227: sched_switch: prev_comm=sshd prev_pid=894 prev_prio=120 prev_state=S ==> next_comm=swapper/2 next_pid=0 next_prio=120
          <idle>-0       [002] dNh2.   814.039236: sched_wakeup: comm=kworker/u8:1 pid=942 prio=120 target_cpu=002
          <idle>-0       [002] d..2.   814.039240: sched_switch: prev_comm=swapper/2 prev_pid=0 prev_prio=120 prev_state=R ==> next_comm=kworker/u8:1 next_pid=942 next_prio=120
            sudo-923     [003] d..2.   814.039244: sched_switch: prev_comm=sudo prev_pid=923 prev_prio=120 prev_state=S ==> next_comm=swapper/3 next_pid=0 next_prio=120
    kworker/u8:1-942     [002] d..2.   814.039253: sched_switch: prev_comm=kworker/u8:1 prev_pid=942 prev_prio=120 prev_state=I ==> next_comm=swapper/2 next_pid=0 next_prio=120
          <idle>-0       [001] dNh2.   814.039256: sched_wakeup: comm=bash pid=926 prio=120 target_cpu=001
          <idle>-0       [001] d..2.   814.039264: sched_switch: prev_comm=swapper/1 prev_pid=0 prev_prio=120 prev_state=R ==> next_comm=bash next_pid=926 next_prio=120
          <idle>-0       [002] dNh2.   814.039324: sched_wakeup: comm=kworker/u8:1 pid=942 prio=120 target_cpu=002
          <idle>-0       [002] d..2.   814.039332: sched_switch: prev_comm=swapper/2 prev_pid=0 prev_prio=120 prev_state=R ==> next_comm=kworker/u8:1 next_pid=942 next_prio=120
            bash-926     [001] d..2.   814.039337: sched_switch: prev_comm=bash prev_pid=926 prev_prio=120 prev_state=S ==> next_comm=swapper/1 next_pid=0 next_prio=120
    kworker/u8:1-942     [002] d..2.   814.039343: sched_switch: prev_comm=kworker/u8:1 prev_pid=942 prev_prio=120 prev_state=I ==> next_comm=swapper/2 next_pid=0 next_prio=120
          <idle>-0       [003] dNh2.   814.039346: sched_wakeup: comm=sudo pid=923 prio=120 target_cpu=003
          <idle>-0       [003] d..2.   814.039354: sched_switch: prev_comm=swapper/3 prev_pid=0 prev_prio=120 prev_state=R ==> next_comm=sudo next_pid=923 next_prio=120
          <idle>-0       [002] dNh2.   814.039409: sched_wakeup: comm=kworker/u8:1 pid=942 prio=120 target_cpu=002
          <idle>-0       [002] d..2.   814.039416: sched_switch: prev_comm=swapper/2 prev_pid=0 prev_prio=120 prev_state=R ==> next_comm=kworker/u8:1 next_pid=942 next_prio=120
            sudo-923     [003] d..2.   814.039425: sched_switch: prev_comm=sudo prev_pid=923 prev_prio=120 prev_state=S ==> next_comm=swapper/3 next_pid=0 next_prio=120
    kworker/u8:1-942     [002] d..4.   814.039427: sched_wakeup: comm=sshd pid=894 prio=120 target_cpu=002
    kworker/u8:1-942     [002] d..2.   814.039434: sched_switch: prev_comm=kworker/u8:1 prev_pid=942 prev_prio=120 prev_state=I ==> next_comm=sshd next_pid=894 next_prio=120
          <idle>-0       [000] dNh2.   814.039606: sched_wakeup: comm=kworker/u9:1 pid=513 prio=100 target_cpu=000
          <idle>-0       [000] d..2.   814.039614: sched_switch: prev_comm=swapper/0 prev_pid=0 prev_prio=120 prev_state=R ==> next_comm=kworker/u9:1 next_pid=513 next_prio=100
            sshd-894     [002] d..2.   814.039642: sched_switch: prev_comm=sshd prev_pid=894 prev_prio=120 prev_state=S ==> next_comm=swapper/2 next_pid=0 next_prio=120
    kworker/u9:1-513     [000] d..2.   814.039644: sched_switch: prev_comm=kworker/u9:1 prev_pid=513 prev_prio=100 prev_state=D ==> next_comm=swapper/0 next_pid=0 next_prio=120
          <idle>-0       [000] dNs5.   814.039675: sched_wakeup: comm=kworker/u9:1 pid=513 prio=100 target_cpu=000
          <idle>-0       [000] d..2.   814.039683: sched_switch: prev_comm=swapper/0 prev_pid=0 prev_prio=120 prev_state=R ==> next_comm=kworker/u9:1 next_pid=513 next_prio=100
    kworker/u9:1-513     [000] d..2.   814.039697: sched_switch: prev_comm=kworker/u9:1 prev_pid=513 prev_prio=100 prev_state=I ==> next_comm=swapper/0 next_pid=0 next_prio=120
          <idle>-0       [003] dNh2.   814.054440: sched_wakeup: comm=brcmf_wdog/mmc1 pid=507 prio=120 target_cpu=003
          <idle>-0       [003] d..2.   814.054448: sched_switch: prev_comm=swapper/3 prev_pid=0 prev_prio=120 prev_state=R ==> next_comm=brcmf_wdog/mmc1 next_pid=507 next_prio=120
 brcmf_wdog/mmc1-507     [003] d..2.   814.054455: sched_switch: prev_comm=brcmf_wdog/mmc1 prev_pid=507 prev_prio=120 prev_state=S ==> next_comm=swapper/3 next_pid=0 next_prio=120
          <idle>-0       [003] dNh2.   814.070436: sched_wakeup: comm=brcmf_wdog/mmc1 pid=507 prio=120 target_cpu=003
          <idle>-0       [003] d..2.   814.070443: sched_switch: prev_comm=swapper/3 prev_pid=0 prev_prio=120 prev_state=R ==> next_comm=brcmf_wdog/mmc1 next_pid=507 next_prio=120
 brcmf_wdog/mmc1-507     [003] d..2.   814.070459: sched_switch: prev_comm=brcmf_wdog/mmc1 prev_pid=507 prev_prio=120 prev_state=D ==> next_comm=swapper/3 next_pid=0 next_prio=120
          <idle>-0       [003] dNh2.   814.070470: sched_wakeup: comm=brcmf_wdog/mmc1 pid=507 prio=120 target_cpu=003
          <idle>-0       [003] d..2.   814.070479: sched_switch: prev_comm=swapper/3 prev_pid=0 prev_prio=120 prev_state=R ==> next_comm=brcmf_wdog/mmc1 next_pid=507 next_prio=120
 brcmf_wdog/mmc1-507     [003] d..2.   814.070490: sched_switch: prev_comm=brcmf_wdog/mmc1 prev_pid=507 prev_prio=120 prev_state=D ==> next_comm=swapper/3 next_pid=0 next_prio=120
          <idle>-0       [003] dNh2.   814.070502: sched_wakeup: comm=brcmf_wdog/mmc1 pid=507 prio=120 target_cpu=003
          <idle>-0       [003] d..2.   814.070509: sched_switch: prev_comm=swapper/3 prev_pid=0 prev_prio=120 prev_state=R ==> next_comm=brcmf_wdog/mmc1 next_pid=507 next_prio=120
 brcmf_wdog/mmc1-507     [003] d..2.   814.070520: sched_switch: prev_comm=brcmf_wdog/mmc1 prev_pid=507 prev_prio=120 prev_state=D ==> next_comm=swapper/3 next_pid=0 next_prio=120
          <idle>-0       [003] dNh2.   814.070531: sched_wakeup: comm=brcmf_wdog/mmc1 pid=507 prio=120 target_cpu=003
          <idle>-0       [003] d..2.   814.070538: sched_switch: prev_comm=swapper/3 prev_pid=0 prev_prio=120 prev_state=R ==> next_comm=brcmf_wdog/mmc1 next_pid=507 next_prio=120
 brcmf_wdog/mmc1-507     [003] d..2.   814.070546: sched_switch: prev_comm=brcmf_wdog/mmc1 prev_pid=507 prev_prio=120 prev_state=S ==> next_comm=swapper/3 next_pid=0 next_prio=120
          <idle>-0       [000] dNh6.   814.100177: sched_wakeup: comm=kworker/0:2 pid=940 prio=120 target_cpu=000
          <idle>-0       [000] d..2.   814.100187: sched_switch: prev_comm=swapper/0 prev_pid=0 prev_prio=120 prev_state=R ==> next_comm=kworker/0:2 next_pid=940 next_prio=120
     kworker/0:2-940     [000] d..2.   814.100203: sched_switch: prev_comm=kworker/0:2 prev_pid=940 prev_prio=120 prev_state=D ==> next_comm=swapper/0 next_pid=0 next_prio=120
          <idle>-0       [000] dNs5.   814.100216: sched_wakeup: comm=kworker/0:2 pid=940 prio=120 target_cpu=000
          <idle>-0       [000] d..2.   814.100220: sched_switch: prev_comm=swapper/0 prev_pid=0 prev_prio=120 prev_state=R ==> next_comm=kworker/0:2 next_pid=940 next_prio=120
     kworker/0:2-940     [000] d..2.   814.100241: sched_switch: prev_comm=kworker/0:2 prev_pid=940 prev_prio=120 prev_state=D ==> next_comm=swapper/0 next_pid=0 next_prio=120
          <idle>-0       [000] dNs5.   814.100255: sched_wakeup: comm=kworker/0:2 pid=940 prio=120 target_cpu=000
          <idle>-0       [000] d..2.   814.100259: sched_switch: prev_comm=swapper/0 prev_pid=0 prev_prio=120 prev_state=R ==> next_comm=kworker/0:2 next_pid=940 next_prio=120
     kworker/0:2-940     [000] d..2.   814.100278: sched_switch: prev_comm=kworker/0:2 prev_pid=940 prev_prio=120 prev_state=D ==> next_comm=swapper/0 next_pid=0 next_prio=120
          <idle>-0       [000] dNs5.   814.100294: sched_wakeup: comm=kworker/0:2 pid=940 prio=120 target_cpu=000
          <idle>-0       [000] d..2.   814.100298: sched_switch: prev_comm=swapper/0 prev_pid=0 prev_prio=120 prev_state=R ==> next_comm=kworker/0:2 next_pid=940 next_prio=120
     kworker/0:2-940     [000] dN.4.   814.100306: sched_wakeup: comm=kworker/u9:1 pid=513 prio=100 target_cpu=000
     kworker/0:2-940     [000] d..2.   814.100313: sched_switch: prev_comm=kworker/0:2 prev_pid=940 prev_prio=120 prev_state=R+ ==> next_comm=kworker/u9:1 next_pid=513 next_prio=100
    kworker/u9:1-513     [000] d..2.   814.100321: sched_switch: prev_comm=kworker/u9:1 prev_pid=513 prev_prio=100 prev_state=D ==> next_comm=kworker/0:2 next_pid=940 next_prio=120
     kworker/0:2-940     [000] dN.4.   814.100327: sched_wakeup: comm=kworker/u9:1 pid=513 prio=100 target_cpu=000
     kworker/0:2-940     [000] d..2.   814.100330: sched_switch: prev_comm=kworker/0:2 prev_pid=940 prev_prio=120 prev_state=R+ ==> next_comm=kworker/u9:1 next_pid=513 next_prio=100
    kworker/u9:1-513     [000] d..2.   814.100343: sched_switch: prev_comm=kworker/u9:1 prev_pid=513 prev_prio=100 prev_state=D ==> next_comm=kworker/0:2 next_pid=940 next_prio=120
     kworker/0:2-940     [000] dNs5.   814.100356: sched_wakeup: comm=kworker/u9:1 pid=513 prio=100 target_cpu=000
     kworker/0:2-940     [000] d..2.   814.100360: sched_switch: prev_comm=kworker/0:2 prev_pid=940 prev_prio=120 prev_state=R+ ==> next_comm=kworker/u9:1 next_pid=513 next_prio=100
    kworker/u9:1-513     [000] d..2.   814.100368: sched_switch: prev_comm=kworker/u9:1 prev_pid=513 prev_prio=100 prev_state=D ==> next_comm=kworker/0:2 next_pid=940 next_prio=120
     kworker/0:2-940     [000] d..2.   814.100379: sched_switch: prev_comm=kworker/0:2 prev_pid=940 prev_prio=120 prev_state=I ==> next_comm=swapper/0 next_pid=0 next_prio=120
          <idle>-0       [000] dNh4.   814.103373: sched_wakeup: comm=kworker/u9:1 pid=513 prio=100 target_cpu=000
          <idle>-0       [000] d..2.   814.103382: sched_switch: prev_comm=swapper/0 prev_pid=0 prev_prio=120 prev_state=R ==> next_comm=kworker/u9:1 next_pid=513 next_prio=100
    kworker/u9:1-513     [000] d..2.   814.103395: sched_switch: prev_comm=kworker/u9:1 prev_pid=513 prev_prio=100 prev_state=D ==> next_comm=swapper/0 next_pid=0 next_prio=120
          <idle>-0       [000] dNs5.   814.103407: sched_wakeup: comm=kworker/u9:1 pid=513 prio=100 target_cpu=000
          <idle>-0       [000] d..2.   814.103411: sched_switch: prev_comm=swapper/0 prev_pid=0 prev_prio=120 prev_state=R ==> next_comm=kworker/u9:1 next_pid=513 next_prio=100
    kworker/u9:1-513     [000] d..2.   814.103439: sched_switch: prev_comm=kworker/u9:1 prev_pid=513 prev_prio=100 prev_state=D ==> next_comm=swapper/0 next_pid=0 next_prio=120
          <idle>-0       [000] dNs5.   814.103457: sched_wakeup: comm=kworker/u9:1 pid=513 prio=100 target_cpu=000
          <idle>-0       [000] d..2.   814.103461: sched_switch: prev_comm=swapper/0 prev_pid=0 prev_prio=120 prev_state=R ==> next_comm=kworker/u9:1 next_pid=513 next_prio=100
    kworker/u9:1-513     [000] d..2.   814.103487: sched_switch: prev_comm=kworker/u9:1 prev_pid=513 prev_prio=100 prev_state=D ==> next_comm=swapper/0 next_pid=0 next_prio=120
          <idle>-0       [000] dNs5.   814.103502: sched_wakeup: comm=kworker/u9:1 pid=513 prio=100 target_cpu=000
          <idle>-0       [000] d..2.   814.103507: sched_switch: prev_comm=swapper/0 prev_pid=0 prev_prio=120 prev_state=R ==> next_comm=kworker/u9:1 next_pid=513 next_prio=100
    kworker/u9:1-513     [000] d..2.   814.103557: sched_switch: prev_comm=kworker/u9:1 prev_pid=513 prev_prio=100 prev_state=D ==> next_comm=swapper/0 next_pid=0 next_prio=120
          <idle>-0       [000] dNs5.   814.103577: sched_wakeup: comm=kworker/u9:1 pid=513 prio=100 target_cpu=000
          <idle>-0       [000] d..2.   814.103582: sched_switch: prev_comm=swapper/0 prev_pid=0 prev_prio=120 prev_state=R ==> next_comm=kworker/u9:1 next_pid=513 next_prio=100
    kworker/u9:1-513     [000] d..2.   814.103593: sched_switch: prev_comm=kworker/u9:1 prev_pid=513 prev_prio=100 prev_state=I ==> next_comm=swapper/0 next_pid=0 next_prio=120
          <idle>-0       [003] dNh2.   814.118440: sched_wakeup: comm=brcmf_wdog/mmc1 pid=507 prio=120 target_cpu=003
          <idle>-0       [003] d..2.   814.118446: sched_switch: prev_comm=swapper/3 prev_pid=0 prev_prio=120 prev_state=R ==> next_comm=brcmf_wdog/mmc1 next_pid=507 next_prio=120
 brcmf_wdog/mmc1-507     [003] d..2.   814.118453: sched_switch: prev_comm=brcmf_wdog/mmc1 prev_pid=507 prev_prio=120 prev_state=S ==> next_comm=swapper/3 next_pid=0 next_prio=120
          <idle>-0       [003] dNh2.   814.134437: sched_wakeup: comm=brcmf_wdog/mmc1 pid=507 prio=120 target_cpu=003
          <idle>-0       [003] d..2.   814.134443: sched_switch: prev_comm=swapper/3 prev_pid=0 prev_prio=120 prev_state=R ==> next_comm=brcmf_wdog/mmc1 next_pid=507 next_prio=120
 brcmf_wdog/mmc1-507     [003] d..2.   814.134457: sched_switch: prev_comm=brcmf_wdog/mmc1 prev_pid=507 prev_prio=120 prev_state=D ==> next_comm=swapper/3 next_pid=0 next_prio=120
          <idle>-0       [003] dNh2.   814.134469: sched_wakeup: comm=brcmf_wdog/mmc1 pid=507 prio=120 target_cpu=003
          <idle>-0       [003] d..2.   814.134474: sched_switch: prev_comm=swapper/3 prev_pid=0 prev_prio=120 prev_state=R ==> next_comm=brcmf_wdog/mmc1 next_pid=507 next_prio=120
 brcmf_wdog/mmc1-507     [003] d..2.   814.134485: sched_switch: prev_comm=brcmf_wdog/mmc1 prev_pid=507 prev_prio=120 prev_state=D ==> next_comm=swapper/3 next_pid=0 next_prio=120
          <idle>-0       [003] dNh2.   814.134496: sched_wakeup: comm=brcmf_wdog/mmc1 pid=507 prio=120 target_cpu=003
          <idle>-0       [003] d..2.   814.134503: sched_switch: prev_comm=swapper/3 prev_pid=0 prev_prio=120 prev_state=R ==> next_comm=brcmf_wdog/mmc1 next_pid=507 next_prio=120
 brcmf_wdog/mmc1-507     [003] d..2.   814.134514: sched_switch: prev_comm=brcmf_wdog/mmc1 prev_pid=507 prev_prio=120 prev_state=D ==> next_comm=swapper/3 next_pid=0 next_prio=120
          <idle>-0       [003] dNh2.   814.134525: sched_wakeup: comm=brcmf_wdog/mmc1 pid=507 prio=120 target_cpu=003
          <idle>-0       [003] d..2.   814.134532: sched_switch: prev_comm=swapper/3 prev_pid=0 prev_prio=120 prev_state=R ==> next_comm=brcmf_wdog/mmc1 next_pid=507 next_prio=120
 brcmf_wdog/mmc1-507     [003] d..2.   814.134540: sched_switch: prev_comm=brcmf_wdog/mmc1 prev_pid=507 prev_prio=120 prev_state=S ==> next_comm=swapper/3 next_pid=0 next_prio=120
          <idle>-0       [000] dNh6.   814.156112: sched_wakeup: comm=kworker/0:2 pid=940 prio=120 target_cpu=000
          <idle>-0       [000] d..2.   814.156124: sched_switch: prev_comm=swapper/0 prev_pid=0 prev_prio=120 prev_state=R ==> next_comm=kworker/0:2 next_pid=940 next_prio=120
     kworker/0:2-940     [000] dN.4.   814.156141: sched_wakeup: comm=kworker/0:1 pid=910 prio=120 target_cpu=000
     kworker/0:2-940     [000] dNs3.   814.156151: sched_wakeup: comm=kworker/0:2 pid=940 prio=120 target_cpu=000
     kworker/0:2-940     [000] d..2.   814.156156: sched_switch: prev_comm=kworker/0:2 prev_pid=940 prev_prio=120 prev_state=R+ ==> next_comm=kworker/0:1 next_pid=910 next_prio=120
     kworker/0:1-910     [000] d..2.   814.156167: sched_switch: prev_comm=kworker/0:1 prev_pid=910 prev_prio=120 prev_state=I ==> next_comm=kworker/0:2 next_pid=940 next_prio=120
     kworker/0:2-940     [000] d..2.   814.156194: sched_switch: prev_comm=kworker/0:2 prev_pid=940 prev_prio=120 prev_state=D ==> next_comm=swapper/0 next_pid=0 next_prio=120
          <idle>-0       [000] dNs5.   814.156209: sched_wakeup: comm=kworker/0:2 pid=940 prio=120 target_cpu=000
          <idle>-0       [000] d..2.   814.156214: sched_switch: prev_comm=swapper/0 prev_pid=0 prev_prio=120 prev_state=R ==> next_comm=kworker/0:2 next_pid=940 next_prio=120
     kworker/0:2-940     [000] d..2.   814.156234: sched_switch: prev_comm=kworker/0:2 prev_pid=940 prev_prio=120 prev_state=D ==> next_comm=swapper/0 next_pid=0 next_prio=120
          <idle>-0       [000] dNs5.   814.156249: sched_wakeup: comm=kworker/0:2 pid=940 prio=120 target_cpu=000
          <idle>-0       [000] d..2.   814.156253: sched_switch: prev_comm=swapper/0 prev_pid=0 prev_prio=120 prev_state=R ==> next_comm=kworker/0:2 next_pid=940 next_prio=120
     kworker/0:2-940     [000] dN.4.   814.156261: sched_wakeup: comm=kworker/u9:1 pid=513 prio=100 target_cpu=000
     kworker/0:2-940     [000] d..2.   814.156268: sched_switch: prev_comm=kworker/0:2 prev_pid=940 prev_prio=120 prev_state=R+ ==> next_comm=kworker/u9:1 next_pid=513 next_prio=100
    kworker/u9:1-513     [000] d..2.   814.156276: sched_switch: prev_comm=kworker/u9:1 prev_pid=513 prev_prio=100 prev_state=D ==> next_comm=kworker/0:2 next_pid=940 next_prio=120
     kworker/0:2-940     [000] dN.4.   814.156282: sched_wakeup: comm=kworker/u9:1 pid=513 prio=100 target_cpu=000
     kworker/0:2-940     [000] d..2.   814.156286: sched_switch: prev_comm=kworker/0:2 prev_pid=940 prev_prio=120 prev_state=R+ ==> next_comm=kworker/u9:1 next_pid=513 next_prio=100
    kworker/u9:1-513     [000] d..2.   814.156299: sched_switch: prev_comm=kworker/u9:1 prev_pid=513 prev_prio=100 prev_state=D ==> next_comm=kworker/0:2 next_pid=940 next_prio=120
     kworker/0:2-940     [000] dNs5.   814.156311: sched_wakeup: comm=kworker/u9:1 pid=513 prio=100 target_cpu=000
     kworker/0:2-940     [000] d..2.   814.156316: sched_switch: prev_comm=kworker/0:2 prev_pid=940 prev_prio=120 prev_state=R+ ==> next_comm=kworker/u9:1 next_pid=513 next_prio=100
    kworker/u9:1-513     [000] d..2.   814.156324: sched_switch: prev_comm=kworker/u9:1 prev_pid=513 prev_prio=100 prev_state=D ==> next_comm=kworker/0:2 next_pid=940 next_prio=120
     kworker/0:2-940     [000] d..2.   814.156334: sched_switch: prev_comm=kworker/0:2 prev_pid=940 prev_prio=120 prev_state=I ==> next_comm=swapper/0 next_pid=0 next_prio=120
          <idle>-0       [000] dNh4.   814.159328: sched_wakeup: comm=kworker/u9:1 pid=513 prio=100 target_cpu=000
          <idle>-0       [000] d..2.   814.159337: sched_switch: prev_comm=swapper/0 prev_pid=0 prev_prio=120 prev_state=R ==> next_comm=kworker/u9:1 next_pid=513 next_prio=100
    kworker/u9:1-513     [000] d..2.   814.159350: sched_switch: prev_comm=kworker/u9:1 prev_pid=513 prev_prio=100 prev_state=D ==> next_comm=swapper/0 next_pid=0 next_prio=120
          <idle>-0       [000] dNs5.   814.159362: sched_wakeup: comm=kworker/u9:1 pid=513 prio=100 target_cpu=000
          <idle>-0       [000] d..2.   814.159366: sched_switch: prev_comm=swapper/0 prev_pid=0 prev_prio=120 prev_state=R ==> next_comm=kworker/u9:1 next_pid=513 next_prio=100
    kworker/u9:1-513     [000] d..2.   814.159394: sched_switch: prev_comm=kworker/u9:1 prev_pid=513 prev_prio=100 prev_state=D ==> next_comm=swapper/0 next_pid=0 next_prio=120
          <idle>-0       [000] dNs5.   814.159412: sched_wakeup: comm=kworker/u9:1 pid=513 prio=100 target_cpu=000
          <idle>-0       [000] d..2.   814.159416: sched_switch: prev_comm=swapper/0 prev_pid=0 prev_prio=120 prev_state=R ==> next_comm=kworker/u9:1 next_pid=513 next_prio=100
    kworker/u9:1-513     [000] d..2.   814.159440: sched_switch: prev_comm=kworker/u9:1 prev_pid=513 prev_prio=100 prev_state=D ==> next_comm=swapper/0 next_pid=0 next_prio=120
          <idle>-0       [000] dNs5.   814.159457: sched_wakeup: comm=kworker/u9:1 pid=513 prio=100 target_cpu=000
          <idle>-0       [000] d..2.   814.159461: sched_switch: prev_comm=swapper/0 prev_pid=0 prev_prio=120 prev_state=R ==> next_comm=kworker/u9:1 next_pid=513 next_prio=100
          <idle>-0       [002] dNh2.   814.159492: sched_wakeup: comm=sshd pid=894 prio=120 target_cpu=002
          <idle>-0       [002] d..2.   814.159502: sched_switch: prev_comm=swapper/2 prev_pid=0 prev_prio=120 prev_state=R ==> next_comm=sshd next_pid=894 next_prio=120
    kworker/u9:1-513     [000] d..2.   814.159511: sched_switch: prev_comm=kworker/u9:1 prev_pid=513 prev_prio=100 prev_state=D ==> next_comm=swapper/0 next_pid=0 next_prio=120
          <idle>-0       [000] dNs5.   814.159532: sched_wakeup: comm=kworker/u9:1 pid=513 prio=100 target_cpu=000
          <idle>-0       [000] d..2.   814.159537: sched_switch: prev_comm=swapper/0 prev_pid=0 prev_prio=120 prev_state=R ==> next_comm=kworker/u9:1 next_pid=513 next_prio=100
    kworker/u9:1-513     [000] d..2.   814.159548: sched_switch: prev_comm=kworker/u9:1 prev_pid=513 prev_prio=100 prev_state=I ==> next_comm=swapper/0 next_pid=0 next_prio=120
            sshd-894     [002] dN.4.   814.159630: sched_wakeup: comm=kworker/u8:1 pid=942 prio=120 target_cpu=002
            sshd-894     [002] d..2.   814.159639: sched_switch: prev_comm=sshd prev_pid=894 prev_prio=120 prev_state=R+ ==> next_comm=kworker/u8:1 next_pid=942 next_prio=120
    kworker/u8:1-942     [002] d..2.   814.159654: sched_switch: prev_comm=kworker/u8:1 prev_pid=942 prev_prio=120 prev_state=I ==> next_comm=sshd next_pid=894 next_prio=120
          <idle>-0       [003] dNh2.   814.159655: sched_wakeup: comm=sudo pid=923 prio=120 target_cpu=003
          <idle>-0       [003] d..2.   814.159662: sched_switch: prev_comm=swapper/3 prev_pid=0 prev_prio=120 prev_state=R ==> next_comm=sudo next_pid=923 next_prio=120
            sshd-894     [002] d..2.   814.159721: sched_switch: prev_comm=sshd prev_pid=894 prev_prio=120 prev_state=S ==> next_comm=swapper/2 next_pid=0 next_prio=120
            sudo-923     [003] dN.4.   814.159726: sched_wakeup: comm=kworker/u8:1 pid=942 prio=120 target_cpu=003
