# tracer: function
#
# entries-in-buffer/entries-written: 10054/10054   #P:4
#
#                                _-----=> irqs-off/BH-disabled
#                               / _----=> need-resched
#                              | / _---=> hardirq/softirq
#                              || / _--=> preempt-depth
#                              ||| / _-=> migrate-disable
#                              |||| /     delay
#           TASK-PID     CPU#  |||||  TIMESTAMP  FUNCTION
#              | |         |   |||||     |         |
          <idle>-0       [002] dNh2.   803.222458: sched_wakeup: comm=kworker/u8:1 pid=942 prio=120 target_cpu=002
          <idle>-0       [002] d..2.   803.222464: sched_switch: prev_comm=swapper/2 prev_pid=0 prev_prio=120 prev_state=R ==> next_comm=kworker/u8:1 next_pid=942 next_prio=120
          <idle>-0       [003] dNh2.   803.222472: sched_wakeup: comm=sudo pid=867 prio=120 target_cpu=003
    kworker/u8:1-942     [002] d..2.   803.222472: sched_switch: prev_comm=kworker/u8:1 prev_pid=942 prev_prio=120 prev_state=I ==> next_comm=swapper/2 next_pid=0 next_prio=120
          <idle>-0       [003] d..2.   803.222475: sched_switch: prev_comm=swapper/3 prev_pid=0 prev_prio=120 prev_state=R ==> next_comm=sudo next_pid=867 next_prio=120
          <idle>-0       [002] dNh2.   803.222505: sched_wakeup: comm=kworker/u8:1 pid=942 prio=120 target_cpu=002
          <idle>-0       [002] d..2.   803.222507: sched_switch: prev_comm=swapper/2 prev_pid=0 prev_prio=120 prev_state=R ==> next_comm=kworker/u8:1 next_pid=942 next_prio=120
    kworker/u8:1-942     [002] d..2.   803.222512: sched_switch: prev_comm=kworker/u8:1 prev_pid=942 prev_prio=120 prev_state=I ==> next_comm=swapper/2 next_pid=0 next_prio=120
            sudo-867     [003] d..2.   803.222512: sched_switch: prev_comm=sudo prev_pid=867 prev_prio=120 prev_state=S ==> next_comm=swapper/3 next_pid=0 next_prio=120
          <idle>-0       [000] dNh2.   803.222513: sched_wakeup: comm=sshd pid=790 prio=120 target_cpu=000
   set_ftrace.sh-952     [001] .....   803.222513: __arm64_sys_exit_group+0x4/0x20 <-invoke_syscall+0x50/0x120
   set_ftrace.sh-952     [001] .....   803.222517: <stack trace>
 => __arm64_sys_exit_group+0x8/0x20
 => invoke_syscall+0x50/0x120
 => el0_svc_common.constprop.0+0x4c/0xf4
 => do_el0_svc+0x34/0xd0
 => el0_svc+0x2c/0x84
 => el0t_64_sync_handler+0xf4/0x120
 => el0t_64_sync+0x18c/0x190
          <idle>-0       [000] d..2.   803.222517: sched_switch: prev_comm=swapper/0 prev_pid=0 prev_prio=120 prev_state=R ==> next_comm=sshd next_pid=790 next_prio=120
   set_ftrace.sh-952     [001] .....   803.222518: do_exit+0x4/0x9a0 <-do_group_exit+0x3c/0xa0
   set_ftrace.sh-952     [001] .....   803.222519: <stack trace>
 => do_exit+0x8/0x9a0
 => do_group_exit+0x3c/0xa0
 => __wake_up_parent+0x0/0x40
 => invoke_syscall+0x50/0x120
 => el0_svc_common.constprop.0+0x4c/0xf4
 => do_el0_svc+0x34/0xd0
 => el0_svc+0x2c/0x84
 => el0t_64_sync_handler+0xf4/0x120
 => el0t_64_sync+0x18c/0x190
            sshd-790     [000] DN.6.   803.222636: sched_wakeup: comm=kworker/u9:1 pid=513 prio=100 target_cpu=000
            sshd-790     [000] d..2.   803.222641: sched_switch: prev_comm=sshd prev_pid=790 prev_prio=120 prev_state=R+ ==> next_comm=kworker/u9:1 next_pid=513 next_prio=100
    kworker/u9:1-513     [000] d..2.   803.222658: sched_switch: prev_comm=kworker/u9:1 prev_pid=513 prev_prio=100 prev_state=D ==> next_comm=sshd next_pid=790 next_prio=120
            sshd-790     [000] dNs5.   803.222667: sched_wakeup: comm=kworker/u9:1 pid=513 prio=100 target_cpu=000
            sshd-790     [000] d..2.   803.222670: sched_switch: prev_comm=sshd prev_pid=790 prev_prio=120 prev_state=R+ ==> next_comm=kworker/u9:1 next_pid=513 next_prio=100
    kworker/u9:1-513     [000] d..2.   803.222675: sched_switch: prev_comm=kworker/u9:1 prev_pid=513 prev_prio=100 prev_state=D ==> next_comm=sshd next_pid=790 next_prio=120
            sshd-790     [000] d..2.   803.222701: sched_switch: prev_comm=sshd prev_pid=790 prev_prio=120 prev_state=S ==> next_comm=swapper/0 next_pid=0 next_prio=120
   set_ftrace.sh-952     [001] .....   803.222766: sched_process_exit: comm=set_ftrace.sh pid=952 prio=120
   set_ftrace.sh-952     [001] d..2.   803.222806: signal_generate: sig=17 errno=0 code=1 comm=bash pid=871 grp=1 res=0
          <idle>-0       [003] dNh2.   803.222812: sched_wakeup: comm=bash pid=871 prio=120 target_cpu=003
   set_ftrace.sh-952     [001] d..2.   803.222814: sched_switch: prev_comm=set_ftrace.sh prev_pid=952 prev_prio=120 prev_state=Z ==> next_comm=swapper/1 next_pid=0 next_prio=120
          <idle>-0       [003] d..2.   803.222816: sched_switch: prev_comm=swapper/3 prev_pid=0 prev_prio=120 prev_state=R ==> next_comm=bash next_pid=871 next_prio=120
            bash-871     [003] d..1.   803.222886: signal_deliver: sig=17 errno=0 code=1 sa_handler=55858e50f4 sa_flags=10000000
          <idle>-0       [002] dNh2.   803.223081: sched_wakeup: comm=kworker/u8:1 pid=942 prio=120 target_cpu=002
          <idle>-0       [002] d..2.   803.223084: sched_switch: prev_comm=swapper/2 prev_pid=0 prev_prio=120 prev_state=R ==> next_comm=kworker/u8:1 next_pid=942 next_prio=120
    kworker/u8:1-942     [002] d..2.   803.223089: sched_switch: prev_comm=kworker/u8:1 prev_pid=942 prev_prio=120 prev_state=I ==> next_comm=swapper/2 next_pid=0 next_prio=120
            bash-871     [003] d.h1.   803.223092: sched_wakeup: comm=sudo pid=867 prio=120 target_cpu=003
          <idle>-0       [002] dNh2.   803.223122: sched_wakeup: comm=kworker/u8:1 pid=942 prio=120 target_cpu=002
          <idle>-0       [002] d..2.   803.223124: sched_switch: prev_comm=swapper/2 prev_pid=0 prev_prio=120 prev_state=R ==> next_comm=kworker/u8:1 next_pid=942 next_prio=120
            bash-871     [003] d..2.   803.223133: sched_switch: prev_comm=bash prev_pid=871 prev_prio=120 prev_state=S ==> next_comm=sudo next_pid=867 next_prio=120
    kworker/u8:1-942     [002] d..2.   803.223137: sched_switch: prev_comm=kworker/u8:1 prev_pid=942 prev_prio=120 prev_state=I ==> next_comm=swapper/2 next_pid=0 next_prio=120
          <idle>-0       [002] dNh2.   803.223170: sched_wakeup: comm=kworker/u8:1 pid=942 prio=120 target_cpu=002
          <idle>-0       [002] d..2.   803.223173: sched_switch: prev_comm=swapper/2 prev_pid=0 prev_prio=120 prev_state=R ==> next_comm=kworker/u8:1 next_pid=942 next_prio=120
    kworker/u8:1-942     [002] d..2.   803.223178: sched_switch: prev_comm=kworker/u8:1 prev_pid=942 prev_prio=120 prev_state=I ==> next_comm=swapper/2 next_pid=0 next_prio=120
          <idle>-0       [000] dNh2.   803.223179: sched_wakeup: comm=sshd pid=790 prio=120 target_cpu=000
            sudo-867     [003] d..2.   803.223181: sched_switch: prev_comm=sudo prev_pid=867 prev_prio=120 prev_state=S ==> next_comm=swapper/3 next_pid=0 next_prio=120
          <idle>-0       [000] d..2.   803.223182: sched_switch: prev_comm=swapper/0 prev_pid=0 prev_prio=120 prev_state=R ==> next_comm=sshd next_pid=790 next_prio=120
          <idle>-0       [002] dNh2.   803.223274: sched_wakeup: comm=kworker/u9:0 pid=79 prio=100 target_cpu=002
          <idle>-0       [002] d..2.   803.223277: sched_switch: prev_comm=swapper/2 prev_pid=0 prev_prio=120 prev_state=R ==> next_comm=kworker/u9:0 next_pid=79 next_prio=100
    kworker/u9:0-79      [002] d..2.   803.223280: sched_switch: prev_comm=kworker/u9:0 prev_pid=79 prev_prio=100 prev_state=I ==> next_comm=swapper/2 next_pid=0 next_prio=120
            sshd-790     [000] d..2.   803.223287: sched_switch: prev_comm=sshd prev_pid=790 prev_prio=120 prev_state=S ==> next_comm=swapper/0 next_pid=0 next_prio=120
          <idle>-0       [000] dNh4.   803.225676: sched_wakeup: comm=kworker/u9:1 pid=513 prio=100 target_cpu=000
          <idle>-0       [000] d..2.   803.225680: sched_switch: prev_comm=swapper/0 prev_pid=0 prev_prio=120 prev_state=R ==> next_comm=kworker/u9:1 next_pid=513 next_prio=100
    kworker/u9:1-513     [000] d..2.   803.225688: sched_switch: prev_comm=kworker/u9:1 prev_pid=513 prev_prio=100 prev_state=D ==> next_comm=swapper/0 next_pid=0 next_prio=120
          <idle>-0       [000] dNs5.   803.225697: sched_wakeup: comm=kworker/u9:1 pid=513 prio=100 target_cpu=000
          <idle>-0       [000] d..2.   803.225698: sched_switch: prev_comm=swapper/0 prev_pid=0 prev_prio=120 prev_state=R ==> next_comm=kworker/u9:1 next_pid=513 next_prio=100
    kworker/u9:1-513     [000] d..2.   803.225722: sched_switch: prev_comm=kworker/u9:1 prev_pid=513 prev_prio=100 prev_state=D ==> next_comm=swapper/0 next_pid=0 next_prio=120
          <idle>-0       [000] dNs5.   803.225767: sched_wakeup: comm=kworker/u9:1 pid=513 prio=100 target_cpu=000
          <idle>-0       [000] d..2.   803.225769: sched_switch: prev_comm=swapper/0 prev_pid=0 prev_prio=120 prev_state=R ==> next_comm=kworker/u9:1 next_pid=513 next_prio=100
    kworker/u9:1-513     [000] d..2.   803.225782: sched_switch: prev_comm=kworker/u9:1 prev_pid=513 prev_prio=100 prev_state=I ==> next_comm=swapper/0 next_pid=0 next_prio=120
          <idle>-0       [002] dNh2.   803.226287: sched_wakeup: comm=rcu_preempt pid=15 prio=120 target_cpu=002
          <idle>-0       [002] d..2.   803.226290: sched_switch: prev_comm=swapper/2 prev_pid=0 prev_prio=120 prev_state=R ==> next_comm=rcu_preempt next_pid=15 next_prio=120
     rcu_preempt-15      [002] d..2.   803.226296: sched_switch: prev_comm=rcu_preempt prev_pid=15 prev_prio=120 prev_state=I ==> next_comm=swapper/2 next_pid=0 next_prio=120
          <idle>-0       [002] dNs4.   803.234274: sched_wakeup: comm=rcu_preempt pid=15 prio=120 target_cpu=002
          <idle>-0       [002] d..2.   803.234280: sched_switch: prev_comm=swapper/2 prev_pid=0 prev_prio=120 prev_state=R ==> next_comm=rcu_preempt next_pid=15 next_prio=120
     rcu_preempt-15      [002] d..2.   803.234285: sched_switch: prev_comm=rcu_preempt prev_pid=15 prev_prio=120 prev_state=I ==> next_comm=swapper/2 next_pid=0 next_prio=120
          <idle>-0       [003] dNH2.   803.238277: sched_wakeup: comm=brcmf_wdog/mmc1 pid=507 prio=120 target_cpu=003
          <idle>-0       [003] d..2.   803.238282: sched_switch: prev_comm=swapper/3 prev_pid=0 prev_prio=120 prev_state=R ==> next_comm=brcmf_wdog/mmc1 next_pid=507 next_prio=120
 brcmf_wdog/mmc1-507     [003] d..2.   803.238286: sched_switch: prev_comm=brcmf_wdog/mmc1 prev_pid=507 prev_prio=120 prev_state=S ==> next_comm=swapper/3 next_pid=0 next_prio=120
          <idle>-0       [002] dNh2.   803.242275: sched_wakeup: comm=rcu_preempt pid=15 prio=120 target_cpu=002
          <idle>-0       [002] d..2.   803.242278: sched_switch: prev_comm=swapper/2 prev_pid=0 prev_prio=120 prev_state=R ==> next_comm=rcu_preempt next_pid=15 next_prio=120
     rcu_preempt-15      [002] d..2.   803.242281: sched_switch: prev_comm=rcu_preempt prev_pid=15 prev_prio=120 prev_state=I ==> next_comm=swapper/2 next_pid=0 next_prio=120
          <idle>-0       [002] dNs4.   803.250273: sched_wakeup: comm=rcu_preempt pid=15 prio=120 target_cpu=002
          <idle>-0       [002] d..2.   803.250278: sched_switch: prev_comm=swapper/2 prev_pid=0 prev_prio=120 prev_state=R ==> next_comm=rcu_preempt next_pid=15 next_prio=120
     rcu_preempt-15      [002] d..2.   803.250281: sched_switch: prev_comm=rcu_preempt prev_pid=15 prev_prio=120 prev_state=I ==> next_comm=swapper/2 next_pid=0 next_prio=120
          <idle>-0       [003] dNh2.   803.254274: sched_wakeup: comm=brcmf_wdog/mmc1 pid=507 prio=120 target_cpu=003
          <idle>-0       [003] d..2.   803.254276: sched_switch: prev_comm=swapper/3 prev_pid=0 prev_prio=120 prev_state=R ==> next_comm=brcmf_wdog/mmc1 next_pid=507 next_prio=120
 brcmf_wdog/mmc1-507     [003] d..2.   803.254285: sched_switch: prev_comm=brcmf_wdog/mmc1 prev_pid=507 prev_prio=120 prev_state=D ==> next_comm=swapper/3 next_pid=0 next_prio=120
          <idle>-0       [003] dNh2.   803.254291: sched_wakeup: comm=brcmf_wdog/mmc1 pid=507 prio=120 target_cpu=003
          <idle>-0       [003] d..2.   803.254293: sched_switch: prev_comm=swapper/3 prev_pid=0 prev_prio=120 prev_state=R ==> next_comm=brcmf_wdog/mmc1 next_pid=507 next_prio=120
 brcmf_wdog/mmc1-507     [003] d..2.   803.254299: sched_switch: prev_comm=brcmf_wdog/mmc1 prev_pid=507 prev_prio=120 prev_state=D ==> next_comm=swapper/3 next_pid=0 next_prio=120
          <idle>-0       [003] dNh2.   803.254305: sched_wakeup: comm=brcmf_wdog/mmc1 pid=507 prio=120 target_cpu=003
          <idle>-0       [003] d..2.   803.254307: sched_switch: prev_comm=swapper/3 prev_pid=0 prev_prio=120 prev_state=R ==> next_comm=brcmf_wdog/mmc1 next_pid=507 next_prio=120
 brcmf_wdog/mmc1-507     [003] d..2.   803.254313: sched_switch: prev_comm=brcmf_wdog/mmc1 prev_pid=507 prev_prio=120 prev_state=D ==> next_comm=swapper/3 next_pid=0 next_prio=120
          <idle>-0       [003] dNh2.   803.254318: sched_wakeup: comm=brcmf_wdog/mmc1 pid=507 prio=120 target_cpu=003
          <idle>-0       [003] d..2.   803.254320: sched_switch: prev_comm=swapper/3 prev_pid=0 prev_prio=120 prev_state=R ==> next_comm=brcmf_wdog/mmc1 next_pid=507 next_prio=120
 brcmf_wdog/mmc1-507     [003] d..2.   803.254323: sched_switch: prev_comm=brcmf_wdog/mmc1 prev_pid=507 prev_prio=120 prev_state=S ==> next_comm=swapper/3 next_pid=0 next_prio=120
          <idle>-0       [001] dNs5.   803.274276: sched_wakeup: comm=kworker/1:1 pid=48 prio=120 target_cpu=001
          <idle>-0       [001] d..2.   803.274281: sched_switch: prev_comm=swapper/1 prev_pid=0 prev_prio=120 prev_state=R ==> next_comm=kworker/1:1 next_pid=48 next_prio=120
     kworker/1:1-48      [001] d..2.   803.274292: sched_switch: prev_comm=kworker/1:1 prev_pid=48 prev_prio=120 prev_state=I ==> next_comm=swapper/1 next_pid=0 next_prio=120
          <idle>-0       [000] DNs8.   803.398286: sched_wakeup: comm=kworker/u9:1 pid=513 prio=100 target_cpu=000
          <idle>-0       [000] d..2.   803.398294: sched_switch: prev_comm=swapper/0 prev_pid=0 prev_prio=120 prev_state=R ==> next_comm=kworker/u9:1 next_pid=513 next_prio=100
    kworker/u9:1-513     [000] d..2.   803.398302: sched_switch: prev_comm=kworker/u9:1 prev_pid=513 prev_prio=100 prev_state=D ==> next_comm=swapper/0 next_pid=0 next_prio=120
          <idle>-0       [000] dNs5.   803.398307: sched_wakeup: comm=kworker/u9:1 pid=513 prio=100 target_cpu=000
          <idle>-0       [000] d..2.   803.398308: sched_switch: prev_comm=swapper/0 prev_pid=0 prev_prio=120 prev_state=R ==> next_comm=kworker/u9:1 next_pid=513 next_prio=100
    kworker/u9:1-513     [000] d..2.   803.398312: sched_switch: prev_comm=kworker/u9:1 prev_pid=513 prev_prio=100 prev_state=D ==> next_comm=swapper/0 next_pid=0 next_prio=120
          <idle>-0       [000] dNh4.   803.401312: sched_wakeup: comm=kworker/u9:1 pid=513 prio=100 target_cpu=000
          <idle>-0       [000] d..2.   803.401315: sched_switch: prev_comm=swapper/0 prev_pid=0 prev_prio=120 prev_state=R ==> next_comm=kworker/u9:1 next_pid=513 next_prio=100
    kworker/u9:1-513     [000] d..2.   803.401321: sched_switch: prev_comm=kworker/u9:1 prev_pid=513 prev_prio=100 prev_state=D ==> next_comm=swapper/0 next_pid=0 next_prio=120
          <idle>-0       [000] dNs5.   803.401325: sched_wakeup: comm=kworker/u9:1 pid=513 prio=100 target_cpu=000
          <idle>-0       [000] d..2.   803.401327: sched_switch: prev_comm=swapper/0 prev_pid=0 prev_prio=120 prev_state=R ==> next_comm=kworker/u9:1 next_pid=513 next_prio=100
    kworker/u9:1-513     [000] d..2.   803.401342: sched_switch: prev_comm=kworker/u9:1 prev_pid=513 prev_prio=100 prev_state=D ==> next_comm=swapper/0 next_pid=0 next_prio=120
          <idle>-0       [000] dNs5.   803.401366: sched_wakeup: comm=kworker/u9:1 pid=513 prio=100 target_cpu=000
          <idle>-0       [000] d..2.   803.401368: sched_switch: prev_comm=swapper/0 prev_pid=0 prev_prio=120 prev_state=R ==> next_comm=kworker/u9:1 next_pid=513 next_prio=100
    kworker/u9:1-513     [000] d..2.   803.401373: sched_switch: prev_comm=kworker/u9:1 prev_pid=513 prev_prio=100 prev_state=I ==> next_comm=swapper/0 next_pid=0 next_prio=120
          <idle>-0       [003] dNh2.   803.414276: sched_wakeup: comm=brcmf_wdog/mmc1 pid=507 prio=120 target_cpu=003
          <idle>-0       [003] d..2.   803.414279: sched_switch: prev_comm=swapper/3 prev_pid=0 prev_prio=120 prev_state=R ==> next_comm=brcmf_wdog/mmc1 next_pid=507 next_prio=120
 brcmf_wdog/mmc1-507     [003] d..2.   803.414281: sched_switch: prev_comm=brcmf_wdog/mmc1 prev_pid=507 prev_prio=120 prev_state=S ==> next_comm=swapper/3 next_pid=0 next_prio=120
          <idle>-0       [001] dNh4.   803.427346: sched_wakeup: comm=thd pid=553 prio=120 target_cpu=001
          <idle>-0       [001] d..2.   803.427349: sched_switch: prev_comm=swapper/1 prev_pid=0 prev_prio=120 prev_state=R ==> next_comm=thd next_pid=553 next_prio=120
             thd-553     [001] d..2.   803.427375: sched_switch: prev_comm=thd prev_pid=553 prev_prio=120 prev_state=S ==> next_comm=swapper/1 next_pid=0 next_prio=120
          <idle>-0       [003] dNh2.   803.430275: sched_wakeup: comm=brcmf_wdog/mmc1 pid=507 prio=120 target_cpu=003
          <idle>-0       [003] d..2.   803.430277: sched_switch: prev_comm=swapper/3 prev_pid=0 prev_prio=120 prev_state=R ==> next_comm=brcmf_wdog/mmc1 next_pid=507 next_prio=120
 brcmf_wdog/mmc1-507     [003] d..2.   803.430284: sched_switch: prev_comm=brcmf_wdog/mmc1 prev_pid=507 prev_prio=120 prev_state=D ==> next_comm=swapper/3 next_pid=0 next_prio=120
          <idle>-0       [003] dNh2.   803.430290: sched_wakeup: comm=brcmf_wdog/mmc1 pid=507 prio=120 target_cpu=003
          <idle>-0       [003] d..2.   803.430293: sched_switch: prev_comm=swapper/3 prev_pid=0 prev_prio=120 prev_state=R ==> next_comm=brcmf_wdog/mmc1 next_pid=507 next_prio=120
 brcmf_wdog/mmc1-507     [003] d..2.   803.430298: sched_switch: prev_comm=brcmf_wdog/mmc1 prev_pid=507 prev_prio=120 prev_state=D ==> next_comm=swapper/3 next_pid=0 next_prio=120
          <idle>-0       [003] dNh2.   803.430304: sched_wakeup: comm=brcmf_wdog/mmc1 pid=507 prio=120 target_cpu=003
          <idle>-0       [003] d..2.   803.430306: sched_switch: prev_comm=swapper/3 prev_pid=0 prev_prio=120 prev_state=R ==> next_comm=brcmf_wdog/mmc1 next_pid=507 next_prio=120
 brcmf_wdog/mmc1-507     [003] d..2.   803.430311: sched_switch: prev_comm=brcmf_wdog/mmc1 prev_pid=507 prev_prio=120 prev_state=D ==> next_comm=swapper/3 next_pid=0 next_prio=120
          <idle>-0       [003] dNh2.   803.430316: sched_wakeup: comm=brcmf_wdog/mmc1 pid=507 prio=120 target_cpu=003
          <idle>-0       [003] d..2.   803.430319: sched_switch: prev_comm=swapper/3 prev_pid=0 prev_prio=120 prev_state=R ==> next_comm=brcmf_wdog/mmc1 next_pid=507 next_prio=120
 brcmf_wdog/mmc1-507     [003] d..2.   803.430321: sched_switch: prev_comm=brcmf_wdog/mmc1 prev_pid=507 prev_prio=120 prev_state=S ==> next_comm=swapper/3 next_pid=0 next_prio=120
          <idle>-0       [002] dNs4.   803.434276: sched_wakeup: comm=kcompactd0 pid=42 prio=120 target_cpu=002
          <idle>-0       [002] d..2.   803.434281: sched_switch: prev_comm=swapper/2 prev_pid=0 prev_prio=120 prev_state=R ==> next_comm=kcompactd0 next_pid=42 next_prio=120
      kcompactd0-42      [002] d..2.   803.434289: sched_switch: prev_comm=kcompactd0 prev_pid=42 prev_prio=120 prev_state=S ==> next_comm=swapper/2 next_pid=0 next_prio=120
          <idle>-0       [003] dNh4.   803.473404: sched_wakeup: comm=nmbd pid=758 prio=120 target_cpu=003
          <idle>-0       [003] d..2.   803.473408: sched_switch: prev_comm=swapper/3 prev_pid=0 prev_prio=120 prev_state=R ==> next_comm=nmbd next_pid=758 next_prio=120
            nmbd-758     [003] d..2.   803.473520: sched_switch: prev_comm=nmbd prev_pid=758 prev_prio=120 prev_state=S ==> next_comm=swapper/3 next_pid=0 next_prio=120
          <idle>-0       [002] dNh2.   803.474281: sched_wakeup: comm=kworker/u8:1 pid=942 prio=120 target_cpu=002
          <idle>-0       [002] d..2.   803.474283: sched_switch: prev_comm=swapper/2 prev_pid=0 prev_prio=120 prev_state=R ==> next_comm=kworker/u8:1 next_pid=942 next_prio=120
    kworker/u8:1-942     [002] d.h1.   803.474286: sched_wakeup: comm=rcu_preempt pid=15 prio=120 target_cpu=002
    kworker/u8:1-942     [002] d..2.   803.474302: sched_switch: prev_comm=kworker/u8:1 prev_pid=942 prev_prio=120 prev_state=I ==> next_comm=rcu_preempt next_pid=15 next_prio=120
     rcu_preempt-15      [002] d..2.   803.474307: sched_switch: prev_comm=rcu_preempt prev_pid=15 prev_prio=120 prev_state=I ==> next_comm=swapper/2 next_pid=0 next_prio=120
          <idle>-0       [002] dNs4.   803.482277: sched_wakeup: comm=rcu_preempt pid=15 prio=120 target_cpu=002
          <idle>-0       [002] d..2.   803.482281: sched_switch: prev_comm=swapper/2 prev_pid=0 prev_prio=120 prev_state=R ==> next_comm=rcu_preempt next_pid=15 next_prio=120
     rcu_preempt-15      [002] d..2.   803.482285: sched_switch: prev_comm=rcu_preempt prev_pid=15 prev_prio=120 prev_state=I ==> next_comm=swapper/2 next_pid=0 next_prio=120
          <idle>-0       [000] dNh6.   803.488735: sched_wakeup: comm=kworker/0:2 pid=940 prio=120 target_cpu=000
          <idle>-0       [000] d..2.   803.488738: sched_switch: prev_comm=swapper/0 prev_pid=0 prev_prio=120 prev_state=R ==> next_comm=kworker/0:2 next_pid=940 next_prio=120
     kworker/0:2-940     [000] d..2.   803.488747: sched_switch: prev_comm=kworker/0:2 prev_pid=940 prev_prio=120 prev_state=D ==> next_comm=swapper/0 next_pid=0 next_prio=120
          <idle>-0       [000] dNs5.   803.488752: sched_wakeup: comm=kworker/0:2 pid=940 prio=120 target_cpu=000
          <idle>-0       [000] d..2.   803.488753: sched_switch: prev_comm=swapper/0 prev_pid=0 prev_prio=120 prev_state=R ==> next_comm=kworker/0:2 next_pid=940 next_prio=120
     kworker/0:2-940     [000] d..2.   803.488765: sched_switch: prev_comm=kworker/0:2 prev_pid=940 prev_prio=120 prev_state=D ==> next_comm=swapper/0 next_pid=0 next_prio=120
          <idle>-0       [000] dNs5.   803.488772: sched_wakeup: comm=kworker/0:2 pid=940 prio=120 target_cpu=000
          <idle>-0       [000] d..2.   803.488774: sched_switch: prev_comm=swapper/0 prev_pid=0 prev_prio=120 prev_state=R ==> next_comm=kworker/0:2 next_pid=940 next_prio=120
     kworker/0:2-940     [000] d..2.   803.488785: sched_switch: prev_comm=kworker/0:2 prev_pid=940 prev_prio=120 prev_state=D ==> next_comm=swapper/0 next_pid=0 next_prio=120
          <idle>-0       [000] dNs5.   803.488794: sched_wakeup: comm=kworker/0:2 pid=940 prio=120 target_cpu=000
          <idle>-0       [000] d..2.   803.488797: sched_switch: prev_comm=swapper/0 prev_pid=0 prev_prio=120 prev_state=R ==> next_comm=kworker/0:2 next_pid=940 next_prio=120
     kworker/0:2-940     [000] dN.4.   803.488800: sched_wakeup: comm=kworker/u9:1 pid=513 prio=100 target_cpu=000
     kworker/0:2-940     [000] d..2.   803.488804: sched_switch: prev_comm=kworker/0:2 prev_pid=940 prev_prio=120 prev_state=R+ ==> next_comm=kworker/u9:1 next_pid=513 next_prio=100
    kworker/u9:1-513     [000] d..2.   803.488807: sched_switch: prev_comm=kworker/u9:1 prev_pid=513 prev_prio=100 prev_state=D ==> next_comm=kworker/0:2 next_pid=940 next_prio=120
     kworker/0:2-940     [000] dN.4.   803.488809: sched_wakeup: comm=kworker/u9:1 pid=513 prio=100 target_cpu=000
     kworker/0:2-940     [000] d..2.   803.488811: sched_switch: prev_comm=kworker/0:2 prev_pid=940 prev_prio=120 prev_state=R+ ==> next_comm=kworker/u9:1 next_pid=513 next_prio=100
    kworker/u9:1-513     [000] d..2.   803.488816: sched_switch: prev_comm=kworker/u9:1 prev_pid=513 prev_prio=100 prev_state=D ==> next_comm=kworker/0:2 next_pid=940 next_prio=120
     kworker/0:2-940     [000] dNs5.   803.488821: sched_wakeup: comm=kworker/u9:1 pid=513 prio=100 target_cpu=000
     kworker/0:2-940     [000] d..2.   803.488823: sched_switch: prev_comm=kworker/0:2 prev_pid=940 prev_prio=120 prev_state=R+ ==> next_comm=kworker/u9:1 next_pid=513 next_prio=100
    kworker/u9:1-513     [000] d..2.   803.488826: sched_switch: prev_comm=kworker/u9:1 prev_pid=513 prev_prio=100 prev_state=D ==> next_comm=kworker/0:2 next_pid=940 next_prio=120
     kworker/0:2-940     [000] d..2.   803.488830: sched_switch: prev_comm=kworker/0:2 prev_pid=940 prev_prio=120 prev_state=I ==> next_comm=swapper/0 next_pid=0 next_prio=120
          <idle>-0       [000] dNh4.   803.491828: sched_wakeup: comm=kworker/u9:1 pid=513 prio=100 target_cpu=000
          <idle>-0       [000] d..2.   803.491831: sched_switch: prev_comm=swapper/0 prev_pid=0 prev_prio=120 prev_state=R ==> next_comm=kworker/u9:1 next_pid=513 next_prio=100
    kworker/u9:1-513     [000] d..2.   803.491836: sched_switch: prev_comm=kworker/u9:1 prev_pid=513 prev_prio=100 prev_state=D ==> next_comm=swapper/0 next_pid=0 next_prio=120
          <idle>-0       [000] dNs5.   803.491841: sched_wakeup: comm=kworker/u9:1 pid=513 prio=100 target_cpu=000
          <idle>-0       [000] d..2.   803.491842: sched_switch: prev_comm=swapper/0 prev_pid=0 prev_prio=120 prev_state=R ==> next_comm=kworker/u9:1 next_pid=513 next_prio=100
    kworker/u9:1-513     [000] d..2.   803.491859: sched_switch: prev_comm=kworker/u9:1 prev_pid=513 prev_prio=100 prev_state=D ==> next_comm=swapper/0 next_pid=0 next_prio=120
          <idle>-0       [000] dNs5.   803.491868: sched_wakeup: comm=kworker/u9:1 pid=513 prio=100 target_cpu=000
          <idle>-0       [000] d..2.   803.491870: sched_switch: prev_comm=swapper/0 prev_pid=0 prev_prio=120 prev_state=R ==> next_comm=kworker/u9:1 next_pid=513 next_prio=100
    kworker/u9:1-513     [000] d..2.   803.491884: sched_switch: prev_comm=kworker/u9:1 prev_pid=513 prev_prio=100 prev_state=D ==> next_comm=swapper/0 next_pid=0 next_prio=120
          <idle>-0       [000] dNs5.   803.491891: sched_wakeup: comm=kworker/u9:1 pid=513 prio=100 target_cpu=000
          <idle>-0       [000] d..2.   803.491893: sched_switch: prev_comm=swapper/0 prev_pid=0 prev_prio=120 prev_state=R ==> next_comm=kworker/u9:1 next_pid=513 next_prio=100
    kworker/u9:1-513     [000] d..2.   803.491949: sched_switch: prev_comm=kworker/u9:1 prev_pid=513 prev_prio=100 prev_state=D ==> next_comm=swapper/0 next_pid=0 next_prio=120
          <idle>-0       [000] dNs5.   803.491960: sched_wakeup: comm=kworker/u9:1 pid=513 prio=100 target_cpu=000
          <idle>-0       [000] d..2.   803.491962: sched_switch: prev_comm=swapper/0 prev_pid=0 prev_prio=120 prev_state=R ==> next_comm=kworker/u9:1 next_pid=513 next_prio=100
    kworker/u9:1-513     [000] d..2.   803.491966: sched_switch: prev_comm=kworker/u9:1 prev_pid=513 prev_prio=100 prev_state=I ==> next_comm=swapper/0 next_pid=0 next_prio=120
          <idle>-0       [003] dNh2.   803.506279: sched_wakeup: comm=brcmf_wdog/mmc1 pid=507 prio=120 target_cpu=003
          <idle>-0       [003] d..2.   803.506282: sched_switch: prev_comm=swapper/3 prev_pid=0 prev_prio=120 prev_state=R ==> next_comm=brcmf_wdog/mmc1 next_pid=507 next_prio=120
 brcmf_wdog/mmc1-507     [003] d..2.   803.506286: sched_switch: prev_comm=brcmf_wdog/mmc1 prev_pid=507 prev_prio=120 prev_state=S ==> next_comm=swapper/3 next_pid=0 next_prio=120
          <idle>-0       [003] dNh2.   803.522277: sched_wakeup: comm=brcmf_wdog/mmc1 pid=507 prio=120 target_cpu=003
          <idle>-0       [003] d..2.   803.522279: sched_switch: prev_comm=swapper/3 prev_pid=0 prev_prio=120 prev_state=R ==> next_comm=brcmf_wdog/mmc1 next_pid=507 next_prio=120
 brcmf_wdog/mmc1-507     [003] d..2.   803.522287: sched_switch: prev_comm=brcmf_wdog/mmc1 prev_pid=507 prev_prio=120 prev_state=D ==> next_comm=swapper/3 next_pid=0 next_prio=120
          <idle>-0       [003] dNh2.   803.522293: sched_wakeup: comm=brcmf_wdog/mmc1 pid=507 prio=120 target_cpu=003
          <idle>-0       [003] d..2.   803.522296: sched_switch: prev_comm=swapper/3 prev_pid=0 prev_prio=120 prev_state=R ==> next_comm=brcmf_wdog/mmc1 next_pid=507 next_prio=120
 brcmf_wdog/mmc1-507     [003] d..2.   803.522301: sched_switch: prev_comm=brcmf_wdog/mmc1 prev_pid=507 prev_prio=120 prev_state=D ==> next_comm=swapper/3 next_pid=0 next_prio=120
          <idle>-0       [003] dNh2.   803.522307: sched_wakeup: comm=brcmf_wdog/mmc1 pid=507 prio=120 target_cpu=003
          <idle>-0       [003] d..2.   803.522309: sched_switch: prev_comm=swapper/3 prev_pid=0 prev_prio=120 prev_state=R ==> next_comm=brcmf_wdog/mmc1 next_pid=507 next_prio=120
 brcmf_wdog/mmc1-507     [003] d..2.   803.522314: sched_switch: prev_comm=brcmf_wdog/mmc1 prev_pid=507 prev_prio=120 prev_state=D ==> next_comm=swapper/3 next_pid=0 next_prio=120
          <idle>-0       [003] dNh2.   803.522320: sched_wakeup: comm=brcmf_wdog/mmc1 pid=507 prio=120 target_cpu=003
          <idle>-0       [003] d..2.   803.522322: sched_switch: prev_comm=swapper/3 prev_pid=0 prev_prio=120 prev_state=R ==> next_comm=brcmf_wdog/mmc1 next_pid=507 next_prio=120
 brcmf_wdog/mmc1-507     [003] d..2.   803.522325: sched_switch: prev_comm=brcmf_wdog/mmc1 prev_pid=507 prev_prio=120 prev_state=S ==> next_comm=swapper/3 next_pid=0 next_prio=120
          <idle>-0       [000] dNs5.   803.530277: sched_wakeup: comm=kworker/0:2 pid=940 prio=120 target_cpu=000
          <idle>-0       [000] d..2.   803.530282: sched_switch: prev_comm=swapper/0 prev_pid=0 prev_prio=120 prev_state=R ==> next_comm=kworker/0:2 next_pid=940 next_prio=120
     kworker/0:2-940     [000] d..2.   803.530296: sched_switch: prev_comm=kworker/0:2 prev_pid=940 prev_prio=120 prev_state=D ==> next_comm=swapper/0 next_pid=0 next_prio=120
          <idle>-0       [000] dNh5.   803.530303: sched_wakeup: comm=kworker/0:2 pid=940 prio=120 target_cpu=000
          <idle>-0       [000] d..2.   803.530305: sched_switch: prev_comm=swapper/0 prev_pid=0 prev_prio=120 prev_state=R ==> next_comm=kworker/0:2 next_pid=940 next_prio=120
     kworker/0:2-940     [000] d..2.   803.530309: sched_switch: prev_comm=kworker/0:2 prev_pid=940 prev_prio=120 prev_state=I ==> next_comm=swapper/0 next_pid=0 next_prio=120
          <idle>-0       [001] dNs5.   803.658281: sched_wakeup: comm=kworker/1:1 pid=48 prio=120 target_cpu=001
          <idle>-0       [001] d..2.   803.658290: sched_switch: prev_comm=swapper/1 prev_pid=0 prev_prio=120 prev_state=R ==> next_comm=kworker/1:1 next_pid=48 next_prio=120
     kworker/1:1-48      [001] d..2.   803.658298: sched_switch: prev_comm=kworker/1:1 prev_pid=48 prev_prio=120 prev_state=D ==> next_comm=swapper/1 next_pid=0 next_prio=120
          <idle>-0       [001] dNh2.   803.658306: sched_wakeup: comm=kworker/1:1 pid=48 prio=120 target_cpu=001
          <idle>-0       [001] d..2.   803.658309: sched_switch: prev_comm=swapper/1 prev_pid=0 prev_prio=120 prev_state=R ==> next_comm=kworker/1:1 next_pid=48 next_prio=120
     kworker/1:1-48      [001] d..2.   803.658314: sched_switch: prev_comm=kworker/1:1 prev_pid=48 prev_prio=120 prev_state=D ==> next_comm=swapper/1 next_pid=0 next_prio=120
          <idle>-0       [001] dNh2.   803.658321: sched_wakeup: comm=kworker/1:1 pid=48 prio=120 target_cpu=001
          <idle>-0       [001] d..2.   803.658324: sched_switch: prev_comm=swapper/1 prev_pid=0 prev_prio=120 prev_state=R ==> next_comm=kworker/1:1 next_pid=48 next_prio=120
     kworker/1:1-48      [001] d..2.   803.658328: sched_switch: prev_comm=kworker/1:1 prev_pid=48 prev_prio=120 prev_state=D ==> next_comm=swapper/1 next_pid=0 next_prio=120
          <idle>-0       [001] dNh2.   803.658335: sched_wakeup: comm=kworker/1:1 pid=48 prio=120 target_cpu=001
          <idle>-0       [001] d..2.   803.658338: sched_switch: prev_comm=swapper/1 prev_pid=0 prev_prio=120 prev_state=R ==> next_comm=kworker/1:1 next_pid=48 next_prio=120
     kworker/1:1-48      [001] d..2.   803.658342: sched_switch: prev_comm=kworker/1:1 prev_pid=48 prev_prio=120 prev_state=D ==> next_comm=swapper/1 next_pid=0 next_prio=120
          <idle>-0       [001] dNh2.   803.658350: sched_wakeup: comm=kworker/1:1 pid=48 prio=120 target_cpu=001
          <idle>-0       [001] d..2.   803.658352: sched_switch: prev_comm=swapper/1 prev_pid=0 prev_prio=120 prev_state=R ==> next_comm=kworker/1:1 next_pid=48 next_prio=120
     kworker/1:1-48      [001] d..2.   803.658357: sched_switch: prev_comm=kworker/1:1 prev_pid=48 prev_prio=120 prev_state=D ==> next_comm=swapper/1 next_pid=0 next_prio=120
          <idle>-0       [001] dNh2.   803.658364: sched_wakeup: comm=kworker/1:1 pid=48 prio=120 target_cpu=001
          <idle>-0       [001] d..2.   803.658366: sched_switch: prev_comm=swapper/1 prev_pid=0 prev_prio=120 prev_state=R ==> next_comm=kworker/1:1 next_pid=48 next_prio=120
     kworker/1:1-48      [001] d..2.   803.658371: sched_switch: prev_comm=kworker/1:1 prev_pid=48 prev_prio=120 prev_state=I ==> next_comm=swapper/1 next_pid=0 next_prio=120
          <idle>-0       [002] dNs4.   803.946282: sched_wakeup: comm=kcompactd0 pid=42 prio=120 target_cpu=002
          <idle>-0       [002] d..2.   803.946287: sched_switch: prev_comm=swapper/2 prev_pid=0 prev_prio=120 prev_state=R ==> next_comm=kcompactd0 next_pid=42 next_prio=120
      kcompactd0-42      [002] d..2.   803.946290: sched_switch: prev_comm=kcompactd0 prev_pid=42 prev_prio=120 prev_state=S ==> next_comm=swapper/2 next_pid=0 next_prio=120
          <idle>-0       [002] dNh4.   804.021169: sched_wakeup: comm=NetworkManager pid=600 prio=120 target_cpu=002
          <idle>-0       [002] d..2.   804.021172: sched_switch: prev_comm=swapper/2 prev_pid=0 prev_prio=120 prev_state=R ==> next_comm=NetworkManager next_pid=600 next_prio=120
          <idle>-0       [000] dNh2.   804.021301: sched_wakeup: comm=kworker/u9:1 pid=513 prio=100 target_cpu=000
  NetworkManager-600     [002] d..2.   804.021304: sched_switch: prev_comm=NetworkManager prev_pid=600 prev_prio=120 prev_state=S ==> next_comm=swapper/2 next_pid=0 next_prio=120
          <idle>-0       [000] d..2.   804.021304: sched_switch: prev_comm=swapper/0 prev_pid=0 prev_prio=120 prev_state=R ==> next_comm=kworker/u9:1 next_pid=513 next_prio=100
    kworker/u9:1-513     [000] d..2.   804.021312: sched_switch: prev_comm=kworker/u9:1 prev_pid=513 prev_prio=100 prev_state=D ==> next_comm=swapper/0 next_pid=0 next_prio=120
          <idle>-0       [000] dNs5.   804.021318: sched_wakeup: comm=kworker/u9:1 pid=513 prio=100 target_cpu=000
          <idle>-0       [000] d..2.   804.021320: sched_switch: prev_comm=swapper/0 prev_pid=0 prev_prio=120 prev_state=R ==> next_comm=kworker/u9:1 next_pid=513 next_prio=100
    kworker/u9:1-513     [000] d..2.   804.021323: sched_switch: prev_comm=kworker/u9:1 prev_pid=513 prev_prio=100 prev_state=D ==> next_comm=swapper/0 next_pid=0 next_prio=120
          <idle>-0       [000] dNh4.   804.024324: sched_wakeup: comm=kworker/u9:1 pid=513 prio=100 target_cpu=000
          <idle>-0       [000] d..2.   804.024327: sched_switch: prev_comm=swapper/0 prev_pid=0 prev_prio=120 prev_state=R ==> next_comm=kworker/u9:1 next_pid=513 next_prio=100
    kworker/u9:1-513     [000] d..2.   804.024333: sched_switch: prev_comm=kworker/u9:1 prev_pid=513 prev_prio=100 prev_state=D ==> next_comm=swapper/0 next_pid=0 next_prio=120
          <idle>-0       [000] dNs5.   804.024338: sched_wakeup: comm=kworker/u9:1 pid=513 prio=100 target_cpu=000
          <idle>-0       [000] d..2.   804.024339: sched_switch: prev_comm=swapper/0 prev_pid=0 prev_prio=120 prev_state=R ==> next_comm=kworker/u9:1 next_pid=513 next_prio=100
    kworker/u9:1-513     [000] d..2.   804.024356: sched_switch: prev_comm=kworker/u9:1 prev_pid=513 prev_prio=100 prev_state=D ==> next_comm=swapper/0 next_pid=0 next_prio=120
          <idle>-0       [000] dNs5.   804.024423: sched_wakeup: comm=kworker/u9:1 pid=513 prio=100 target_cpu=000
          <idle>-0       [000] d..2.   804.024426: sched_switch: prev_comm=swapper/0 prev_pid=0 prev_prio=120 prev_state=R ==> next_comm=kworker/u9:1 next_pid=513 next_prio=100
    kworker/u9:1-513     [000] d..2.   804.024431: sched_switch: prev_comm=kworker/u9:1 prev_pid=513 prev_prio=100 prev_state=I ==> next_comm=swapper/0 next_pid=0 next_prio=120
          <idle>-0       [002] dNh2.   804.024432: sched_wakeup: comm=NetworkManager pid=600 prio=120 target_cpu=002
          <idle>-0       [002] d..2.   804.024436: sched_switch: prev_comm=swapper/2 prev_pid=0 prev_prio=120 prev_state=R ==> next_comm=NetworkManager next_pid=600 next_prio=120
  NetworkManager-600     [002] d..2.   804.024441: sched_switch: prev_comm=NetworkManager prev_pid=600 prev_prio=120 prev_state=S ==> next_comm=swapper/2 next_pid=0 next_prio=120
          <idle>-0       [000] dNh6.   804.024457: sched_wakeup: comm=kworker/0:2 pid=940 prio=120 target_cpu=000
          <idle>-0       [000] d..2.   804.024460: sched_switch: prev_comm=swapper/0 prev_pid=0 prev_prio=120 prev_state=R ==> next_comm=kworker/0:2 next_pid=940 next_prio=120
     kworker/0:2-940     [000] d..2.   804.024467: sched_switch: prev_comm=kworker/0:2 prev_pid=940 prev_prio=120 prev_state=D ==> next_comm=swapper/0 next_pid=0 next_prio=120
          <idle>-0       [000] dNs5.   804.024472: sched_wakeup: comm=kworker/0:2 pid=940 prio=120 target_cpu=000
          <idle>-0       [000] d..2.   804.024474: sched_switch: prev_comm=swapper/0 prev_pid=0 prev_prio=120 prev_state=R ==> next_comm=kworker/0:2 next_pid=940 next_prio=120
     kworker/0:2-940     [000] d..2.   804.024486: sched_switch: prev_comm=kworker/0:2 prev_pid=940 prev_prio=120 prev_state=D ==> next_comm=swapper/0 next_pid=0 next_prio=120
          <idle>-0       [000] dNs5.   804.024492: sched_wakeup: comm=kworker/0:2 pid=940 prio=120 target_cpu=000
          <idle>-0       [000] d..2.   804.024493: sched_switch: prev_comm=swapper/0 prev_pid=0 prev_prio=120 prev_state=R ==> next_comm=kworker/0:2 next_pid=940 next_prio=120
     kworker/0:2-940     [000] d..2.   804.024505: sched_switch: prev_comm=kworker/0:2 prev_pid=940 prev_prio=120 prev_state=D ==> next_comm=swapper/0 next_pid=0 next_prio=120
          <idle>-0       [000] dNs5.   804.024514: sched_wakeup: comm=kworker/0:2 pid=940 prio=120 target_cpu=000
          <idle>-0       [000] d..2.   804.024516: sched_switch: prev_comm=swapper/0 prev_pid=0 prev_prio=120 prev_state=R ==> next_comm=kworker/0:2 next_pid=940 next_prio=120
     kworker/0:2-940     [000] dN.4.   804.024519: sched_wakeup: comm=kworker/u9:1 pid=513 prio=100 target_cpu=000
     kworker/0:2-940     [000] d..2.   804.024523: sched_switch: prev_comm=kworker/0:2 prev_pid=940 prev_prio=120 prev_state=R+ ==> next_comm=kworker/u9:1 next_pid=513 next_prio=100
    kworker/u9:1-513     [000] d..2.   804.024526: sched_switch: prev_comm=kworker/u9:1 prev_pid=513 prev_prio=100 prev_state=D ==> next_comm=kworker/0:2 next_pid=940 next_prio=120
     kworker/0:2-940     [000] dN.4.   804.024528: sched_wakeup: comm=kworker/u9:1 pid=513 prio=100 target_cpu=000
     kworker/0:2-940     [000] d..2.   804.024529: sched_switch: prev_comm=kworker/0:2 prev_pid=940 prev_prio=120 prev_state=R+ ==> next_comm=kworker/u9:1 next_pid=513 next_prio=100
    kworker/u9:1-513     [000] d..2.   804.024543: sched_switch: prev_comm=kworker/u9:1 prev_pid=513 prev_prio=100 prev_state=D ==> next_comm=kworker/0:2 next_pid=940 next_prio=120
     kworker/0:2-940     [000] dNs5.   804.024553: sched_wakeup: comm=kworker/u9:1 pid=513 prio=100 target_cpu=000
     kworker/0:2-940     [000] d..2.   804.024555: sched_switch: prev_comm=kworker/0:2 prev_pid=940 prev_prio=120 prev_state=R+ ==> next_comm=kworker/u9:1 next_pid=513 next_prio=100
    kworker/u9:1-513     [000] d..2.   804.024588: sched_switch: prev_comm=kworker/u9:1 prev_pid=513 prev_prio=100 prev_state=D ==> next_comm=kworker/0:2 next_pid=940 next_prio=120
     kworker/0:2-940     [000] d..2.   804.024595: sched_switch: prev_comm=kworker/0:2 prev_pid=940 prev_prio=120 prev_state=I ==> next_comm=swapper/0 next_pid=0 next_prio=120
          <idle>-0       [000] dNs5.   804.024654: sched_wakeup: comm=kworker/u9:1 pid=513 prio=100 target_cpu=000
          <idle>-0       [000] d..2.   804.024657: sched_switch: prev_comm=swapper/0 prev_pid=0 prev_prio=120 prev_state=R ==> next_comm=kworker/u9:1 next_pid=513 next_prio=100
          <idle>-0       [002] dNh2.   804.024662: sched_wakeup: comm=NetworkManager pid=600 prio=120 target_cpu=002
          <idle>-0       [002] d..2.   804.024665: sched_switch: prev_comm=swapper/2 prev_pid=0 prev_prio=120 prev_state=R ==> next_comm=NetworkManager next_pid=600 next_prio=120
    kworker/u9:1-513     [000] d..2.   804.024673: sched_switch: prev_comm=kworker/u9:1 prev_pid=513 prev_prio=100 prev_state=D ==> next_comm=swapper/0 next_pid=0 next_prio=120
  NetworkManager-600     [002] dN.4.   804.024679: sched_wakeup: comm=kworker/u9:0 pid=79 prio=100 target_cpu=002
  NetworkManager-600     [002] d..2.   804.024681: sched_switch: prev_comm=NetworkManager prev_pid=600 prev_prio=120 prev_state=R+ ==> next_comm=kworker/u9:0 next_pid=79 next_prio=100
          <idle>-0       [000] dNs5.   804.024683: sched_wakeup: comm=kworker/u9:1 pid=513 prio=100 target_cpu=000
    kworker/u9:0-79      [002] d..2.   804.024684: sched_switch: prev_comm=kworker/u9:0 prev_pid=79 prev_prio=100 prev_state=I ==> next_comm=NetworkManager next_pid=600 next_prio=120
          <idle>-0       [000] d..2.   804.024685: sched_switch: prev_comm=swapper/0 prev_pid=0 prev_prio=120 prev_state=R ==> next_comm=kworker/u9:1 next_pid=513 next_prio=100
  NetworkManager-600     [002] d..2.   804.024689: sched_switch: prev_comm=NetworkManager prev_pid=600 prev_prio=120 prev_state=S ==> next_comm=swapper/2 next_pid=0 next_prio=120
    kworker/u9:1-513     [000] d..2.   804.024699: sched_switch: prev_comm=kworker/u9:1 prev_pid=513 prev_prio=100 prev_state=D ==> next_comm=swapper/0 next_pid=0 next_prio=120
          <idle>-0       [000] dNs5.   804.024730: sched_wakeup: comm=kworker/u9:1 pid=513 prio=100 target_cpu=000
          <idle>-0       [000] d..2.   804.024732: sched_switch: prev_comm=swapper/0 prev_pid=0 prev_prio=120 prev_state=R ==> next_comm=kworker/u9:1 next_pid=513 next_prio=100
          <idle>-0       [002] dNh2.   804.024737: sched_wakeup: comm=NetworkManager pid=600 prio=120 target_cpu=002
    kworker/u9:1-513     [000] d..2.   804.024739: sched_switch: prev_comm=kworker/u9:1 prev_pid=513 prev_prio=100 prev_state=I ==> next_comm=swapper/0 next_pid=0 next_prio=120
          <idle>-0       [002] d..2.   804.024740: sched_switch: prev_comm=swapper/2 prev_pid=0 prev_prio=120 prev_state=R ==> next_comm=NetworkManager next_pid=600 next_prio=120
  NetworkManager-600     [002] d..2.   804.024743: sched_switch: prev_comm=NetworkManager prev_pid=600 prev_prio=120 prev_state=S ==> next_comm=swapper/2 next_pid=0 next_prio=120
          <idle>-0       [000] dNh6.   804.025102: sched_wakeup: comm=kworker/0:2 pid=940 prio=120 target_cpu=000
          <idle>-0       [000] d..2.   804.025105: sched_switch: prev_comm=swapper/0 prev_pid=0 prev_prio=120 prev_state=R ==> next_comm=kworker/0:2 next_pid=940 next_prio=120
     kworker/0:2-940     [000] d..2.   804.025112: sched_switch: prev_comm=kworker/0:2 prev_pid=940 prev_prio=120 prev_state=D ==> next_comm=swapper/0 next_pid=0 next_prio=120
          <idle>-0       [000] dNs5.   804.025116: sched_wakeup: comm=kworker/0:2 pid=940 prio=120 target_cpu=000
          <idle>-0       [000] d..2.   804.025118: sched_switch: prev_comm=swapper/0 prev_pid=0 prev_prio=120 prev_state=R ==> next_comm=kworker/0:2 next_pid=940 next_prio=120
     kworker/0:2-940     [000] d..2.   804.025130: sched_switch: prev_comm=kworker/0:2 prev_pid=940 prev_prio=120 prev_state=D ==> next_comm=swapper/0 next_pid=0 next_prio=120
          <idle>-0       [000] dNs5.   804.025136: sched_wakeup: comm=kworker/0:2 pid=940 prio=120 target_cpu=000
          <idle>-0       [000] d..2.   804.025138: sched_switch: prev_comm=swapper/0 prev_pid=0 prev_prio=120 prev_state=R ==> next_comm=kworker/0:2 next_pid=940 next_prio=120
     kworker/0:2-940     [000] d..2.   804.025149: sched_switch: prev_comm=kworker/0:2 prev_pid=940 prev_prio=120 prev_state=D ==> next_comm=swapper/0 next_pid=0 next_prio=120
          <idle>-0       [000] dNs5.   804.025158: sched_wakeup: comm=kworker/0:2 pid=940 prio=120 target_cpu=000
          <idle>-0       [000] d..2.   804.025161: sched_switch: prev_comm=swapper/0 prev_pid=0 prev_prio=120 prev_state=R ==> next_comm=kworker/0:2 next_pid=940 next_prio=120
     kworker/0:2-940     [000] dN.4.   804.025164: sched_wakeup: comm=kworker/u9:1 pid=513 prio=100 target_cpu=000
     kworker/0:2-940     [000] d..2.   804.025168: sched_switch: prev_comm=kworker/0:2 prev_pid=940 prev_prio=120 prev_state=R+ ==> next_comm=kworker/u9:1 next_pid=513 next_prio=100
    kworker/u9:1-513     [000] d..2.   804.025170: sched_switch: prev_comm=kworker/u9:1 prev_pid=513 prev_prio=100 prev_state=D ==> next_comm=kworker/0:2 next_pid=940 next_prio=120
     kworker/0:2-940     [000] dN.4.   804.025172: sched_wakeup: comm=kworker/u9:1 pid=513 prio=100 target_cpu=000
     kworker/0:2-940     [000] d..2.   804.025174: sched_switch: prev_comm=kworker/0:2 prev_pid=940 prev_prio=120 prev_state=R+ ==> next_comm=kworker/u9:1 next_pid=513 next_prio=100
    kworker/u9:1-513     [000] d..2.   804.025188: sched_switch: prev_comm=kworker/u9:1 prev_pid=513 prev_prio=100 prev_state=D ==> next_comm=kworker/0:2 next_pid=940 next_prio=120
     kworker/0:2-940     [000] dNs5.   804.025198: sched_wakeup: comm=kworker/u9:1 pid=513 prio=100 target_cpu=000
     kworker/0:2-940     [000] d..2.   804.025200: sched_switch: prev_comm=kworker/0:2 prev_pid=940 prev_prio=120 prev_state=R+ ==> next_comm=kworker/u9:1 next_pid=513 next_prio=100
    kworker/u9:1-513     [000] d..2.   804.025221: sched_switch: prev_comm=kworker/u9:1 prev_pid=513 prev_prio=100 prev_state=D ==> next_comm=kworker/0:2 next_pid=940 next_prio=120
     kworker/0:2-940     [000] d..2.   804.025228: sched_switch: prev_comm=kworker/0:2 prev_pid=940 prev_prio=120 prev_state=I ==> next_comm=swapper/0 next_pid=0 next_prio=120
          <idle>-0       [000] dNs5.   804.025245: sched_wakeup: comm=kworker/u9:1 pid=513 prio=100 target_cpu=000
          <idle>-0       [000] d..2.   804.025248: sched_switch: prev_comm=swapper/0 prev_pid=0 prev_prio=120 prev_state=R ==> next_comm=kworker/u9:1 next_pid=513 next_prio=100
          <idle>-0       [002] dNh2.   804.025253: sched_wakeup: comm=NetworkManager pid=600 prio=120 target_cpu=002
          <idle>-0       [002] d..2.   804.025256: sched_switch: prev_comm=swapper/2 prev_pid=0 prev_prio=120 prev_state=R ==> next_comm=NetworkManager next_pid=600 next_prio=120
  NetworkManager-600     [002] dN.4.   804.025263: sched_wakeup: comm=kworker/u9:0 pid=79 prio=100 target_cpu=002
  NetworkManager-600     [002] d..2.   804.025265: sched_switch: prev_comm=NetworkManager prev_pid=600 prev_prio=120 prev_state=R+ ==> next_comm=kworker/u9:0 next_pid=79 next_prio=100
    kworker/u9:0-79      [002] d..2.   804.025268: sched_switch: prev_comm=kworker/u9:0 prev_pid=79 prev_prio=100 prev_state=I ==> next_comm=NetworkManager next_pid=600 next_prio=120
    kworker/u9:1-513     [000] d..2.   804.025268: sched_switch: prev_comm=kworker/u9:1 prev_pid=513 prev_prio=100 prev_state=D ==> next_comm=swapper/0 next_pid=0 next_prio=120
  NetworkManager-600     [002] d..2.   804.025273: sched_switch: prev_comm=NetworkManager prev_pid=600 prev_prio=120 prev_state=S ==> next_comm=swapper/2 next_pid=0 next_prio=120
          <idle>-0       [000] dNs5.   804.025277: sched_wakeup: comm=kworker/u9:1 pid=513 prio=100 target_cpu=000
          <idle>-0       [000] d..2.   804.025279: sched_switch: prev_comm=swapper/0 prev_pid=0 prev_prio=120 prev_state=R ==> next_comm=kworker/u9:1 next_pid=513 next_prio=100
    kworker/u9:1-513     [000] d..2.   804.025293: sched_switch: prev_comm=kworker/u9:1 prev_pid=513 prev_prio=100 prev_state=D ==> next_comm=swapper/0 next_pid=0 next_prio=120
          <idle>-0       [000] dNs5.   804.025324: sched_wakeup: comm=kworker/u9:1 pid=513 prio=100 target_cpu=000
          <idle>-0       [000] d..2.   804.025326: sched_switch: prev_comm=swapper/0 prev_pid=0 prev_prio=120 prev_state=R ==> next_comm=kworker/u9:1 next_pid=513 next_prio=100
          <idle>-0       [002] dNh2.   804.025331: sched_wakeup: comm=NetworkManager pid=600 prio=120 target_cpu=002
    kworker/u9:1-513     [000] d..2.   804.025333: sched_switch: prev_comm=kworker/u9:1 prev_pid=513 prev_prio=100 prev_state=I ==> next_comm=swapper/0 next_pid=0 next_prio=120
          <idle>-0       [002] d..2.   804.025334: sched_switch: prev_comm=swapper/2 prev_pid=0 prev_prio=120 prev_state=R ==> next_comm=NetworkManager next_pid=600 next_prio=120
  NetworkManager-600     [002] d..2.   804.025337: sched_switch: prev_comm=NetworkManager prev_pid=600 prev_prio=120 prev_state=S ==> next_comm=swapper/2 next_pid=0 next_prio=120
          <idle>-0       [000] dNh6.   804.025499: sched_wakeup: comm=kworker/0:2 pid=940 prio=120 target_cpu=000
          <idle>-0       [000] d..2.   804.025503: sched_switch: prev_comm=swapper/0 prev_pid=0 prev_prio=120 prev_state=R ==> next_comm=kworker/0:2 next_pid=940 next_prio=120
     kworker/0:2-940     [000] d..2.   804.025509: sched_switch: prev_comm=kworker/0:2 prev_pid=940 prev_prio=120 prev_state=D ==> next_comm=swapper/0 next_pid=0 next_prio=120
          <idle>-0       [000] dNs5.   804.025513: sched_wakeup: comm=kworker/0:2 pid=940 prio=120 target_cpu=000
          <idle>-0       [000] d..2.   804.025515: sched_switch: prev_comm=swapper/0 prev_pid=0 prev_prio=120 prev_state=R ==> next_comm=kworker/0:2 next_pid=940 next_prio=120
     kworker/0:2-940     [000] d..2.   804.025526: sched_switch: prev_comm=kworker/0:2 prev_pid=940 prev_prio=120 prev_state=D ==> next_comm=swapper/0 next_pid=0 next_prio=120
          <idle>-0       [000] dNs5.   804.025532: sched_wakeup: comm=kworker/0:2 pid=940 prio=120 target_cpu=000
